../App/Src/motor.c:85:6:CAN_FilterConfig	48	static
../App/Src/motor.c:104:6:HAL_CAN_RxFifo0MsgPendingCallback	16	static
../App/Src/motor.c:112:6:CAN_SendMessage	16	static
../App/Src/motor.c:126:6:motor_init	8	static
../App/Src/motor.c:138:6:motor_receive	8	static
../App/Src/motor.c:176:6:buffer_append_int32	24	static
../App/Src/motor.c:182:6:buffer_append_int16	24	static
../App/Src/motor.c:187:6:can_set_current	32	static
../App/Src/motor.c:195:6:can_set_pos_spd	72	static
../App/Src/motor.c:208:6:can_set_origin	16	static
../App/Src/motor.c:214:6:can_set_pos	32	static
../App/Src/motor.c:221:6:can_set_vel	32	static
../App/Src/motor.c:229:6:Motor_UpdateMessages	16	static
../App/Src/motor.c:298:6:Motor_CMDUnpack	16	static
../App/Src/motor.c:358:6:Motor_Debug_CMDUnpack	16	static
