Archive member included to satisfy reference by file (symbol)

/home/yuxuan/st/stm32cubeide_1.11.0/plugins/com.st.stm32cube.ide.mcu.externaltools.gnu-tools-for-stm32.10.3-2021.10.linux64_1.0.100.202210260954/tools/bin/../lib/gcc/arm-none-eabi/10.3.1/../../../../arm-none-eabi/lib/thumb/v7e-m+fp/hard/libc_nano.a(lib_a-errno.o)
                              ./Core/Src/syscalls.o (__errno)
/home/yuxuan/st/stm32cubeide_1.11.0/plugins/com.st.stm32cube.ide.mcu.externaltools.gnu-tools-for-stm32.10.3-2021.10.linux64_1.0.100.202210260954/tools/bin/../lib/gcc/arm-none-eabi/10.3.1/../../../../arm-none-eabi/lib/thumb/v7e-m+fp/hard/libc_nano.a(lib_a-exit.o)
                              /home/yuxuan/st/stm32cubeide_1.11.0/plugins/com.st.stm32cube.ide.mcu.externaltools.gnu-tools-for-stm32.10.3-2021.10.linux64_1.0.100.202210260954/tools/bin/../lib/gcc/arm-none-eabi/10.3.1/../../../../arm-none-eabi/lib/thumb/v7e-m+fp/hard/crt0.o (exit)
/home/yuxuan/st/stm32cubeide_1.11.0/plugins/com.st.stm32cube.ide.mcu.externaltools.gnu-tools-for-stm32.10.3-2021.10.linux64_1.0.100.202210260954/tools/bin/../lib/gcc/arm-none-eabi/10.3.1/../../../../arm-none-eabi/lib/thumb/v7e-m+fp/hard/libc_nano.a(lib_a-impure.o)
                              /home/yuxuan/st/stm32cubeide_1.11.0/plugins/com.st.stm32cube.ide.mcu.externaltools.gnu-tools-for-stm32.10.3-2021.10.linux64_1.0.100.202210260954/tools/bin/../lib/gcc/arm-none-eabi/10.3.1/../../../../arm-none-eabi/lib/thumb/v7e-m+fp/hard/libc_nano.a(lib_a-exit.o) (_global_impure_ptr)
/home/yuxuan/st/stm32cubeide_1.11.0/plugins/com.st.stm32cube.ide.mcu.externaltools.gnu-tools-for-stm32.10.3-2021.10.linux64_1.0.100.202210260954/tools/bin/../lib/gcc/arm-none-eabi/10.3.1/../../../../arm-none-eabi/lib/thumb/v7e-m+fp/hard/libc_nano.a(lib_a-init.o)
                              /home/yuxuan/st/stm32cubeide_1.11.0/plugins/com.st.stm32cube.ide.mcu.externaltools.gnu-tools-for-stm32.10.3-2021.10.linux64_1.0.100.202210260954/tools/bin/../lib/gcc/arm-none-eabi/10.3.1/../../../../arm-none-eabi/lib/thumb/v7e-m+fp/hard/crt0.o (__libc_init_array)
/home/yuxuan/st/stm32cubeide_1.11.0/plugins/com.st.stm32cube.ide.mcu.externaltools.gnu-tools-for-stm32.10.3-2021.10.linux64_1.0.100.202210260954/tools/bin/../lib/gcc/arm-none-eabi/10.3.1/../../../../arm-none-eabi/lib/thumb/v7e-m+fp/hard/libc_nano.a(lib_a-memcpy-stub.o)
                              ./App/Src/ringbuffer.o (memcpy)
/home/yuxuan/st/stm32cubeide_1.11.0/plugins/com.st.stm32cube.ide.mcu.externaltools.gnu-tools-for-stm32.10.3-2021.10.linux64_1.0.100.202210260954/tools/bin/../lib/gcc/arm-none-eabi/10.3.1/../../../../arm-none-eabi/lib/thumb/v7e-m+fp/hard/libc_nano.a(lib_a-memset.o)
                              /home/yuxuan/st/stm32cubeide_1.11.0/plugins/com.st.stm32cube.ide.mcu.externaltools.gnu-tools-for-stm32.10.3-2021.10.linux64_1.0.100.202210260954/tools/bin/../lib/gcc/arm-none-eabi/10.3.1/../../../../arm-none-eabi/lib/thumb/v7e-m+fp/hard/crt0.o (memset)
/home/yuxuan/st/stm32cubeide_1.11.0/plugins/com.st.stm32cube.ide.mcu.externaltools.gnu-tools-for-stm32.10.3-2021.10.linux64_1.0.100.202210260954/tools/bin/../lib/gcc/arm-none-eabi/10.3.1/../../../../arm-none-eabi/lib/thumb/v7e-m+fp/hard/libc_nano.a(lib_a-nano-vfprintf_float.o)
                              (_printf_float)
/home/yuxuan/st/stm32cubeide_1.11.0/plugins/com.st.stm32cube.ide.mcu.externaltools.gnu-tools-for-stm32.10.3-2021.10.linux64_1.0.100.202210260954/tools/bin/../lib/gcc/arm-none-eabi/10.3.1/../../../../arm-none-eabi/lib/thumb/v7e-m+fp/hard/libc_nano.a(lib_a-nano-vfprintf_i.o)
                              /home/yuxuan/st/stm32cubeide_1.11.0/plugins/com.st.stm32cube.ide.mcu.externaltools.gnu-tools-for-stm32.10.3-2021.10.linux64_1.0.100.202210260954/tools/bin/../lib/gcc/arm-none-eabi/10.3.1/../../../../arm-none-eabi/lib/thumb/v7e-m+fp/hard/libc_nano.a(lib_a-nano-vfprintf_float.o) (_printf_common)
/home/yuxuan/st/stm32cubeide_1.11.0/plugins/com.st.stm32cube.ide.mcu.externaltools.gnu-tools-for-stm32.10.3-2021.10.linux64_1.0.100.202210260954/tools/bin/../lib/gcc/arm-none-eabi/10.3.1/../../../../arm-none-eabi/lib/thumb/v7e-m+fp/hard/libc_nano.a(lib_a-nano-vfscanf_float.o)
                              (_scanf_float)
/home/yuxuan/st/stm32cubeide_1.11.0/plugins/com.st.stm32cube.ide.mcu.externaltools.gnu-tools-for-stm32.10.3-2021.10.linux64_1.0.100.202210260954/tools/bin/../lib/gcc/arm-none-eabi/10.3.1/../../../../arm-none-eabi/lib/thumb/v7e-m+fp/hard/libc_nano.a(lib_a-sf_nan.o)
                              /home/yuxuan/st/stm32cubeide_1.11.0/plugins/com.st.stm32cube.ide.mcu.externaltools.gnu-tools-for-stm32.10.3-2021.10.linux64_1.0.100.202210260954/tools/bin/../lib/gcc/arm-none-eabi/10.3.1/../../../../arm-none-eabi/lib/thumb/v7e-m+fp/hard/libc_nano.a(lib_a-nano-vfscanf_float.o) (nanf)
[...]
Memory Configuration

Name             Origin             Length             Attributes
CCMRAM           0x0000000010000000 0x0000000000010000 xrw
RAM              0x0000000020000000 0x0000000000030000 xrw
FLASH            0x0000000008000000 0x0000000000200000 xr
*default*        0x0000000000000000 0xffffffffffffffff

Linker script and memory map

LOAD /home/yuxuan/st/stm32cubeide_1.11.0/plugins/com.st.stm32cube.ide.mcu.externaltools.gnu-tools-for-stm32.10.3-2021.10.linux64_1.0.100.202210260954/tools/bin/../lib/gcc/arm-none-eabi/10.3.1/thumb/v7e-m+fp/hard/crti.o
LOAD /home/yuxuan/st/stm32cubeide_1.11.0/plugins/com.st.stm32cube.ide.mcu.externaltools.gnu-tools-for-stm32.10.3-2021.10.linux64_1.0.100.202210260954/tools/bin/../lib/gcc/arm-none-eabi/10.3.1/thumb/v7e-m+fp/hard/crtbegin.o
LOAD /home/yuxuan/st/stm32cubeide_1.11.0/plugins/com.st.stm32cube.ide.mcu.externaltools.gnu-tools-for-stm32.10.3-2021.10.linux64_1.0.100.202210260954/tools/bin/../lib/gcc/arm-none-eabi/10.3.1/../../../../arm-none-eabi/lib/thumb/v7e-m+fp/hard/crt0.o
LOAD ./App/Src/debug_uart.o
LOAD ./App/Src/motor.o
LOAD ./App/Src/msg.o
LOAD ./App/Src/ringbuffer.o
LOAD ./App/Src/uart_communication.o
LOAD ./Core/Src/can.o
LOAD ./Core/Src/dma.o
LOAD ./Core/Src/freertos.o
LOAD ./Core/Src/gpio.o
LOAD ./Core/Src/main.o
LOAD ./Core/Src/stm32f4xx_hal_msp.o
LOAD ./Core/Src/stm32f4xx_hal_timebase_tim.o
LOAD ./Core/Src/stm32f4xx_it.o
LOAD ./Core/Src/syscalls.o
LOAD ./Core/Src/sysmem.o
LOAD ./Core/Src/system_stm32f4xx.o
LOAD ./Core/Src/usart.o
LOAD ./Core/Startup/startup_stm32f427iihx.o
LOAD ./Drivers/STM32F4xx_HAL_Driver/Src/stm32f4xx_hal.o
LOAD ./Drivers/STM32F4xx_HAL_Driver/Src/stm32f4xx_hal_can.o
LOAD ./Drivers/STM32F4xx_HAL_Driver/Src/stm32f4xx_hal_cortex.o
LOAD ./Drivers/STM32F4xx_HAL_Driver/Src/stm32f4xx_hal_dma.o
LOAD ./Drivers/STM32F4xx_HAL_Driver/Src/stm32f4xx_hal_dma_ex.o
LOAD ./Drivers/STM32F4xx_HAL_Driver/Src/stm32f4xx_hal_exti.o
LOAD ./Drivers/STM32F4xx_HAL_Driver/Src/stm32f4xx_hal_flash.o
LOAD ./Drivers/STM32F4xx_HAL_Driver/Src/stm32f4xx_hal_flash_ex.o
LOAD ./Drivers/STM32F4xx_HAL_Driver/Src/stm32f4xx_hal_flash_ramfunc.o
LOAD ./Drivers/STM32F4xx_HAL_Driver/Src/stm32f4xx_hal_gpio.o
LOAD ./Drivers/STM32F4xx_HAL_Driver/Src/stm32f4xx_hal_pwr.o
LOAD ./Drivers/STM32F4xx_HAL_Driver/Src/stm32f4xx_hal_pwr_ex.o
LOAD ./Drivers/STM32F4xx_HAL_Driver/Src/stm32f4xx_hal_rcc.o
LOAD ./Drivers/STM32F4xx_HAL_Driver/Src/stm32f4xx_hal_rcc_ex.o
LOAD ./Drivers/STM32F4xx_HAL_Driver/Src/stm32f4xx_hal_tim.o
LOAD ./Drivers/STM32F4xx_HAL_Driver/Src/stm32f4xx_hal_tim_ex.o
LOAD ./Drivers/STM32F4xx_HAL_Driver/Src/stm32f4xx_hal_uart.o
LOAD ./Middlewares/Third_Party/FreeRTOS/Source/CMSIS_RTOS/cmsis_os.o
LOAD ./Middlewares/Third_Party/FreeRTOS/Source/croutine.o
LOAD ./Middlewares/Third_Party/FreeRTOS/Source/event_groups.o
LOAD ./Middlewares/Third_Party/FreeRTOS/Source/list.o
LOAD ./Middlewares/Third_Party/FreeRTOS/Source/queue.o
LOAD ./Middlewares/Third_Party/FreeRTOS/Source/stream_buffer.o
LOAD ./Middlewares/Third_Party/FreeRTOS/Source/tasks.o
LOAD ./Middlewares/Third_Party/FreeRTOS/Source/timers.o
LOAD ./Middlewares/Third_Party/FreeRTOS/Source/portable/GCC/ARM_CM4F/port.o
LOAD ./Middlewares/Third_Party/FreeRTOS/Source/portable/MemMang/heap_4.o
START GROUP
LOAD /home/yuxuan/st/stm32cubeide_1.11.0/plugins/com.st.stm32cube.ide.mcu.externaltools.gnu-tools-for-stm32.10.3-2021.10.linux64_1.0.100.202210260954/tools/bin/../lib/gcc/arm-none-eabi/10.3.1/../../../../arm-none-eabi/lib/thumb/v7e-m+fp/hard/libc_nano.a
LOAD /home/yuxuan/st/stm32cubeide_1.11.0/plugins/com.st.stm32cube.ide.mcu.externaltools.gnu-tools-for-stm32.10.3-2021.10.linux64_1.0.100.202210260954/tools/bin/../lib/gcc/arm-none-eabi/10.3.1/../../../../arm-none-eabi/lib/thumb/v7e-m+fp/hard/libm.a
END GROUP
START GROUP
LOAD /home/yuxuan/st/stm32cubeide_1.11.0/plugins/com.st.stm32cube.ide.mcu.externaltools.gnu-tools-for-stm32.10.3-2021.10.linux64_1.0.100.202210260954/tools/bin/../lib/gcc/arm-none-eabi/10.3.1/thumb/v7e-m+fp/hard/libgcc.a
LOAD /home/yuxuan/st/stm32cubeide_1.11.0/plugins/com.st.stm32cube.ide.mcu.externaltools.gnu-tools-for-stm32.10.3-2021.10.linux64_1.0.100.202210260954/tools/bin/../lib/gcc/arm-none-eabi/10.3.1/../../../../arm-none-eabi/lib/thumb/v7e-m+fp/hard/libc_nano.a
END GROUP
START GROUP
LOAD /home/yuxuan/st/stm32cubeide_1.11.0/plugins/com.st.stm32cube.ide.mcu.externaltools.gnu-tools-for-stm32.10.3-2021.10.linux64_1.0.100.202210260954/tools/bin/../lib/gcc/arm-none-eabi/10.3.1/thumb/v7e-m+fp/hard/libgcc.a
LOAD /home/yuxuan/st/stm32cubeide_1.11.0/plugins/com.st.stm32cube.ide.mcu.externaltools.gnu-tools-for-stm32.10.3-2021.10.linux64_1.0.100.202210260954/tools/bin/../lib/gcc/arm-none-eabi/10.3.1/../../../../arm-none-eabi/lib/thumb/v7e-m+fp/hard/libc_nano.a
LOAD /home/yuxuan/st/stm32cubeide_1.11.0/plugins/com.st.stm32cube.ide.mcu.externaltools.gnu-tools-for-stm32.10.3-2021.10.linux64_1.0.100.202210260954/tools/bin/../lib/gcc/arm-none-eabi/10.3.1/../../../../arm-none-eabi/lib/thumb/v7e-m+fp/hard/libnosys.a
END GROUP
START GROUP
LOAD /home/yuxuan/st/stm32cubeide_1.11.0/plugins/com.st.stm32cube.ide.mcu.externaltools.gnu-tools-for-stm32.10.3-2021.10.linux64_1.0.100.202210260954/tools/bin/../lib/gcc/arm-none-eabi/10.3.1/thumb/v7e-m+fp/hard/libgcc.a
LOAD /home/yuxuan/st/stm32cubeide_1.11.0/plugins/com.st.stm32cube.ide.mcu.externaltools.gnu-tools-for-stm32.10.3-2021.10.linux64_1.0.100.202210260954/tools/bin/../lib/gcc/arm-none-eabi/10.3.1/../../../../arm-none-eabi/lib/thumb/v7e-m+fp/hard/libc_nano.a
LOAD /home/yuxuan/st/stm32cubeide_1.11.0/plugins/com.st.stm32cube.ide.mcu.externaltools.gnu-tools-for-stm32.10.3-2021.10.linux64_1.0.100.202210260954/tools/bin/../lib/gcc/arm-none-eabi/10.3.1/../../../../arm-none-eabi/lib/thumb/v7e-m+fp/hard/libnosys.a
END GROUP
LOAD /home/yuxuan/st/stm32cubeide_1.11.0/plugins/com.st.stm32cube.ide.mcu.externaltools.gnu-tools-for-stm32.10.3-2021.10.linux64_1.0.100.202210260954/tools/bin/../lib/gcc/arm-none-eabi/10.3.1/thumb/v7e-m+fp/hard/crtend.o
LOAD /home/yuxuan/st/stm32cubeide_1.11.0/plugins/com.st.stm32cube.ide.mcu.externaltools.gnu-tools-for-stm32.10.3-2021.10.linux64_1.0.100.202210260954/tools/bin/../lib/gcc/arm-none-eabi/10.3.1/thumb/v7e-m+fp/hard/crtn.o
                0x0000000020030000                _estack = (ORIGIN (RAM) + LENGTH (RAM))
                0x0000000000000200                _Min_Heap_Size = 0x200
                0x0000000000000400                _Min_Stack_Size = 0x400

.isr_vector     0x0000000008000000      0x1ac
                0x0000000008000000                . = ALIGN (0x4)
 *(.isr_vector)
 .isr_vector    0x0000000008000000      0x1ac ./Core/Startup/startup_stm32f427iihx.o
                0x0000000008000000                g_pfnVectors
                0x00000000080001ac                . = ALIGN (0x4)

.text           0x00000000080001b0     0xe378
                0x00000000080001b0                . = ALIGN (0x4)
 *(.text)
 .text          0x00000000080001b0       0x40 /home/yuxuan/st/stm32cubeide_1.11.0/plugins/com.st.stm32cube.ide.mcu.externaltools.gnu-tools-for-stm32.10.3-2021.10.linux64_1.0.100.202210260954/tools/bin/../lib/gcc/arm-none-eabi/10.3.1/thumb/v7e-m+fp/hard/crtbegin.o
 .text          0x00000000080001f0       0x10 /home/yuxuan/st/stm32cubeide_1.11.0/plugins/com.st.stm32cube.ide.mcu.externaltools.gnu-tools-for-stm32.10.3-2021.10.linux64_1.0.100.202210260954/tools/bin/../lib/gcc/arm-none-eabi/10.3.1/../../../../arm-none-eabi/lib/thumb/v7e-m+fp/hard/libc_nano.a(lib_a-strlen.o)
                0x00000000080001f0                strlen
 .text          0x0000000008000200       0xa0 /home/yuxuan/st/stm32cubeide_1.11.0/plugins/com.st.stm32cube.ide.mcu.externaltools.gnu-tools-for-stm32.10.3-2021.10.linux64_1.0.100.202210260954/tools/bin/../lib/gcc/arm-none-eabi/10.3.1/../../../../arm-none-eabi/lib/thumb/v7e-m+fp/hard/libc_nano.a(lib_a-memchr.o)
                0x0000000008000200                memchr
 .text          0x00000000080002a0      0x378 /home/yuxuan/st/stm32cubeide_1.11.0/plugins/com.st.stm32cube.ide.mcu.externaltools.gnu-tools-for-stm32.10.3-2021.10.linux64_1.0.100.202210260954/tools/bin/../lib/gcc/arm-none-eabi/10.3.1/thumb/v7e-m+fp/hard/libgcc.a(_arm_addsubdf3.o)
                0x00000000080002a0                __aeabi_drsub
                0x00000000080002a8                __aeabi_dsub
                0x00000000080002a8                __subdf3
                0x00000000080002ac                __adddf3
                0x00000000080002ac                __aeabi_dadd
                0x0000000008000524                __aeabi_ui2d
                0x0000000008000524                __floatunsidf
                0x0000000008000544                __floatsidf
                0x0000000008000544                __aeabi_i2d
                0x0000000008000568                __extendsfdf2
                0x0000000008000568                __aeabi_f2d
                0x00000000080005ac                __aeabi_ul2d
                0x00000000080005ac                __floatundidf
                0x00000000080005bc                __floatdidf
                0x00000000080005bc                __aeabi_l2d
 .text          0x0000000008000618      0x424 /home/yuxuan/st/stm32cubeide_1.11.0/plugins/com.st.stm32cube.ide.mcu.externaltools.gnu-tools-for-stm32.10.3-2021.10.linux64_1.0.100.202210260954/tools/bin/../lib/gcc/arm-none-eabi/10.3.1/thumb/v7e-m+fp/hard/libgcc.a(_arm_muldivdf3.o)
                0x0000000008000618                __aeabi_dmul
                0x0000000008000618                __muldf3
                0x000000000800086c                __aeabi_ddiv
                0x000000000800086c                __divdf3
 .text          0x0000000008000a3c      0x110 /home/yuxuan/st/stm32cubeide_1.11.0/plugins/com.st.stm32cube.ide.mcu.externaltools.gnu-tools-for-stm32.10.3-2021.10.linux64_1.0.100.202210260954/tools/bin/../lib/gcc/arm-none-eabi/10.3.1/thumb/v7e-m+fp/hard/libgcc.a(_arm_cmpdf2.o)
                0x0000000008000a3c                __gtdf2
                0x0000000008000a3c                __gedf2
                0x0000000008000a44                __ltdf2
                0x0000000008000a44                __ledf2
                0x0000000008000a4c                __cmpdf2
                0x0000000008000a4c                __eqdf2
                0x0000000008000a4c                __nedf2
                0x0000000008000ac8                __aeabi_cdrcmple
                0x0000000008000ad8                __aeabi_cdcmple
                0x0000000008000ad8                __aeabi_cdcmpeq
                0x0000000008000ae8                __aeabi_dcmpeq
                0x0000000008000afc                __aeabi_dcmplt
                0x0000000008000b10                __aeabi_dcmple
                0x0000000008000b24                __aeabi_dcmpge
                0x0000000008000b38                __aeabi_dcmpgt
 .text          0x0000000008000b4c       0x2c /home/yuxuan/st/stm32cubeide_1.11.0/plugins/com.st.stm32cube.ide.mcu.externaltools.gnu-tools-for-stm32.10.3-2021.10.linux64_1.0.100.202210260954/tools/bin/../lib/gcc/arm-none-eabi/10.3.1/thumb/v7e-m+fp/hard/libgcc.a(_arm_unorddf2.o)
                0x0000000008000b4c                __aeabi_dcmpun
                0x0000000008000b4c                __unorddf2
 .text          0x0000000008000b78       0x50 /home/yuxuan/st/stm32cubeide_1.11.0/plugins/com.st.stm32cube.ide.mcu.externaltools.gnu-tools-for-stm32.10.3-2021.10.linux64_1.0.100.202210260954/tools/bin/../lib/gcc/arm-none-eabi/10.3.1/thumb/v7e-m+fp/hard/libgcc.a(_arm_fixdfsi.o)
                0x0000000008000b78                __fixdfsi
                0x0000000008000b78                __aeabi_d2iz
 .text          0x0000000008000bc8       0x40 /home/yuxuan/st/stm32cubeide_1.11.0/plugins/com.st.stm32cube.ide.mcu.externaltools.gnu-tools-for-stm32.10.3-2021.10.linux64_1.0.100.202210260954/tools/bin/../lib/gcc/arm-none-eabi/10.3.1/thumb/v7e-m+fp/hard/libgcc.a(_arm_fixunsdfsi.o)
                0x0000000008000bc8                __fixunsdfsi
                0x0000000008000bc8                __aeabi_d2uiz
 .text          0x0000000008000c08       0xa0 /home/yuxuan/st/stm32cubeide_1.11.0/plugins/com.st.stm32cube.ide.mcu.externaltools.gnu-tools-for-stm32.10.3-2021.10.linux64_1.0.100.202210260954/tools/bin/../lib/gcc/arm-none-eabi/10.3.1/thumb/v7e-m+fp/hard/libgcc.a(_arm_truncdfsf2.o)
                0x0000000008000c08                __aeabi_d2f
                0x0000000008000c08                __truncdfsf2
 .text          0x0000000008000ca8       0x30 /home/yuxuan/st/stm32cubeide_1.11.0/plugins/com.st.stm32cube.ide.mcu.externaltools.gnu-tools-for-stm32.10.3-2021.10.linux64_1.0.100.202210260954/tools/bin/../lib/gcc/arm-none-eabi/10.3.1/thumb/v7e-m+fp/hard/libgcc.a(_aeabi_uldivmod.o)
                0x0000000008000ca8                __aeabi_uldivmod
 .text          0x0000000008000cd8       0x30 /home/yuxuan/st/stm32cubeide_1.11.0/plugins/com.st.stm32cube.ide.mcu.externaltools.gnu-tools-for-stm32.10.3-2021.10.linux64_1.0.100.202210260954/tools/bin/../lib/gcc/arm-none-eabi/10.3.1/thumb/v7e-m+fp/hard/libgcc.a(_fixdfdi.o)
                0x0000000008000cd8                __aeabi_d2lz
                0x0000000008000cd8                __fixdfdi
 .text          0x0000000008000d08       0x3c /home/yuxuan/st/stm32cubeide_1.11.0/plugins/com.st.stm32cube.ide.mcu.externaltools.gnu-tools-for-stm32.10.3-2021.10.linux64_1.0.100.202210260954/tools/bin/../lib/gcc/arm-none-eabi/10.3.1/thumb/v7e-m+fp/hard/libgcc.a(_fixunsdfdi.o)
                0x0000000008000d08                __aeabi_d2ulz
                0x0000000008000d08                __fixunsdfdi
 .text          0x0000000008000d44      0x2d0 /home/yuxuan/st/stm32cubeide_1.11.0/plugins/com.st.stm32cube.ide.mcu.externaltools.gnu-tools-for-stm32.10.3-2021.10.linux64_1.0.100.202210260954/tools/bin/../lib/gcc/arm-none-eabi/10.3.1/thumb/v7e-m+fp/hard/libgcc.a(_udivmoddi4.o)
                0x0000000008000d44                __udivmoddi4
 .text          0x0000000008001014        0x4 /home/yuxuan/st/stm32cubeide_1.11.0/plugins/com.st.stm32cube.ide.mcu.externaltools.gnu-tools-for-stm32.10.3-2021.10.linux64_1.0.100.202210260954/tools/bin/../lib/gcc/arm-none-eabi/10.3.1/thumb/v7e-m+fp/hard/libgcc.a(_dvmd_tls.o)
                0x0000000008001014                __aeabi_ldiv0
                0x0000000008001014                __aeabi_idiv0
 *(.text*)
 .text.debugPrint
                0x0000000008001018       0x50 ./App/Src/debug_uart.o
                0x0000000008001018                debugPrint
 .text.CAN_FilterConfig
                0x0000000008001068       0x60 ./App/Src/motor.o
                0x0000000008001068                CAN_FilterConfig
 .text.HAL_CAN_RxFifo0MsgPendingCallback
                0x00000000080010c8       0x34 ./App/Src/motor.o
                0x00000000080010c8                HAL_CAN_RxFifo0MsgPendingCallback
 .text.CAN_SendMessage
                0x00000000080010fc       0x68 ./App/Src/motor.o
                0x00000000080010fc                CAN_SendMessage
 .text.motor_init
                0x0000000008001164       0x8c ./App/Src/motor.o
                0x0000000008001164                motor_init
 .text.motor_receive
                0x00000000080011f0      0x2a0 ./App/Src/motor.o
                0x00000000080011f0                motor_receive
 .text.buffer_append_int32
                0x0000000008001490       0x7e ./App/Src/motor.o
                0x0000000008001490                buffer_append_int32
 .text.buffer_append_int16
                0x000000000800150e       0x50 ./App/Src/motor.o
                0x000000000800150e                buffer_append_int16
 *fill*         0x000000000800155e        0x2 
 .text.can_set_current
                0x0000000008001560       0xc4 ./App/Src/motor.o
                0x0000000008001560                can_set_current
 *fill*         0x0000000008001624        0x4 
 .text.can_set_pos_spd
                0x0000000008001628      0x238 ./App/Src/motor.o
                0x0000000008001628                can_set_pos_spd
 .text.can_set_origin
                0x0000000008001860       0x3c ./App/Src/motor.o
                0x0000000008001860                can_set_origin
 .text.can_set_pos
                0x000000000800189c       0xb8 ./App/Src/motor.o
                0x000000000800189c                can_set_pos
 *fill*         0x0000000008001954        0x4 
 .text.can_set_vel
                0x0000000008001958      0x114 ./App/Src/motor.o
                0x0000000008001958                can_set_vel
 .text.Motor_UpdateMessages
                0x0000000008001a6c      0x274 ./App/Src/motor.o
                0x0000000008001a6c                Motor_UpdateMessages
 .text.Motor_CMDUnpack
                0x0000000008001ce0      0x5dc ./App/Src/motor.o
                0x0000000008001ce0                Motor_CMDUnpack
 .text.m2pmsg_memcpy
                0x00000000080022bc       0xda ./App/Src/msg.o
                0x00000000080022bc                m2pmsg_memcpy
 *fill*         0x0000000008002396        0x2 
 .text.RingBuf_WriteByteArray
                0x0000000008002398       0xa4 ./App/Src/ringbuffer.o
                0x0000000008002398                RingBuf_WriteByteArray
 .text.RingBuf_ReadByteArray
                0x000000000800243c      0x110 ./App/Src/ringbuffer.o
                0x000000000800243c                RingBuf_ReadByteArray
 .text.RingBuf_ReadByteNewestArray
                0x000000000800254c       0x34 ./App/Src/ringbuffer.o
                0x000000000800254c                RingBuf_ReadByteNewestArray
 .text.Start_PCReceiveIT
                0x0000000008002580       0x30 ./App/Src/uart_communication.o
                0x0000000008002580                Start_PCReceiveIT
 .text.HAL_UARTEx_RxEventCallback
                0x00000000080025b0       0x68 ./App/Src/uart_communication.o
                0x00000000080025b0                HAL_UARTEx_RxEventCallback
 .text.HAL_UART_RxCpltCallback
                0x0000000008002618       0x7c ./App/Src/uart_communication.o
                0x0000000008002618                HAL_UART_RxCpltCallback
 .text.HAL_UART_TxHalfCpltCallback
                0x0000000008002694       0x1c ./App/Src/uart_communication.o
                0x0000000008002694                HAL_UART_TxHalfCpltCallback
 .text.PC_UnpackMessage
                0x00000000080026b0       0xfc ./App/Src/uart_communication.o
                0x00000000080026b0                PC_UnpackMessage
 .text.PC_PackMessage
                0x00000000080027ac       0x94 ./App/Src/uart_communication.o
                0x00000000080027ac                PC_PackMessage
 .text.MX_CAN1_Init
                0x0000000008002840       0x6c ./Core/Src/can.o
                0x0000000008002840                MX_CAN1_Init
 .text.HAL_CAN_MspInit
                0x00000000080028ac       0xa0 ./Core/Src/can.o
                0x00000000080028ac                HAL_CAN_MspInit
 .text.MX_DMA_Init
                0x000000000800294c       0x9c ./Core/Src/dma.o
                0x000000000800294c                MX_DMA_Init
 .text.vApplicationGetIdleTaskMemory
                0x00000000080029e8       0x34 ./Core/Src/freertos.o
                0x00000000080029e8                vApplicationGetIdleTaskMemory
 .text.MX_FREERTOS_Init
                0x0000000008002a1c       0xe8 ./Core/Src/freertos.o
                0x0000000008002a1c                MX_FREERTOS_Init
 .text.Task_Commucation
                0x0000000008002b04       0x60 ./Core/Src/freertos.o
                0x0000000008002b04                Task_Commucation
 .text.Task_MotorCtrl
                0x0000000008002b64       0x60 ./Core/Src/freertos.o
                0x0000000008002b64                Task_MotorCtrl
 .text.MX_GPIO_Init
                0x0000000008002bc4      0x170 ./Core/Src/gpio.o
                0x0000000008002bc4                MX_GPIO_Init
 .text.main     0x0000000008002d34       0x3e ./Core/Src/main.o
                0x0000000008002d34                main
 *fill*         0x0000000008002d72        0x2 
 .text.SystemClock_Config
                0x0000000008002d74       0xd4 ./Core/Src/main.o
                0x0000000008002d74                SystemClock_Config
 .text.HAL_TIM_PeriodElapsedCallback
                0x0000000008002e48       0x24 ./Core/Src/main.o
                0x0000000008002e48                HAL_TIM_PeriodElapsedCallback
 .text.Error_Handler
                0x0000000008002e6c        0xa ./Core/Src/main.o
                0x0000000008002e6c                Error_Handler
 *fill*         0x0000000008002e76        0x2 
 .text.HAL_MspInit
                0x0000000008002e78       0x58 ./Core/Src/stm32f4xx_hal_msp.o
                0x0000000008002e78                HAL_MspInit
 .text.HAL_InitTick
                0x0000000008002ed0       0xf8 ./Core/Src/stm32f4xx_hal_timebase_tim.o
                0x0000000008002ed0                HAL_InitTick
 .text.NMI_Handler
                0x0000000008002fc8        0x6 ./Core/Src/stm32f4xx_it.o
                0x0000000008002fc8                NMI_Handler
 .text.HardFault_Handler
                0x0000000008002fce        0x6 ./Core/Src/stm32f4xx_it.o
                0x0000000008002fce                HardFault_Handler
 .text.MemManage_Handler
                0x0000000008002fd4        0x6 ./Core/Src/stm32f4xx_it.o
                0x0000000008002fd4                MemManage_Handler
 .text.BusFault_Handler
                0x0000000008002fda        0x6 ./Core/Src/stm32f4xx_it.o
                0x0000000008002fda                BusFault_Handler
 .text.UsageFault_Handler
                0x0000000008002fe0        0x6 ./Core/Src/stm32f4xx_it.o
                0x0000000008002fe0                UsageFault_Handler
 .text.DebugMon_Handler
                0x0000000008002fe6        0xe ./Core/Src/stm32f4xx_it.o
                0x0000000008002fe6                DebugMon_Handler
 .text.DMA1_Stream1_IRQHandler
                0x0000000008002ff4       0x14 ./Core/Src/stm32f4xx_it.o
                0x0000000008002ff4                DMA1_Stream1_IRQHandler
 .text.DMA1_Stream3_IRQHandler
                0x0000000008003008       0x14 ./Core/Src/stm32f4xx_it.o
                0x0000000008003008                DMA1_Stream3_IRQHandler
 .text.DMA1_Stream4_IRQHandler
                0x000000000800301c       0x14 ./Core/Src/stm32f4xx_it.o
                0x000000000800301c                DMA1_Stream4_IRQHandler
 .text.CAN1_RX0_IRQHandler
                0x0000000008003030       0x14 ./Core/Src/stm32f4xx_it.o
                0x0000000008003030                CAN1_RX0_IRQHandler
 .text.TIM4_IRQHandler
                0x0000000008003044       0x14 ./Core/Src/stm32f4xx_it.o
                0x0000000008003044                TIM4_IRQHandler
 .text.DMA2_Stream1_IRQHandler
                0x0000000008003058       0x14 ./Core/Src/stm32f4xx_it.o
                0x0000000008003058                DMA2_Stream1_IRQHandler
 .text.DMA2_Stream6_IRQHandler
                0x000000000800306c       0x14 ./Core/Src/stm32f4xx_it.o
                0x000000000800306c                DMA2_Stream6_IRQHandler
 .text.USART6_IRQHandler
                0x0000000008003080       0x14 ./Core/Src/stm32f4xx_it.o
                0x0000000008003080                USART6_IRQHandler
 .text.UART7_IRQHandler
                0x0000000008003094       0x14 ./Core/Src/stm32f4xx_it.o
                0x0000000008003094                UART7_IRQHandler
 .text._getpid  0x00000000080030a8       0x10 ./Core/Src/syscalls.o
                0x00000000080030a8                _getpid
 .text._kill    0x00000000080030b8       0x20 ./Core/Src/syscalls.o
                0x00000000080030b8                _kill
 .text._exit    0x00000000080030d8       0x14 ./Core/Src/syscalls.o
                0x00000000080030d8                _exit
 .text._read    0x00000000080030ec       0x3a ./Core/Src/syscalls.o
                0x00000000080030ec                _read
 .text._write   0x0000000008003126       0x38 ./Core/Src/syscalls.o
                0x0000000008003126                _write
 .text._close   0x000000000800315e       0x18 ./Core/Src/syscalls.o
                0x000000000800315e                _close
 .text._fstat   0x0000000008003176       0x20 ./Core/Src/syscalls.o
                0x0000000008003176                _fstat
 .text._isatty  0x0000000008003196       0x16 ./Core/Src/syscalls.o
                0x0000000008003196                _isatty
 .text._lseek   0x00000000080031ac       0x1a ./Core/Src/syscalls.o
                0x00000000080031ac                _lseek
 *fill*         0x00000000080031c6        0x2 
 .text._sbrk    0x00000000080031c8       0x6c ./Core/Src/sysmem.o
                0x00000000080031c8                _sbrk
 .text.SystemInit
                0x0000000008003234       0x24 ./Core/Src/system_stm32f4xx.o
                0x0000000008003234                SystemInit
 .text.MX_UART7_Init
                0x0000000008003258       0x54 ./Core/Src/usart.o
                0x0000000008003258                MX_UART7_Init
 .text.MX_UART8_Init
                0x00000000080032ac       0x54 ./Core/Src/usart.o
                0x00000000080032ac                MX_UART8_Init
 .text.MX_USART3_UART_Init
                0x0000000008003300       0x54 ./Core/Src/usart.o
                0x0000000008003300                MX_USART3_UART_Init
 .text.MX_USART6_UART_Init
                0x0000000008003354       0x54 ./Core/Src/usart.o
                0x0000000008003354                MX_USART6_UART_Init
 .text.HAL_UART_MspInit
                0x00000000080033a8      0x3f8 ./Core/Src/usart.o
                0x00000000080033a8                HAL_UART_MspInit
 .text.Reset_Handler
                0x00000000080037a0       0x50 ./Core/Startup/startup_stm32f427iihx.o
                0x00000000080037a0                Reset_Handler
 .text.Default_Handler
                0x00000000080037f0        0x2 ./Core/Startup/startup_stm32f427iihx.o
                0x00000000080037f0                RTC_Alarm_IRQHandler
                0x00000000080037f0                HASH_RNG_IRQHandler
                0x00000000080037f0                EXTI2_IRQHandler
                0x00000000080037f0                TIM8_CC_IRQHandler
                0x00000000080037f0                UART8_IRQHandler
                0x00000000080037f0                SPI4_IRQHandler
                0x00000000080037f0                TIM1_CC_IRQHandler
                0x00000000080037f0                DMA2_Stream5_IRQHandler
                0x00000000080037f0                DMA1_Stream5_IRQHandler
                0x00000000080037f0                PVD_IRQHandler
                0x00000000080037f0                SDIO_IRQHandler
                0x00000000080037f0                TAMP_STAMP_IRQHandler
                0x00000000080037f0                CAN2_RX1_IRQHandler
                0x00000000080037f0                EXTI3_IRQHandler
                0x00000000080037f0                TIM8_TRG_COM_TIM14_IRQHandler
                0x00000000080037f0                TIM1_UP_TIM10_IRQHandler
                0x00000000080037f0                TIM8_UP_TIM13_IRQHandler
                0x00000000080037f0                I2C3_ER_IRQHandler
                0x00000000080037f0                EXTI0_IRQHandler
                0x00000000080037f0                I2C2_EV_IRQHandler
                0x00000000080037f0                DMA1_Stream2_IRQHandler
                0x00000000080037f0                FPU_IRQHandler
                0x00000000080037f0                OTG_HS_WKUP_IRQHandler
                0x00000000080037f0                CAN2_SCE_IRQHandler
                0x00000000080037f0                DMA2_Stream2_IRQHandler
                0x00000000080037f0                SPI1_IRQHandler
                0x00000000080037f0                TIM6_DAC_IRQHandler
                0x00000000080037f0                TIM1_BRK_TIM9_IRQHandler
                0x00000000080037f0                DCMI_IRQHandler
                0x00000000080037f0                CAN2_RX0_IRQHandler
                0x00000000080037f0                DMA2_Stream3_IRQHandler
                0x00000000080037f0                USART3_IRQHandler
                0x00000000080037f0                CAN1_RX1_IRQHandler
                0x00000000080037f0                UART5_IRQHandler
                0x00000000080037f0                DMA2_Stream0_IRQHandler
                0x00000000080037f0                I2C1_EV_IRQHandler
                0x00000000080037f0                DMA1_Stream6_IRQHandler
                0x00000000080037f0                UART4_IRQHandler
                0x00000000080037f0                TIM3_IRQHandler
                0x00000000080037f0                RCC_IRQHandler
                0x00000000080037f0                TIM8_BRK_TIM12_IRQHandler
                0x00000000080037f0                Default_Handler
                0x00000000080037f0                EXTI15_10_IRQHandler
                0x00000000080037f0                ADC_IRQHandler
                0x00000000080037f0                DMA1_Stream7_IRQHandler
                0x00000000080037f0                SPI5_IRQHandler
                0x00000000080037f0                TIM7_IRQHandler
                0x00000000080037f0                CAN2_TX_IRQHandler
                0x00000000080037f0                TIM5_IRQHandler
                0x00000000080037f0                DMA2_Stream7_IRQHandler
                0x00000000080037f0                I2C3_EV_IRQHandler
                0x00000000080037f0                EXTI9_5_IRQHandler
                0x00000000080037f0                RTC_WKUP_IRQHandler
                0x00000000080037f0                ETH_WKUP_IRQHandler
                0x00000000080037f0                SPI2_IRQHandler
                0x00000000080037f0                OTG_HS_EP1_IN_IRQHandler
                0x00000000080037f0                DMA1_Stream0_IRQHandler
                0x00000000080037f0                CAN1_TX_IRQHandler
                0x00000000080037f0                EXTI4_IRQHandler
                0x00000000080037f0                ETH_IRQHandler
                0x00000000080037f0                OTG_HS_EP1_OUT_IRQHandler
                0x00000000080037f0                WWDG_IRQHandler
                0x00000000080037f0                SPI6_IRQHandler
                0x00000000080037f0                TIM2_IRQHandler
                0x00000000080037f0                OTG_FS_WKUP_IRQHandler
                0x00000000080037f0                TIM1_TRG_COM_TIM11_IRQHandler
                0x00000000080037f0                OTG_HS_IRQHandler
                0x00000000080037f0                DMA2D_IRQHandler
                0x00000000080037f0                EXTI1_IRQHandler
                0x00000000080037f0                USART2_IRQHandler
                0x00000000080037f0                I2C2_ER_IRQHandler
                0x00000000080037f0                CAN1_SCE_IRQHandler
                0x00000000080037f0                FLASH_IRQHandler
                0x00000000080037f0                DMA2_Stream4_IRQHandler
                0x00000000080037f0                USART1_IRQHandler
                0x00000000080037f0                OTG_FS_IRQHandler
                0x00000000080037f0                SPI3_IRQHandler
                0x00000000080037f0                I2C1_ER_IRQHandler
                0x00000000080037f0                FMC_IRQHandler
                0x00000000080037f0                SAI1_IRQHandler
 *fill*         0x00000000080037f2        0x2 
 .text.HAL_Init
                0x00000000080037f4       0x44 ./Drivers/STM32F4xx_HAL_Driver/Src/stm32f4xx_hal.o
                0x00000000080037f4                HAL_Init
 .text.HAL_IncTick
                0x0000000008003838       0x28 ./Drivers/STM32F4xx_HAL_Driver/Src/stm32f4xx_hal.o
                0x0000000008003838                HAL_IncTick
 .text.HAL_GetTick
                0x0000000008003860       0x18 ./Drivers/STM32F4xx_HAL_Driver/Src/stm32f4xx_hal.o
                0x0000000008003860                HAL_GetTick
 .text.HAL_Delay
                0x0000000008003878       0x48 ./Drivers/STM32F4xx_HAL_Driver/Src/stm32f4xx_hal.o
                0x0000000008003878                HAL_Delay
 .text.HAL_CAN_Init
                0x00000000080038c0      0x1f6 ./Drivers/STM32F4xx_HAL_Driver/Src/stm32f4xx_hal_can.o
                0x00000000080038c0                HAL_CAN_Init
 *fill*         0x0000000008003ab6        0x2 
 .text.HAL_CAN_ConfigFilter
                0x0000000008003ab8      0x1c0 ./Drivers/STM32F4xx_HAL_Driver/Src/stm32f4xx_hal_can.o
                0x0000000008003ab8                HAL_CAN_ConfigFilter
 .text.HAL_CAN_Start
                0x0000000008003c78       0x88 ./Drivers/STM32F4xx_HAL_Driver/Src/stm32f4xx_hal_can.o
                0x0000000008003c78                HAL_CAN_Start
 .text.HAL_CAN_AddTxMessage
                0x0000000008003d00      0x1b6 ./Drivers/STM32F4xx_HAL_Driver/Src/stm32f4xx_hal_can.o
                0x0000000008003d00                HAL_CAN_AddTxMessage
 .text.HAL_CAN_GetTxMailboxesFreeLevel
                0x0000000008003eb6       0x6a ./Drivers/STM32F4xx_HAL_Driver/Src/stm32f4xx_hal_can.o
                0x0000000008003eb6                HAL_CAN_GetTxMailboxesFreeLevel
 .text.HAL_CAN_GetRxMessage
                0x0000000008003f20      0x224 ./Drivers/STM32F4xx_HAL_Driver/Src/stm32f4xx_hal_can.o
                0x0000000008003f20                HAL_CAN_GetRxMessage
 .text.HAL_CAN_ActivateNotification
                0x0000000008004144       0x4c ./Drivers/STM32F4xx_HAL_Driver/Src/stm32f4xx_hal_can.o
                0x0000000008004144                HAL_CAN_ActivateNotification
 .text.HAL_CAN_IRQHandler
                0x0000000008004190      0x36e ./Drivers/STM32F4xx_HAL_Driver/Src/stm32f4xx_hal_can.o
                0x0000000008004190                HAL_CAN_IRQHandler
 .text.HAL_CAN_TxMailbox0CompleteCallback
                0x00000000080044fe       0x14 ./Drivers/STM32F4xx_HAL_Driver/Src/stm32f4xx_hal_can.o
                0x00000000080044fe                HAL_CAN_TxMailbox0CompleteCallback
 .text.HAL_CAN_TxMailbox1CompleteCallback
                0x0000000008004512       0x14 ./Drivers/STM32F4xx_HAL_Driver/Src/stm32f4xx_hal_can.o
                0x0000000008004512                HAL_CAN_TxMailbox1CompleteCallback
 .text.HAL_CAN_TxMailbox2CompleteCallback
                0x0000000008004526       0x14 ./Drivers/STM32F4xx_HAL_Driver/Src/stm32f4xx_hal_can.o
                0x0000000008004526                HAL_CAN_TxMailbox2CompleteCallback
 .text.HAL_CAN_TxMailbox0AbortCallback
                0x000000000800453a       0x14 ./Drivers/STM32F4xx_HAL_Driver/Src/stm32f4xx_hal_can.o
                0x000000000800453a                HAL_CAN_TxMailbox0AbortCallback
 .text.HAL_CAN_TxMailbox1AbortCallback
                0x000000000800454e       0x14 ./Drivers/STM32F4xx_HAL_Driver/Src/stm32f4xx_hal_can.o
                0x000000000800454e                HAL_CAN_TxMailbox1AbortCallback
 .text.HAL_CAN_TxMailbox2AbortCallback
                0x0000000008004562       0x14 ./Drivers/STM32F4xx_HAL_Driver/Src/stm32f4xx_hal_can.o
                0x0000000008004562                HAL_CAN_TxMailbox2AbortCallback
 .text.HAL_CAN_RxFifo0FullCallback
                0x0000000008004576       0x14 ./Drivers/STM32F4xx_HAL_Driver/Src/stm32f4xx_hal_can.o
                0x0000000008004576                HAL_CAN_RxFifo0FullCallback
 .text.HAL_CAN_RxFifo1MsgPendingCallback
                0x000000000800458a       0x14 ./Drivers/STM32F4xx_HAL_Driver/Src/stm32f4xx_hal_can.o
                0x000000000800458a                HAL_CAN_RxFifo1MsgPendingCallback
 .text.HAL_CAN_RxFifo1FullCallback
                0x000000000800459e       0x14 ./Drivers/STM32F4xx_HAL_Driver/Src/stm32f4xx_hal_can.o
                0x000000000800459e                HAL_CAN_RxFifo1FullCallback
 .text.HAL_CAN_SleepCallback
                0x00000000080045b2       0x14 ./Drivers/STM32F4xx_HAL_Driver/Src/stm32f4xx_hal_can.o
                0x00000000080045b2                HAL_CAN_SleepCallback
 .text.HAL_CAN_WakeUpFromRxMsgCallback
                0x00000000080045c6       0x14 ./Drivers/STM32F4xx_HAL_Driver/Src/stm32f4xx_hal_can.o
                0x00000000080045c6                HAL_CAN_WakeUpFromRxMsgCallback
 .text.HAL_CAN_ErrorCallback
                0x00000000080045da       0x14 ./Drivers/STM32F4xx_HAL_Driver/Src/stm32f4xx_hal_can.o
                0x00000000080045da                HAL_CAN_ErrorCallback
 *fill*         0x00000000080045ee        0x2 
 .text.__NVIC_SetPriorityGrouping
                0x00000000080045f0       0x48 ./Drivers/STM32F4xx_HAL_Driver/Src/stm32f4xx_hal_cortex.o
 .text.__NVIC_GetPriorityGrouping
                0x0000000008004638       0x1c ./Drivers/STM32F4xx_HAL_Driver/Src/stm32f4xx_hal_cortex.o
 .text.__NVIC_EnableIRQ
                0x0000000008004654       0x3c ./Drivers/STM32F4xx_HAL_Driver/Src/stm32f4xx_hal_cortex.o
 .text.__NVIC_SetPriority
                0x0000000008004690       0x54 ./Drivers/STM32F4xx_HAL_Driver/Src/stm32f4xx_hal_cortex.o
 .text.NVIC_EncodePriority
                0x00000000080046e4       0x66 ./Drivers/STM32F4xx_HAL_Driver/Src/stm32f4xx_hal_cortex.o
 .text.HAL_NVIC_SetPriorityGrouping
                0x000000000800474a       0x16 ./Drivers/STM32F4xx_HAL_Driver/Src/stm32f4xx_hal_cortex.o
                0x000000000800474a                HAL_NVIC_SetPriorityGrouping
 .text.HAL_NVIC_SetPriority
                0x0000000008004760       0x38 ./Drivers/STM32F4xx_HAL_Driver/Src/stm32f4xx_hal_cortex.o
                0x0000000008004760                HAL_NVIC_SetPriority
 .text.HAL_NVIC_EnableIRQ
                0x0000000008004798       0x1c ./Drivers/STM32F4xx_HAL_Driver/Src/stm32f4xx_hal_cortex.o
                0x0000000008004798                HAL_NVIC_EnableIRQ
 .text.HAL_DMA_Init
                0x00000000080047b4      0x15c ./Drivers/STM32F4xx_HAL_Driver/Src/stm32f4xx_hal_dma.o
                0x00000000080047b4                HAL_DMA_Init
 .text.HAL_DMA_Start_IT
                0x0000000008004910       0xb0 ./Drivers/STM32F4xx_HAL_Driver/Src/stm32f4xx_hal_dma.o
                0x0000000008004910                HAL_DMA_Start_IT
 .text.HAL_DMA_Abort
                0x00000000080049c0       0xe0 ./Drivers/STM32F4xx_HAL_Driver/Src/stm32f4xx_hal_dma.o
                0x00000000080049c0                HAL_DMA_Abort
 .text.HAL_DMA_Abort_IT
                0x0000000008004aa0       0x44 ./Drivers/STM32F4xx_HAL_Driver/Src/stm32f4xx_hal_dma.o
                0x0000000008004aa0                HAL_DMA_Abort_IT
 .text.HAL_DMA_IRQHandler
                0x0000000008004ae4      0x314 ./Drivers/STM32F4xx_HAL_Driver/Src/stm32f4xx_hal_dma.o
                0x0000000008004ae4                HAL_DMA_IRQHandler
 .text.DMA_SetConfig
                0x0000000008004df8       0x5c ./Drivers/STM32F4xx_HAL_Driver/Src/stm32f4xx_hal_dma.o
 .text.DMA_CalcBaseAndBitshift
                0x0000000008004e54       0x6c ./Drivers/STM32F4xx_HAL_Driver/Src/stm32f4xx_hal_dma.o
 .text.DMA_CheckFifoParam
                0x0000000008004ec0       0xf8 ./Drivers/STM32F4xx_HAL_Driver/Src/stm32f4xx_hal_dma.o
 .text.HAL_GPIO_Init
                0x0000000008004fb8      0x358 ./Drivers/STM32F4xx_HAL_Driver/Src/stm32f4xx_hal_gpio.o
                0x0000000008004fb8                HAL_GPIO_Init
 .text.HAL_GPIO_WritePin
                0x0000000008005310       0x32 ./Drivers/STM32F4xx_HAL_Driver/Src/stm32f4xx_hal_gpio.o
                0x0000000008005310                HAL_GPIO_WritePin
 *fill*         0x0000000008005342        0x2 
 .text.HAL_RCC_OscConfig
                0x0000000008005344      0x4f0 ./Drivers/STM32F4xx_HAL_Driver/Src/stm32f4xx_hal_rcc.o
                0x0000000008005344                HAL_RCC_OscConfig
 .text.HAL_RCC_ClockConfig
                0x0000000008005834      0x1cc ./Drivers/STM32F4xx_HAL_Driver/Src/stm32f4xx_hal_rcc.o
                0x0000000008005834                HAL_RCC_ClockConfig
 .text.HAL_RCC_GetSysClockFreq
                0x0000000008005a00      0x18c ./Drivers/STM32F4xx_HAL_Driver/Src/stm32f4xx_hal_rcc.o
                0x0000000008005a00                HAL_RCC_GetSysClockFreq
 .text.HAL_RCC_GetHCLKFreq
                0x0000000008005b8c       0x18 ./Drivers/STM32F4xx_HAL_Driver/Src/stm32f4xx_hal_rcc.o
                0x0000000008005b8c                HAL_RCC_GetHCLKFreq
 .text.HAL_RCC_GetPCLK1Freq
                0x0000000008005ba4       0x28 ./Drivers/STM32F4xx_HAL_Driver/Src/stm32f4xx_hal_rcc.o
                0x0000000008005ba4                HAL_RCC_GetPCLK1Freq
 .text.HAL_RCC_GetPCLK2Freq
                0x0000000008005bcc       0x28 ./Drivers/STM32F4xx_HAL_Driver/Src/stm32f4xx_hal_rcc.o
                0x0000000008005bcc                HAL_RCC_GetPCLK2Freq
 .text.HAL_RCC_GetClockConfig
                0x0000000008005bf4       0x64 ./Drivers/STM32F4xx_HAL_Driver/Src/stm32f4xx_hal_rcc.o
                0x0000000008005bf4                HAL_RCC_GetClockConfig
 .text.HAL_TIM_Base_Init
                0x0000000008005c58       0x9e ./Drivers/STM32F4xx_HAL_Driver/Src/stm32f4xx_hal_tim.o
                0x0000000008005c58                HAL_TIM_Base_Init
 .text.HAL_TIM_Base_MspInit
                0x0000000008005cf6       0x14 ./Drivers/STM32F4xx_HAL_Driver/Src/stm32f4xx_hal_tim.o
                0x0000000008005cf6                HAL_TIM_Base_MspInit
 *fill*         0x0000000008005d0a        0x2 
 .text.HAL_TIM_Base_Start_IT
                0x0000000008005d0c       0xe0 ./Drivers/STM32F4xx_HAL_Driver/Src/stm32f4xx_hal_tim.o
                0x0000000008005d0c                HAL_TIM_Base_Start_IT
 .text.HAL_TIM_IRQHandler
                0x0000000008005dec      0x210 ./Drivers/STM32F4xx_HAL_Driver/Src/stm32f4xx_hal_tim.o
                0x0000000008005dec                HAL_TIM_IRQHandler
 .text.HAL_TIM_OC_DelayElapsedCallback
                0x0000000008005ffc       0x14 ./Drivers/STM32F4xx_HAL_Driver/Src/stm32f4xx_hal_tim.o
                0x0000000008005ffc                HAL_TIM_OC_DelayElapsedCallback
 .text.HAL_TIM_IC_CaptureCallback
                0x0000000008006010       0x14 ./Drivers/STM32F4xx_HAL_Driver/Src/stm32f4xx_hal_tim.o
                0x0000000008006010                HAL_TIM_IC_CaptureCallback
 .text.HAL_TIM_PWM_PulseFinishedCallback
                0x0000000008006024       0x14 ./Drivers/STM32F4xx_HAL_Driver/Src/stm32f4xx_hal_tim.o
                0x0000000008006024                HAL_TIM_PWM_PulseFinishedCallback
 .text.HAL_TIM_TriggerCallback
                0x0000000008006038       0x14 ./Drivers/STM32F4xx_HAL_Driver/Src/stm32f4xx_hal_tim.o
                0x0000000008006038                HAL_TIM_TriggerCallback
 .text.TIM_Base_SetConfig
                0x000000000800604c      0x140 ./Drivers/STM32F4xx_HAL_Driver/Src/stm32f4xx_hal_tim.o
                0x000000000800604c                TIM_Base_SetConfig
 .text.HAL_TIMEx_CommutCallback
                0x000000000800618c       0x14 ./Drivers/STM32F4xx_HAL_Driver/Src/stm32f4xx_hal_tim_ex.o
                0x000000000800618c                HAL_TIMEx_CommutCallback
 .text.HAL_TIMEx_BreakCallback
                0x00000000080061a0       0x14 ./Drivers/STM32F4xx_HAL_Driver/Src/stm32f4xx_hal_tim_ex.o
                0x00000000080061a0                HAL_TIMEx_BreakCallback
 .text.HAL_UART_Init
                0x00000000080061b4       0x9a ./Drivers/STM32F4xx_HAL_Driver/Src/stm32f4xx_hal_uart.o
                0x00000000080061b4                HAL_UART_Init
 .text.HAL_UART_Transmit
                0x000000000800624e      0x124 ./Drivers/STM32F4xx_HAL_Driver/Src/stm32f4xx_hal_uart.o
                0x000000000800624e                HAL_UART_Transmit
 *fill*         0x0000000008006372        0x2 
 .text.HAL_UART_Transmit_DMA
                0x0000000008006374       0xfc ./Drivers/STM32F4xx_HAL_Driver/Src/stm32f4xx_hal_uart.o
                0x0000000008006374                HAL_UART_Transmit_DMA
 .text.HAL_UARTEx_ReceiveToIdle_DMA
                0x0000000008006470       0xca ./Drivers/STM32F4xx_HAL_Driver/Src/stm32f4xx_hal_uart.o
                0x0000000008006470                HAL_UARTEx_ReceiveToIdle_DMA
 *fill*         0x000000000800653a        0x2 
 .text.HAL_UART_IRQHandler
                0x000000000800653c      0x51c ./Drivers/STM32F4xx_HAL_Driver/Src/stm32f4xx_hal_uart.o
                0x000000000800653c                HAL_UART_IRQHandler
 .text.HAL_UART_TxCpltCallback
                0x0000000008006a58       0x14 ./Drivers/STM32F4xx_HAL_Driver/Src/stm32f4xx_hal_uart.o
                0x0000000008006a58                HAL_UART_TxCpltCallback
 .text.HAL_UART_RxHalfCpltCallback
                0x0000000008006a6c       0x14 ./Drivers/STM32F4xx_HAL_Driver/Src/stm32f4xx_hal_uart.o
                0x0000000008006a6c                HAL_UART_RxHalfCpltCallback
 .text.HAL_UART_ErrorCallback
                0x0000000008006a80       0x14 ./Drivers/STM32F4xx_HAL_Driver/Src/stm32f4xx_hal_uart.o
                0x0000000008006a80                HAL_UART_ErrorCallback
 .text.UART_DMATransmitCplt
                0x0000000008006a94       0x9a ./Drivers/STM32F4xx_HAL_Driver/Src/stm32f4xx_hal_uart.o
 .text.UART_DMATxHalfCplt
                0x0000000008006b2e       0x1c ./Drivers/STM32F4xx_HAL_Driver/Src/stm32f4xx_hal_uart.o
 .text.UART_DMAReceiveCplt
                0x0000000008006b4a      0x126 ./Drivers/STM32F4xx_HAL_Driver/Src/stm32f4xx_hal_uart.o
 .text.UART_DMARxHalfCplt
                0x0000000008006c70       0x36 ./Drivers/STM32F4xx_HAL_Driver/Src/stm32f4xx_hal_uart.o
 .text.UART_DMAError
                0x0000000008006ca6       0x94 ./Drivers/STM32F4xx_HAL_Driver/Src/stm32f4xx_hal_uart.o
 .text.UART_WaitOnFlagUntilTimeout
                0x0000000008006d3a       0xdc ./Drivers/STM32F4xx_HAL_Driver/Src/stm32f4xx_hal_uart.o
 *fill*         0x0000000008006e16        0x2 
 .text.UART_Start_Receive_DMA
                0x0000000008006e18      0x13c ./Drivers/STM32F4xx_HAL_Driver/Src/stm32f4xx_hal_uart.o
                0x0000000008006e18                UART_Start_Receive_DMA
 .text.UART_EndTxTransfer
                0x0000000008006f54       0x50 ./Drivers/STM32F4xx_HAL_Driver/Src/stm32f4xx_hal_uart.o
 .text.UART_EndRxTransfer
                0x0000000008006fa4       0xc6 ./Drivers/STM32F4xx_HAL_Driver/Src/stm32f4xx_hal_uart.o
 .text.UART_DMAAbortOnError
                0x000000000800706a       0x28 ./Drivers/STM32F4xx_HAL_Driver/Src/stm32f4xx_hal_uart.o
 .text.UART_Transmit_IT
                0x0000000008007092       0xa0 ./Drivers/STM32F4xx_HAL_Driver/Src/stm32f4xx_hal_uart.o
 .text.UART_EndTransmit_IT
                0x0000000008007132       0x30 ./Drivers/STM32F4xx_HAL_Driver/Src/stm32f4xx_hal_uart.o
 .text.UART_Receive_IT
                0x0000000008007162      0x176 ./Drivers/STM32F4xx_HAL_Driver/Src/stm32f4xx_hal_uart.o
 .text.UART_SetConfig
                0x00000000080072d8      0x4e8 ./Drivers/STM32F4xx_HAL_Driver/Src/stm32f4xx_hal_uart.o
 .text.makeFreeRtosPriority
                0x00000000080077c0       0x30 ./Middlewares/Third_Party/FreeRTOS/Source/CMSIS_RTOS/cmsis_os.o
 .text.osKernelStart
                0x00000000080077f0        0xe ./Middlewares/Third_Party/FreeRTOS/Source/CMSIS_RTOS/cmsis_os.o
                0x00000000080077f0                osKernelStart
 .text.osThreadCreate
                0x00000000080077fe       0x98 ./Middlewares/Third_Party/FreeRTOS/Source/CMSIS_RTOS/cmsis_os.o
                0x00000000080077fe                osThreadCreate
 .text.osDelay  0x0000000008007896       0x28 ./Middlewares/Third_Party/FreeRTOS/Source/CMSIS_RTOS/cmsis_os.o
                0x0000000008007896                osDelay
 .text.osMutexCreate
                0x00000000080078be       0x30 ./Middlewares/Third_Party/FreeRTOS/Source/CMSIS_RTOS/cmsis_os.o
                0x00000000080078be                osMutexCreate
 .text.osMessageCreate
                0x00000000080078ee       0x50 ./Middlewares/Third_Party/FreeRTOS/Source/CMSIS_RTOS/cmsis_os.o
                0x00000000080078ee                osMessageCreate
 .text.vListInitialise
                0x000000000800793e       0x40 ./Middlewares/Third_Party/FreeRTOS/Source/list.o
                0x000000000800793e                vListInitialise
 .text.vListInitialiseItem
                0x000000000800797e       0x1a ./Middlewares/Third_Party/FreeRTOS/Source/list.o
                0x000000000800797e                vListInitialiseItem
 .text.vListInsertEnd
                0x0000000008007998       0x48 ./Middlewares/Third_Party/FreeRTOS/Source/list.o
                0x0000000008007998                vListInsertEnd
 .text.vListInsert
                0x00000000080079e0       0x72 ./Middlewares/Third_Party/FreeRTOS/Source/list.o
                0x00000000080079e0                vListInsert
 .text.uxListRemove
                0x0000000008007a52       0x54 ./Middlewares/Third_Party/FreeRTOS/Source/list.o
                0x0000000008007a52                uxListRemove
 *fill*         0x0000000008007aa6        0x2 
 .text.xQueueGenericReset
                0x0000000008007aa8       0xd0 ./Middlewares/Third_Party/FreeRTOS/Source/queue.o
                0x0000000008007aa8                xQueueGenericReset
 .text.xQueueGenericCreateStatic
                0x0000000008007b78       0xf0 ./Middlewares/Third_Party/FreeRTOS/Source/queue.o
                0x0000000008007b78                xQueueGenericCreateStatic
 .text.xQueueGenericCreate
                0x0000000008007c68       0x74 ./Middlewares/Third_Party/FreeRTOS/Source/queue.o
                0x0000000008007c68                xQueueGenericCreate
 .text.prvInitialiseNewQueue
                0x0000000008007cdc       0x3e ./Middlewares/Third_Party/FreeRTOS/Source/queue.o
 .text.prvInitialiseMutex
                0x0000000008007d1a       0x34 ./Middlewares/Third_Party/FreeRTOS/Source/queue.o
 .text.xQueueCreateMutex
                0x0000000008007d4e       0x30 ./Middlewares/Third_Party/FreeRTOS/Source/queue.o
                0x0000000008007d4e                xQueueCreateMutex
 .text.xQueueCreateMutexStatic
                0x0000000008007d7e       0x36 ./Middlewares/Third_Party/FreeRTOS/Source/queue.o
                0x0000000008007d7e                xQueueCreateMutexStatic
 .text.xQueueGenericSend
                0x0000000008007db4      0x1fc ./Middlewares/Third_Party/FreeRTOS/Source/queue.o
                0x0000000008007db4                xQueueGenericSend
 .text.xQueueSemaphoreTake
                0x0000000008007fb0      0x218 ./Middlewares/Third_Party/FreeRTOS/Source/queue.o
                0x0000000008007fb0                xQueueSemaphoreTake
 .text.prvGetDisinheritPriorityAfterTimeout
                0x00000000080081c8       0x30 ./Middlewares/Third_Party/FreeRTOS/Source/queue.o
 .text.prvCopyDataToQueue
                0x00000000080081f8       0xd4 ./Middlewares/Third_Party/FreeRTOS/Source/queue.o
 .text.prvUnlockQueue
                0x00000000080082cc       0xa4 ./Middlewares/Third_Party/FreeRTOS/Source/queue.o
 .text.prvIsQueueEmpty
                0x0000000008008370       0x2c ./Middlewares/Third_Party/FreeRTOS/Source/queue.o
 .text.prvIsQueueFull
                0x000000000800839c       0x30 ./Middlewares/Third_Party/FreeRTOS/Source/queue.o
 .text.xTaskCreateStatic
                0x00000000080083cc       0xba ./Middlewares/Third_Party/FreeRTOS/Source/tasks.o
                0x00000000080083cc                xTaskCreateStatic
 .text.xTaskCreate
                0x0000000008008486       0x8a ./Middlewares/Third_Party/FreeRTOS/Source/tasks.o
                0x0000000008008486                xTaskCreate
 .text.prvInitialiseNewTask
                0x0000000008008510      0x10e ./Middlewares/Third_Party/FreeRTOS/Source/tasks.o
 *fill*         0x000000000800861e        0x2 
 .text.prvAddNewTaskToReadyList
                0x0000000008008620       0xd4 ./Middlewares/Third_Party/FreeRTOS/Source/tasks.o
 .text.vTaskDelay
                0x00000000080086f4       0x68 ./Middlewares/Third_Party/FreeRTOS/Source/tasks.o
                0x00000000080086f4                vTaskDelay
 .text.vTaskStartScheduler
                0x000000000800875c       0xc0 ./Middlewares/Third_Party/FreeRTOS/Source/tasks.o
                0x000000000800875c                vTaskStartScheduler
 .text.vTaskSuspendAll
                0x000000000800881c       0x1c ./Middlewares/Third_Party/FreeRTOS/Source/tasks.o
                0x000000000800881c                vTaskSuspendAll
 .text.xTaskResumeAll
                0x0000000008008838      0x138 ./Middlewares/Third_Party/FreeRTOS/Source/tasks.o
                0x0000000008008838                xTaskResumeAll
 .text.xTaskIncrementTick
                0x0000000008008970      0x170 ./Middlewares/Third_Party/FreeRTOS/Source/tasks.o
                0x0000000008008970                xTaskIncrementTick
 .text.vTaskSwitchContext
                0x0000000008008ae0       0xb8 ./Middlewares/Third_Party/FreeRTOS/Source/tasks.o
                0x0000000008008ae0                vTaskSwitchContext
 .text.vTaskPlaceOnEventList
                0x0000000008008b98       0x48 ./Middlewares/Third_Party/FreeRTOS/Source/tasks.o
                0x0000000008008b98                vTaskPlaceOnEventList
 .text.xTaskRemoveFromEventList
                0x0000000008008be0       0xc4 ./Middlewares/Third_Party/FreeRTOS/Source/tasks.o
                0x0000000008008be0                xTaskRemoveFromEventList
 .text.vTaskInternalSetTimeOutState
                0x0000000008008ca4       0x2c ./Middlewares/Third_Party/FreeRTOS/Source/tasks.o
                0x0000000008008ca4                vTaskInternalSetTimeOutState
 .text.xTaskCheckForTimeOut
                0x0000000008008cd0       0xc4 ./Middlewares/Third_Party/FreeRTOS/Source/tasks.o
                0x0000000008008cd0                xTaskCheckForTimeOut
 .text.vTaskMissedYield
                0x0000000008008d94       0x18 ./Middlewares/Third_Party/FreeRTOS/Source/tasks.o
                0x0000000008008d94                vTaskMissedYield
 .text.prvIdleTask
                0x0000000008008dac       0x30 ./Middlewares/Third_Party/FreeRTOS/Source/tasks.o
 .text.prvInitialiseTaskLists
                0x0000000008008ddc       0x80 ./Middlewares/Third_Party/FreeRTOS/Source/tasks.o
 .text.prvCheckTasksWaitingTermination
                0x0000000008008e5c       0x5c ./Middlewares/Third_Party/FreeRTOS/Source/tasks.o
 .text.prvDeleteTCB
                0x0000000008008eb8       0x5e ./Middlewares/Third_Party/FreeRTOS/Source/tasks.o
 *fill*         0x0000000008008f16        0x2 
 .text.prvResetNextTaskUnblockTime
                0x0000000008008f18       0x40 ./Middlewares/Third_Party/FreeRTOS/Source/tasks.o
 .text.xTaskGetSchedulerState
                0x0000000008008f58       0x3c ./Middlewares/Third_Party/FreeRTOS/Source/tasks.o
                0x0000000008008f58                xTaskGetSchedulerState
 .text.xTaskPriorityInherit
                0x0000000008008f94       0xec ./Middlewares/Third_Party/FreeRTOS/Source/tasks.o
                0x0000000008008f94                xTaskPriorityInherit
 .text.xTaskPriorityDisinherit
                0x0000000008009080      0x10c ./Middlewares/Third_Party/FreeRTOS/Source/tasks.o
                0x0000000008009080                xTaskPriorityDisinherit
 .text.vTaskPriorityDisinheritAfterTimeout
                0x000000000800918c      0x11c ./Middlewares/Third_Party/FreeRTOS/Source/tasks.o
                0x000000000800918c                vTaskPriorityDisinheritAfterTimeout
 .text.pvTaskIncrementMutexHeldCount
                0x00000000080092a8       0x28 ./Middlewares/Third_Party/FreeRTOS/Source/tasks.o
                0x00000000080092a8                pvTaskIncrementMutexHeldCount
 .text.prvAddCurrentTaskToDelayedList
                0x00000000080092d0       0xcc ./Middlewares/Third_Party/FreeRTOS/Source/tasks.o
 .text.pxPortInitialiseStack
                0x000000000800939c       0x68 ./Middlewares/Third_Party/FreeRTOS/Source/portable/GCC/ARM_CM4F/port.o
                0x000000000800939c                pxPortInitialiseStack
 .text.prvTaskExitError
                0x0000000008009404       0x58 ./Middlewares/Third_Party/FreeRTOS/Source/portable/GCC/ARM_CM4F/port.o
 *fill*         0x000000000800945c        0x4 
 .text.SVC_Handler
                0x0000000008009460       0x28 ./Middlewares/Third_Party/FreeRTOS/Source/portable/GCC/ARM_CM4F/port.o
                0x0000000008009460                SVC_Handler
 .text.prvPortStartFirstTask
                0x0000000008009488       0x28 ./Middlewares/Third_Party/FreeRTOS/Source/portable/GCC/ARM_CM4F/port.o
 .text.xPortStartScheduler
                0x00000000080094b0      0x144 ./Middlewares/Third_Party/FreeRTOS/Source/portable/GCC/ARM_CM4F/port.o
                0x00000000080094b0                xPortStartScheduler
 .text.vPortEnterCritical
                0x00000000080095f4       0x60 ./Middlewares/Third_Party/FreeRTOS/Source/portable/GCC/ARM_CM4F/port.o
                0x00000000080095f4                vPortEnterCritical
 .text.vPortExitCritical
                0x0000000008009654       0x54 ./Middlewares/Third_Party/FreeRTOS/Source/portable/GCC/ARM_CM4F/port.o
                0x0000000008009654                vPortExitCritical
 *fill*         0x00000000080096a8        0x8 
 .text.PendSV_Handler
                0x00000000080096b0       0x68 ./Middlewares/Third_Party/FreeRTOS/Source/portable/GCC/ARM_CM4F/port.o
                0x00000000080096b0                PendSV_Handler
 .text.SysTick_Handler
                0x0000000008009718       0x44 ./Middlewares/Third_Party/FreeRTOS/Source/portable/GCC/ARM_CM4F/port.o
                0x0000000008009718                SysTick_Handler
 .text.vPortSetupTimerInterrupt
                0x000000000800975c       0x48 ./Middlewares/Third_Party/FreeRTOS/Source/portable/GCC/ARM_CM4F/port.o
                0x000000000800975c                vPortSetupTimerInterrupt
 .text.vPortEnableVFP
                0x00000000080097a4       0x14 ./Middlewares/Third_Party/FreeRTOS/Source/portable/GCC/ARM_CM4F/port.o
 .text.pvPortMalloc
                0x00000000080097b8      0x198 ./Middlewares/Third_Party/FreeRTOS/Source/portable/MemMang/heap_4.o
                0x00000000080097b8                pvPortMalloc
 .text.vPortFree
                0x0000000008009950       0xc4 ./Middlewares/Third_Party/FreeRTOS/Source/portable/MemMang/heap_4.o
                0x0000000008009950                vPortFree
 .text.prvHeapInit
                0x0000000008009a14       0xc4 ./Middlewares/Third_Party/FreeRTOS/Source/portable/MemMang/heap_4.o
 .text.prvInsertBlockIntoFreeList
                0x0000000008009ad8       0xb4 ./Middlewares/Third_Party/FreeRTOS/Source/portable/MemMang/heap_4.o
 .text.__errno  0x0000000008009b8c        0xc /home/yuxuan/st/stm32cubeide_1.11.0/plugins/com.st.stm32cube.ide.mcu.externaltools.gnu-tools-for-stm32.10.3-2021.10.linux64_1.0.100.202210260954/tools/bin/../lib/gcc/arm-none-eabi/10.3.1/../../../../arm-none-eabi/lib/thumb/v7e-m+fp/hard/libc_nano.a(lib_a-errno.o)
                0x0000000008009b8c                __errno
 .text.__libc_init_array
                0x0000000008009b98       0x48 /home/yuxuan/st/stm32cubeide_1.11.0/plugins/com.st.stm32cube.ide.mcu.externaltools.gnu-tools-for-stm32.10.3-2021.10.linux64_1.0.100.202210260954/tools/bin/../lib/gcc/arm-none-eabi/10.3.1/../../../../arm-none-eabi/lib/thumb/v7e-m+fp/hard/libc_nano.a(lib_a-init.o)
                0x0000000008009b98                __libc_init_array
 .text.memcpy   0x0000000008009be0       0x1c /home/yuxuan/st/stm32cubeide_1.11.0/plugins/com.st.stm32cube.ide.mcu.externaltools.gnu-tools-for-stm32.10.3-2021.10.linux64_1.0.100.202210260954/tools/bin/../lib/gcc/arm-none-eabi/10.3.1/../../../../arm-none-eabi/lib/thumb/v7e-m+fp/hard/libc_nano.a(lib_a-memcpy-stub.o)
                0x0000000008009be0                memcpy
 .text.memset   0x0000000008009bfc       0x10 /home/yuxuan/st/stm32cubeide_1.11.0/plugins/com.st.stm32cube.ide.mcu.externaltools.gnu-tools-for-stm32.10.3-2021.10.linux64_1.0.100.202210260954/tools/bin/../lib/gcc/arm-none-eabi/10.3.1/../../../../arm-none-eabi/lib/thumb/v7e-m+fp/hard/libc_nano.a(lib_a-memset.o)
                0x0000000008009bfc                memset
 .text.__cvt    0x0000000008009c0c       0xc4 /home/yuxuan/st/stm32cubeide_1.11.0/plugins/com.st.stm32cube.ide.mcu.externaltools.gnu-tools-for-stm32.10.3-2021.10.linux64_1.0.100.202210260954/tools/bin/../lib/gcc/arm-none-eabi/10.3.1/../../../../arm-none-eabi/lib/thumb/v7e-m+fp/hard/libc_nano.a(lib_a-nano-vfprintf_float.o)
                0x0000000008009c0c                __cvt
 .text.__exponent
                0x0000000008009cd0       0x7c /home/yuxuan/st/stm32cubeide_1.11.0/plugins/com.st.stm32cube.ide.mcu.externaltools.gnu-tools-for-stm32.10.3-2021.10.linux64_1.0.100.202210260954/tools/bin/../lib/gcc/arm-none-eabi/10.3.1/../../../../arm-none-eabi/lib/thumb/v7e-m+fp/hard/libc_nano.a(lib_a-nano-vfprintf_float.o)
                0x0000000008009cd0                __exponent
 .text._printf_float
                0x0000000008009d4c      0x46c /home/yuxuan/st/stm32cubeide_1.11.0/plugins/com.st.stm32cube.ide.mcu.externaltools.gnu-tools-for-stm32.10.3-2021.10.linux64_1.0.100.202210260954/tools/bin/../lib/gcc/arm-none-eabi/10.3.1/../../../../arm-none-eabi/lib/thumb/v7e-m+fp/hard/libc_nano.a(lib_a-nano-vfprintf_float.o)
                0x0000000008009d4c                _printf_float
 .text._printf_common
                0x000000000800a1b8       0xda /home/yuxuan/st/stm32cubeide_1.11.0/plugins/com.st.stm32cube.ide.mcu.externaltools.gnu-tools-for-stm32.10.3-2021.10.linux64_1.0.100.202210260954/tools/bin/../lib/gcc/arm-none-eabi/10.3.1/../../../../arm-none-eabi/lib/thumb/v7e-m+fp/hard/libc_nano.a(lib_a-nano-vfprintf_i.o)
                0x000000000800a1b8                _printf_common
 *fill*         0x000000000800a292        0x2 
 .text._printf_i
                0x000000000800a294      0x24c /home/yuxuan/st/stm32cubeide_1.11.0/plugins/com.st.stm32cube.ide.mcu.externaltools.gnu-tools-for-stm32.10.3-2021.10.linux64_1.0.100.202210260954/tools/bin/../lib/gcc/arm-none-eabi/10.3.1/../../../../arm-none-eabi/lib/thumb/v7e-m+fp/hard/libc_nano.a(lib_a-nano-vfprintf_i.o)
                0x000000000800a294                _printf_i
 .text._scanf_float
                0x000000000800a4e0      0x420 /home/yuxuan/st/stm32cubeide_1.11.0/plugins/com.st.stm32cube.ide.mcu.externaltools.gnu-tools-for-stm32.10.3-2021.10.linux64_1.0.100.202210260954/tools/bin/../lib/gcc/arm-none-eabi/10.3.1/../../../../arm-none-eabi/lib/thumb/v7e-m+fp/hard/libc_nano.a(lib_a-nano-vfscanf_float.o)
                0x000000000800a4e0                _scanf_float
 .text.nanf     0x000000000800a900        0xc /home/yuxuan/st/stm32cubeide_1.11.0/plugins/com.st.stm32cube.ide.mcu.externaltools.gnu-tools-for-stm32.10.3-2021.10.linux64_1.0.100.202210260954/tools/bin/../lib/gcc/arm-none-eabi/10.3.1/../../../../arm-none-eabi/lib/thumb/v7e-m+fp/hard/libc_nano.a(lib_a-sf_nan.o)
                0x000000000800a900                nanf
 .text.sprintf  0x000000000800a90c       0x40 /home/yuxuan/st/stm32cubeide_1.11.0/plugins/com.st.stm32cube.ide.mcu.externaltools.gnu-tools-for-stm32.10.3-2021.10.linux64_1.0.100.202210260954/tools/bin/../lib/gcc/arm-none-eabi/10.3.1/../../../../arm-none-eabi/lib/thumb/v7e-m+fp/hard/libc_nano.a(lib_a-sprintf.o)
                0x000000000800a90c                sprintf
                0x000000000800a90c                siprintf
 .text.sulp     0x000000000800a94c       0x38 /home/yuxuan/st/stm32cubeide_1.11.0/plugins/com.st.stm32cube.ide.mcu.externaltools.gnu-tools-for-stm32.10.3-2021.10.linux64_1.0.100.202210260954/tools/bin/../lib/gcc/arm-none-eabi/10.3.1/../../../../arm-none-eabi/lib/thumb/v7e-m+fp/hard/libc_nano.a(lib_a-strtod.o)
 *fill*         0x000000000800a984        0x4 
 .text._strtod_l
                0x000000000800a988      0xc0c /home/yuxuan/st/stm32cubeide_1.11.0/plugins/com.st.stm32cube.ide.mcu.externaltools.gnu-tools-for-stm32.10.3-2021.10.linux64_1.0.100.202210260954/tools/bin/../lib/gcc/arm-none-eabi/10.3.1/../../../../arm-none-eabi/lib/thumb/v7e-m+fp/hard/libc_nano.a(lib_a-strtod.o)
                0x000000000800a988                _strtod_l
 .text._strtod_r
                0x000000000800b594        0xc /home/yuxuan/st/stm32cubeide_1.11.0/plugins/com.st.stm32cube.ide.mcu.externaltools.gnu-tools-for-stm32.10.3-2021.10.linux64_1.0.100.202210260954/tools/bin/../lib/gcc/arm-none-eabi/10.3.1/../../../../arm-none-eabi/lib/thumb/v7e-m+fp/hard/libc_nano.a(lib_a-strtod.o)
                0x000000000800b594                _strtod_r
 .text._strtol_l.constprop.0
                0x000000000800b5a0      0x104 /home/yuxuan/st/stm32cubeide_1.11.0/plugins/com.st.stm32cube.ide.mcu.externaltools.gnu-tools-for-stm32.10.3-2021.10.linux64_1.0.100.202210260954/tools/bin/../lib/gcc/arm-none-eabi/10.3.1/../../../../arm-none-eabi/lib/thumb/v7e-m+fp/hard/libc_nano.a(lib_a-strtol.o)
 .text._strtol_r
                0x000000000800b6a4        0x4 /home/yuxuan/st/stm32cubeide_1.11.0/plugins/com.st.stm32cube.ide.mcu.externaltools.gnu-tools-for-stm32.10.3-2021.10.linux64_1.0.100.202210260954/tools/bin/../lib/gcc/arm-none-eabi/10.3.1/../../../../arm-none-eabi/lib/thumb/v7e-m+fp/hard/libc_nano.a(lib_a-strtol.o)
                0x000000000800b6a4                _strtol_r
 .text._vsprintf_r
                0x000000000800b6a8       0x2c /home/yuxuan/st/stm32cubeide_1.11.0/plugins/com.st.stm32cube.ide.mcu.externaltools.gnu-tools-for-stm32.10.3-2021.10.linux64_1.0.100.202210260954/tools/bin/../lib/gcc/arm-none-eabi/10.3.1/../../../../arm-none-eabi/lib/thumb/v7e-m+fp/hard/libc_nano.a(lib_a-vsprintf.o)
                0x000000000800b6a8                _vsiprintf_r
                0x000000000800b6a8                _vsprintf_r
 .text.vsprintf
                0x000000000800b6d4       0x14 /home/yuxuan/st/stm32cubeide_1.11.0/plugins/com.st.stm32cube.ide.mcu.externaltools.gnu-tools-for-stm32.10.3-2021.10.linux64_1.0.100.202210260954/tools/bin/../lib/gcc/arm-none-eabi/10.3.1/../../../../arm-none-eabi/lib/thumb/v7e-m+fp/hard/libc_nano.a(lib_a-vsprintf.o)
                0x000000000800b6d4                vsprintf
                0x000000000800b6d4                vsiprintf
 .text.quorem   0x000000000800b6e8      0x116 /home/yuxuan/st/stm32cubeide_1.11.0/plugins/com.st.stm32cube.ide.mcu.externaltools.gnu-tools-for-stm32.10.3-2021.10.linux64_1.0.100.202210260954/tools/bin/../lib/gcc/arm-none-eabi/10.3.1/../../../../arm-none-eabi/lib/thumb/v7e-m+fp/hard/libc_nano.a(lib_a-dtoa.o)
 *fill*         0x000000000800b7fe        0x2 
 .text._dtoa_r  0x000000000800b800      0xbdc /home/yuxuan/st/stm32cubeide_1.11.0/plugins/com.st.stm32cube.ide.mcu.externaltools.gnu-tools-for-stm32.10.3-2021.10.linux64_1.0.100.202210260954/tools/bin/../lib/gcc/arm-none-eabi/10.3.1/../../../../arm-none-eabi/lib/thumb/v7e-m+fp/hard/libc_nano.a(lib_a-dtoa.o)
                0x000000000800b800                _dtoa_r
 .text.rshift   0x000000000800c3dc       0xa4 /home/yuxuan/st/stm32cubeide_1.11.0/plugins/com.st.stm32cube.ide.mcu.externaltools.gnu-tools-for-stm32.10.3-2021.10.linux64_1.0.100.202210260954/tools/bin/../lib/gcc/arm-none-eabi/10.3.1/../../../../arm-none-eabi/lib/thumb/v7e-m+fp/hard/libc_nano.a(lib_a-gdtoa-gethex.o)
 .text.__hexdig_fun
                0x000000000800c480       0x2a /home/yuxuan/st/stm32cubeide_1.11.0/plugins/com.st.stm32cube.ide.mcu.externaltools.gnu-tools-for-stm32.10.3-2021.10.linux64_1.0.100.202210260954/tools/bin/../lib/gcc/arm-none-eabi/10.3.1/../../../../arm-none-eabi/lib/thumb/v7e-m+fp/hard/libc_nano.a(lib_a-gdtoa-gethex.o)
                0x000000000800c480                __hexdig_fun
 *fill*         0x000000000800c4aa        0x2 
 .text.__gethex
                0x000000000800c4ac      0x48c /home/yuxuan/st/stm32cubeide_1.11.0/plugins/com.st.stm32cube.ide.mcu.externaltools.gnu-tools-for-stm32.10.3-2021.10.linux64_1.0.100.202210260954/tools/bin/../lib/gcc/arm-none-eabi/10.3.1/../../../../arm-none-eabi/lib/thumb/v7e-m+fp/hard/libc_nano.a(lib_a-gdtoa-gethex.o)
                0x000000000800c4ac                __gethex
 .text.L_shift  0x000000000800c938       0x24 /home/yuxuan/st/stm32cubeide_1.11.0/plugins/com.st.stm32cube.ide.mcu.externaltools.gnu-tools-for-stm32.10.3-2021.10.linux64_1.0.100.202210260954/tools/bin/../lib/gcc/arm-none-eabi/10.3.1/../../../../arm-none-eabi/lib/thumb/v7e-m+fp/hard/libc_nano.a(lib_a-gdtoa-hexnan.o)
 .text.__match  0x000000000800c95c       0x28 /home/yuxuan/st/stm32cubeide_1.11.0/plugins/com.st.stm32cube.ide.mcu.externaltools.gnu-tools-for-stm32.10.3-2021.10.linux64_1.0.100.202210260954/tools/bin/../lib/gcc/arm-none-eabi/10.3.1/../../../../arm-none-eabi/lib/thumb/v7e-m+fp/hard/libc_nano.a(lib_a-gdtoa-hexnan.o)
                0x000000000800c95c                __match
 .text.__hexnan
                0x000000000800c984      0x138 /home/yuxuan/st/stm32cubeide_1.11.0/plugins/com.st.stm32cube.ide.mcu.externaltools.gnu-tools-for-stm32.10.3-2021.10.linux64_1.0.100.202210260954/tools/bin/../lib/gcc/arm-none-eabi/10.3.1/../../../../arm-none-eabi/lib/thumb/v7e-m+fp/hard/libc_nano.a(lib_a-gdtoa-hexnan.o)
                0x000000000800c984                __hexnan
 .text._localeconv_r
                0x000000000800cabc        0x8 /home/yuxuan/st/stm32cubeide_1.11.0/plugins/com.st.stm32cube.ide.mcu.externaltools.gnu-tools-for-stm32.10.3-2021.10.linux64_1.0.100.202210260954/tools/bin/../lib/gcc/arm-none-eabi/10.3.1/../../../../arm-none-eabi/lib/thumb/v7e-m+fp/hard/libc_nano.a(lib_a-localeconv.o)
                0x000000000800cabc                _localeconv_r
 .text.malloc   0x000000000800cac4       0x10 /home/yuxuan/st/stm32cubeide_1.11.0/plugins/com.st.stm32cube.ide.mcu.externaltools.gnu-tools-for-stm32.10.3-2021.10.linux64_1.0.100.202210260954/tools/bin/../lib/gcc/arm-none-eabi/10.3.1/../../../../arm-none-eabi/lib/thumb/v7e-m+fp/hard/libc_nano.a(lib_a-malloc.o)
                0x000000000800cac4                malloc
 .text.__ascii_mbtowc
                0x000000000800cad4       0x24 /home/yuxuan/st/stm32cubeide_1.11.0/plugins/com.st.stm32cube.ide.mcu.externaltools.gnu-tools-for-stm32.10.3-2021.10.linux64_1.0.100.202210260954/tools/bin/../lib/gcc/arm-none-eabi/10.3.1/../../../../arm-none-eabi/lib/thumb/v7e-m+fp/hard/libc_nano.a(lib_a-mbtowc_r.o)
                0x000000000800cad4                __ascii_mbtowc
 .text._Balloc  0x000000000800caf8       0x80 /home/yuxuan/st/stm32cubeide_1.11.0/plugins/com.st.stm32cube.ide.mcu.externaltools.gnu-tools-for-stm32.10.3-2021.10.linux64_1.0.100.202210260954/tools/bin/../lib/gcc/arm-none-eabi/10.3.1/../../../../arm-none-eabi/lib/thumb/v7e-m+fp/hard/libc_nano.a(lib_a-mprec.o)
                0x000000000800caf8                _Balloc
 .text._Bfree   0x000000000800cb78       0x44 /home/yuxuan/st/stm32cubeide_1.11.0/plugins/com.st.stm32cube.ide.mcu.externaltools.gnu-tools-for-stm32.10.3-2021.10.linux64_1.0.100.202210260954/tools/bin/../lib/gcc/arm-none-eabi/10.3.1/../../../../arm-none-eabi/lib/thumb/v7e-m+fp/hard/libc_nano.a(lib_a-mprec.o)
                0x000000000800cb78                _Bfree
 .text.__multadd
                0x000000000800cbbc       0x8c /home/yuxuan/st/stm32cubeide_1.11.0/plugins/com.st.stm32cube.ide.mcu.externaltools.gnu-tools-for-stm32.10.3-2021.10.linux64_1.0.100.202210260954/tools/bin/../lib/gcc/arm-none-eabi/10.3.1/../../../../arm-none-eabi/lib/thumb/v7e-m+fp/hard/libc_nano.a(lib_a-mprec.o)
                0x000000000800cbbc                __multadd
 .text.__s2b    0x000000000800cc48       0x94 /home/yuxuan/st/stm32cubeide_1.11.0/plugins/com.st.stm32cube.ide.mcu.externaltools.gnu-tools-for-stm32.10.3-2021.10.linux64_1.0.100.202210260954/tools/bin/../lib/gcc/arm-none-eabi/10.3.1/../../../../arm-none-eabi/lib/thumb/v7e-m+fp/hard/libc_nano.a(lib_a-mprec.o)
                0x000000000800cc48                __s2b
 .text.__hi0bits
                0x000000000800ccdc       0x40 /home/yuxuan/st/stm32cubeide_1.11.0/plugins/com.st.stm32cube.ide.mcu.externaltools.gnu-tools-for-stm32.10.3-2021.10.linux64_1.0.100.202210260954/tools/bin/../lib/gcc/arm-none-eabi/10.3.1/../../../../arm-none-eabi/lib/thumb/v7e-m+fp/hard/libc_nano.a(lib_a-mprec.o)
                0x000000000800ccdc                __hi0bits
 .text.__lo0bits
                0x000000000800cd1c       0x5e /home/yuxuan/st/stm32cubeide_1.11.0/plugins/com.st.stm32cube.ide.mcu.externaltools.gnu-tools-for-stm32.10.3-2021.10.linux64_1.0.100.202210260954/tools/bin/../lib/gcc/arm-none-eabi/10.3.1/../../../../arm-none-eabi/lib/thumb/v7e-m+fp/hard/libc_nano.a(lib_a-mprec.o)
                0x000000000800cd1c                __lo0bits
 *fill*         0x000000000800cd7a        0x2 
 .text.__i2b    0x000000000800cd7c       0x2c /home/yuxuan/st/stm32cubeide_1.11.0/plugins/com.st.stm32cube.ide.mcu.externaltools.gnu-tools-for-stm32.10.3-2021.10.linux64_1.0.100.202210260954/tools/bin/../lib/gcc/arm-none-eabi/10.3.1/../../../../arm-none-eabi/lib/thumb/v7e-m+fp/hard/libc_nano.a(lib_a-mprec.o)
                0x000000000800cd7c                __i2b
 .text.__multiply
                0x000000000800cda8      0x154 /home/yuxuan/st/stm32cubeide_1.11.0/plugins/com.st.stm32cube.ide.mcu.externaltools.gnu-tools-for-stm32.10.3-2021.10.linux64_1.0.100.202210260954/tools/bin/../lib/gcc/arm-none-eabi/10.3.1/../../../../arm-none-eabi/lib/thumb/v7e-m+fp/hard/libc_nano.a(lib_a-mprec.o)
                0x000000000800cda8                __multiply
 .text.__pow5mult
                0x000000000800cefc       0xb4 /home/yuxuan/st/stm32cubeide_1.11.0/plugins/com.st.stm32cube.ide.mcu.externaltools.gnu-tools-for-stm32.10.3-2021.10.linux64_1.0.100.202210260954/tools/bin/../lib/gcc/arm-none-eabi/10.3.1/../../../../arm-none-eabi/lib/thumb/v7e-m+fp/hard/libc_nano.a(lib_a-mprec.o)
                0x000000000800cefc                __pow5mult
 .text.__lshift
                0x000000000800cfb0       0xe0 /home/yuxuan/st/stm32cubeide_1.11.0/plugins/com.st.stm32cube.ide.mcu.externaltools.gnu-tools-for-stm32.10.3-2021.10.linux64_1.0.100.202210260954/tools/bin/../lib/gcc/arm-none-eabi/10.3.1/../../../../arm-none-eabi/lib/thumb/v7e-m+fp/hard/libc_nano.a(lib_a-mprec.o)
                0x000000000800cfb0                __lshift
 .text.__mcmp   0x000000000800d090       0x38 /home/yuxuan/st/stm32cubeide_1.11.0/plugins/com.st.stm32cube.ide.mcu.externaltools.gnu-tools-for-stm32.10.3-2021.10.linux64_1.0.100.202210260954/tools/bin/../lib/gcc/arm-none-eabi/10.3.1/../../../../arm-none-eabi/lib/thumb/v7e-m+fp/hard/libc_nano.a(lib_a-mprec.o)
                0x000000000800d090                __mcmp
 .text.__mdiff  0x000000000800d0c8      0x114 /home/yuxuan/st/stm32cubeide_1.11.0/plugins/com.st.stm32cube.ide.mcu.externaltools.gnu-tools-for-stm32.10.3-2021.10.linux64_1.0.100.202210260954/tools/bin/../lib/gcc/arm-none-eabi/10.3.1/../../../../arm-none-eabi/lib/thumb/v7e-m+fp/hard/libc_nano.a(lib_a-mprec.o)
                0x000000000800d0c8                __mdiff
 .text.__ulp    0x000000000800d1dc       0x58 /home/yuxuan/st/stm32cubeide_1.11.0/plugins/com.st.stm32cube.ide.mcu.externaltools.gnu-tools-for-stm32.10.3-2021.10.linux64_1.0.100.202210260954/tools/bin/../lib/gcc/arm-none-eabi/10.3.1/../../../../arm-none-eabi/lib/thumb/v7e-m+fp/hard/libc_nano.a(lib_a-mprec.o)
                0x000000000800d1dc                __ulp
 .text.__b2d    0x000000000800d234       0xa0 /home/yuxuan/st/stm32cubeide_1.11.0/plugins/com.st.stm32cube.ide.mcu.externaltools.gnu-tools-for-stm32.10.3-2021.10.linux64_1.0.100.202210260954/tools/bin/../lib/gcc/arm-none-eabi/10.3.1/../../../../arm-none-eabi/lib/thumb/v7e-m+fp/hard/libc_nano.a(lib_a-mprec.o)
                0x000000000800d234                __b2d
 .text.__d2b    0x000000000800d2d4       0xb8 /home/yuxuan/st/stm32cubeide_1.11.0/plugins/com.st.stm32cube.ide.mcu.externaltools.gnu-tools-for-stm32.10.3-2021.10.linux64_1.0.100.202210260954/tools/bin/../lib/gcc/arm-none-eabi/10.3.1/../../../../arm-none-eabi/lib/thumb/v7e-m+fp/hard/libc_nano.a(lib_a-mprec.o)
                0x000000000800d2d4                __d2b
 .text.__ratio  0x000000000800d38c       0x66 /home/yuxuan/st/stm32cubeide_1.11.0/plugins/com.st.stm32cube.ide.mcu.externaltools.gnu-tools-for-stm32.10.3-2021.10.linux64_1.0.100.202210260954/tools/bin/../lib/gcc/arm-none-eabi/10.3.1/../../../../arm-none-eabi/lib/thumb/v7e-m+fp/hard/libc_nano.a(lib_a-mprec.o)
                0x000000000800d38c                __ratio
 .text.__copybits
                0x000000000800d3f2       0x46 /home/yuxuan/st/stm32cubeide_1.11.0/plugins/com.st.stm32cube.ide.mcu.externaltools.gnu-tools-for-stm32.10.3-2021.10.linux64_1.0.100.202210260954/tools/bin/../lib/gcc/arm-none-eabi/10.3.1/../../../../arm-none-eabi/lib/thumb/v7e-m+fp/hard/libc_nano.a(lib_a-mprec.o)
                0x000000000800d3f2                __copybits
 .text.__any_on
                0x000000000800d438       0x42 /home/yuxuan/st/stm32cubeide_1.11.0/plugins/com.st.stm32cube.ide.mcu.externaltools.gnu-tools-for-stm32.10.3-2021.10.linux64_1.0.100.202210260954/tools/bin/../lib/gcc/arm-none-eabi/10.3.1/../../../../arm-none-eabi/lib/thumb/v7e-m+fp/hard/libc_nano.a(lib_a-mprec.o)
                0x000000000800d438                __any_on
 .text._calloc_r
                0x000000000800d47a       0x2c /home/yuxuan/st/stm32cubeide_1.11.0/plugins/com.st.stm32cube.ide.mcu.externaltools.gnu-tools-for-stm32.10.3-2021.10.linux64_1.0.100.202210260954/tools/bin/../lib/gcc/arm-none-eabi/10.3.1/../../../../arm-none-eabi/lib/thumb/v7e-m+fp/hard/libc_nano.a(lib_a-nano-callocr.o)
                0x000000000800d47a                _calloc_r
 *fill*         0x000000000800d4a6        0x2 
 .text._free_r  0x000000000800d4a8       0x98 /home/yuxuan/st/stm32cubeide_1.11.0/plugins/com.st.stm32cube.ide.mcu.externaltools.gnu-tools-for-stm32.10.3-2021.10.linux64_1.0.100.202210260954/tools/bin/../lib/gcc/arm-none-eabi/10.3.1/../../../../arm-none-eabi/lib/thumb/v7e-m+fp/hard/libc_nano.a(lib_a-nano-freer.o)
                0x000000000800d4a8                _free_r
 .text.sbrk_aligned
                0x000000000800d540       0x40 /home/yuxuan/st/stm32cubeide_1.11.0/plugins/com.st.stm32cube.ide.mcu.externaltools.gnu-tools-for-stm32.10.3-2021.10.linux64_1.0.100.202210260954/tools/bin/../lib/gcc/arm-none-eabi/10.3.1/../../../../arm-none-eabi/lib/thumb/v7e-m+fp/hard/libc_nano.a(lib_a-nano-mallocr.o)
 .text._malloc_r
                0x000000000800d580       0xe8 /home/yuxuan/st/stm32cubeide_1.11.0/plugins/com.st.stm32cube.ide.mcu.externaltools.gnu-tools-for-stm32.10.3-2021.10.linux64_1.0.100.202210260954/tools/bin/../lib/gcc/arm-none-eabi/10.3.1/../../../../arm-none-eabi/lib/thumb/v7e-m+fp/hard/libc_nano.a(lib_a-nano-mallocr.o)
                0x000000000800d580                _malloc_r
 .text.__ssputs_r
                0x000000000800d668       0xb6 /home/yuxuan/st/stm32cubeide_1.11.0/plugins/com.st.stm32cube.ide.mcu.externaltools.gnu-tools-for-stm32.10.3-2021.10.linux64_1.0.100.202210260954/tools/bin/../lib/gcc/arm-none-eabi/10.3.1/../../../../arm-none-eabi/lib/thumb/v7e-m+fp/hard/libc_nano.a(lib_a-nano-svfprintf.o)
                0x000000000800d668                __ssputs_r
 *fill*         0x000000000800d71e        0x2 
 .text._svfprintf_r
                0x000000000800d720      0x200 /home/yuxuan/st/stm32cubeide_1.11.0/plugins/com.st.stm32cube.ide.mcu.externaltools.gnu-tools-for-stm32.10.3-2021.10.linux64_1.0.100.202210260954/tools/bin/../lib/gcc/arm-none-eabi/10.3.1/../../../../arm-none-eabi/lib/thumb/v7e-m+fp/hard/libc_nano.a(lib_a-nano-svfprintf.o)
                0x000000000800d720                _svfprintf_r
                0x000000000800d720                _svfiprintf_r
 .text.nan      0x000000000800d920       0x10 /home/yuxuan/st/stm32cubeide_1.11.0/plugins/com.st.stm32cube.ide.mcu.externaltools.gnu-tools-for-stm32.10.3-2021.10.linux64_1.0.100.202210260954/tools/bin/../lib/gcc/arm-none-eabi/10.3.1/../../../../arm-none-eabi/lib/thumb/v7e-m+fp/hard/libc_nano.a(lib_a-s_nan.o)
                0x000000000800d920                nan
 .text._sbrk_r  0x000000000800d930       0x20 /home/yuxuan/st/stm32cubeide_1.11.0/plugins/com.st.stm32cube.ide.mcu.externaltools.gnu-tools-for-stm32.10.3-2021.10.linux64_1.0.100.202210260954/tools/bin/../lib/gcc/arm-none-eabi/10.3.1/../../../../arm-none-eabi/lib/thumb/v7e-m+fp/hard/libc_nano.a(lib_a-sbrkr.o)
                0x000000000800d930                _sbrk_r
 .text.strncmp  0x000000000800d950       0x28 /home/yuxuan/st/stm32cubeide_1.11.0/plugins/com.st.stm32cube.ide.mcu.externaltools.gnu-tools-for-stm32.10.3-2021.10.linux64_1.0.100.202210260954/tools/bin/../lib/gcc/arm-none-eabi/10.3.1/../../../../arm-none-eabi/lib/thumb/v7e-m+fp/hard/libc_nano.a(lib_a-strncmp.o)
                0x000000000800d950                strncmp
 .text.__ascii_wctomb
                0x000000000800d978       0x1a /home/yuxuan/st/stm32cubeide_1.11.0/plugins/com.st.stm32cube.ide.mcu.externaltools.gnu-tools-for-stm32.10.3-2021.10.linux64_1.0.100.202210260954/tools/bin/../lib/gcc/arm-none-eabi/10.3.1/../../../../arm-none-eabi/lib/thumb/v7e-m+fp/hard/libc_nano.a(lib_a-wctomb_r.o)
                0x000000000800d978                __ascii_wctomb
 *fill*         0x000000000800d992        0x2 
 .text.__assert_func
                0x000000000800d994       0x3c /home/yuxuan/st/stm32cubeide_1.11.0/plugins/com.st.stm32cube.ide.mcu.externaltools.gnu-tools-for-stm32.10.3-2021.10.linux64_1.0.100.202210260954/tools/bin/../lib/gcc/arm-none-eabi/10.3.1/../../../../arm-none-eabi/lib/thumb/v7e-m+fp/hard/libc_nano.a(lib_a-assert.o)
                0x000000000800d994                __assert_func
 .text.fprintf  0x000000000800d9d0       0x24 /home/yuxuan/st/stm32cubeide_1.11.0/plugins/com.st.stm32cube.ide.mcu.externaltools.gnu-tools-for-stm32.10.3-2021.10.linux64_1.0.100.202210260954/tools/bin/../lib/gcc/arm-none-eabi/10.3.1/../../../../arm-none-eabi/lib/thumb/v7e-m+fp/hard/libc_nano.a(lib_a-fprintf.o)
                0x000000000800d9d0                fprintf
                0x000000000800d9d0                fiprintf
 .text.memmove  0x000000000800d9f4       0x34 /home/yuxuan/st/stm32cubeide_1.11.0/plugins/com.st.stm32cube.ide.mcu.externaltools.gnu-tools-for-stm32.10.3-2021.10.linux64_1.0.100.202210260954/tools/bin/../lib/gcc/arm-none-eabi/10.3.1/../../../../arm-none-eabi/lib/thumb/v7e-m+fp/hard/libc_nano.a(lib_a-memmove.o)
                0x000000000800d9f4                memmove
 .text.__malloc_lock
                0x000000000800da28        0xc /home/yuxuan/st/stm32cubeide_1.11.0/plugins/com.st.stm32cube.ide.mcu.externaltools.gnu-tools-for-stm32.10.3-2021.10.linux64_1.0.100.202210260954/tools/bin/../lib/gcc/arm-none-eabi/10.3.1/../../../../arm-none-eabi/lib/thumb/v7e-m+fp/hard/libc_nano.a(lib_a-mlock.o)
                0x000000000800da28                __malloc_lock
 .text.__malloc_unlock
                0x000000000800da34        0xc /home/yuxuan/st/stm32cubeide_1.11.0/plugins/com.st.stm32cube.ide.mcu.externaltools.gnu-tools-for-stm32.10.3-2021.10.linux64_1.0.100.202210260954/tools/bin/../lib/gcc/arm-none-eabi/10.3.1/../../../../arm-none-eabi/lib/thumb/v7e-m+fp/hard/libc_nano.a(lib_a-mlock.o)
                0x000000000800da34                __malloc_unlock
 .text._realloc_r
                0x000000000800da40       0x5e /home/yuxuan/st/stm32cubeide_1.11.0/plugins/com.st.stm32cube.ide.mcu.externaltools.gnu-tools-for-stm32.10.3-2021.10.linux64_1.0.100.202210260954/tools/bin/../lib/gcc/arm-none-eabi/10.3.1/../../../../arm-none-eabi/lib/thumb/v7e-m+fp/hard/libc_nano.a(lib_a-nano-reallocr.o)
                0x000000000800da40                _realloc_r
 .text.__sfputc_r
                0x000000000800da9e       0x2e /home/yuxuan/st/stm32cubeide_1.11.0/plugins/com.st.stm32cube.ide.mcu.externaltools.gnu-tools-for-stm32.10.3-2021.10.linux64_1.0.100.202210260954/tools/bin/../lib/gcc/arm-none-eabi/10.3.1/../../../../arm-none-eabi/lib/thumb/v7e-m+fp/hard/libc_nano.a(lib_a-nano-vfprintf.o)
 .text.__sfputs_r
                0x000000000800dacc       0x24 /home/yuxuan/st/stm32cubeide_1.11.0/plugins/com.st.stm32cube.ide.mcu.externaltools.gnu-tools-for-stm32.10.3-2021.10.linux64_1.0.100.202210260954/tools/bin/../lib/gcc/arm-none-eabi/10.3.1/../../../../arm-none-eabi/lib/thumb/v7e-m+fp/hard/libc_nano.a(lib_a-nano-vfprintf.o)
                0x000000000800dacc                __sfputs_r
 .text._vfprintf_r
                0x000000000800daf0      0x260 /home/yuxuan/st/stm32cubeide_1.11.0/plugins/com.st.stm32cube.ide.mcu.externaltools.gnu-tools-for-stm32.10.3-2021.10.linux64_1.0.100.202210260954/tools/bin/../lib/gcc/arm-none-eabi/10.3.1/../../../../arm-none-eabi/lib/thumb/v7e-m+fp/hard/libc_nano.a(lib_a-nano-vfprintf.o)
                0x000000000800daf0                _vfiprintf_r
                0x000000000800daf0                _vfprintf_r
 .text.__swbuf_r
                0x000000000800dd50       0xa4 /home/yuxuan/st/stm32cubeide_1.11.0/plugins/com.st.stm32cube.ide.mcu.externaltools.gnu-tools-for-stm32.10.3-2021.10.linux64_1.0.100.202210260954/tools/bin/../lib/gcc/arm-none-eabi/10.3.1/../../../../arm-none-eabi/lib/thumb/v7e-m+fp/hard/libc_nano.a(lib_a-wbuf.o)
                0x000000000800dd50                __swbuf_r
 .text.__swsetup_r
                0x000000000800ddf4       0xdc /home/yuxuan/st/stm32cubeide_1.11.0/plugins/com.st.stm32cube.ide.mcu.externaltools.gnu-tools-for-stm32.10.3-2021.10.linux64_1.0.100.202210260954/tools/bin/../lib/gcc/arm-none-eabi/10.3.1/../../../../arm-none-eabi/lib/thumb/v7e-m+fp/hard/libc_nano.a(lib_a-wsetup.o)
                0x000000000800ddf4                __swsetup_r
 .text.abort    0x000000000800ded0        0xe /home/yuxuan/st/stm32cubeide_1.11.0/plugins/com.st.stm32cube.ide.mcu.externaltools.gnu-tools-for-stm32.10.3-2021.10.linux64_1.0.100.202210260954/tools/bin/../lib/gcc/arm-none-eabi/10.3.1/../../../../arm-none-eabi/lib/thumb/v7e-m+fp/hard/libc_nano.a(lib_a-abort.o)
                0x000000000800ded0                abort
 *fill*         0x000000000800dede        0x2 
 .text.__sflush_r
                0x000000000800dee0      0x10c /home/yuxuan/st/stm32cubeide_1.11.0/plugins/com.st.stm32cube.ide.mcu.externaltools.gnu-tools-for-stm32.10.3-2021.10.linux64_1.0.100.202210260954/tools/bin/../lib/gcc/arm-none-eabi/10.3.1/../../../../arm-none-eabi/lib/thumb/v7e-m+fp/hard/libc_nano.a(lib_a-fflush.o)
                0x000000000800dee0                __sflush_r
 .text._fflush_r
                0x000000000800dfec       0x78 /home/yuxuan/st/stm32cubeide_1.11.0/plugins/com.st.stm32cube.ide.mcu.externaltools.gnu-tools-for-stm32.10.3-2021.10.linux64_1.0.100.202210260954/tools/bin/../lib/gcc/arm-none-eabi/10.3.1/../../../../arm-none-eabi/lib/thumb/v7e-m+fp/hard/libc_nano.a(lib_a-fflush.o)
                0x000000000800dfec                _fflush_r
 .text.std      0x000000000800e064       0x48 /home/yuxuan/st/stm32cubeide_1.11.0/plugins/com.st.stm32cube.ide.mcu.externaltools.gnu-tools-for-stm32.10.3-2021.10.linux64_1.0.100.202210260954/tools/bin/../lib/gcc/arm-none-eabi/10.3.1/../../../../arm-none-eabi/lib/thumb/v7e-m+fp/hard/libc_nano.a(lib_a-findfp.o)
 .text._cleanup_r
                0x000000000800e0ac        0xc /home/yuxuan/st/stm32cubeide_1.11.0/plugins/com.st.stm32cube.ide.mcu.externaltools.gnu-tools-for-stm32.10.3-2021.10.linux64_1.0.100.202210260954/tools/bin/../lib/gcc/arm-none-eabi/10.3.1/../../../../arm-none-eabi/lib/thumb/v7e-m+fp/hard/libc_nano.a(lib_a-findfp.o)
                0x000000000800e0ac                _cleanup_r
 .text.__sfmoreglue
                0x000000000800e0b8       0x2c /home/yuxuan/st/stm32cubeide_1.11.0/plugins/com.st.stm32cube.ide.mcu.externaltools.gnu-tools-for-stm32.10.3-2021.10.linux64_1.0.100.202210260954/tools/bin/../lib/gcc/arm-none-eabi/10.3.1/../../../../arm-none-eabi/lib/thumb/v7e-m+fp/hard/libc_nano.a(lib_a-findfp.o)
                0x000000000800e0b8                __sfmoreglue
 .text.__sfp_lock_acquire
                0x000000000800e0e4        0xc /home/yuxuan/st/stm32cubeide_1.11.0/plugins/com.st.stm32cube.ide.mcu.externaltools.gnu-tools-for-stm32.10.3-2021.10.linux64_1.0.100.202210260954/tools/bin/../lib/gcc/arm-none-eabi/10.3.1/../../../../arm-none-eabi/lib/thumb/v7e-m+fp/hard/libc_nano.a(lib_a-findfp.o)
                0x000000000800e0e4                __sfp_lock_acquire
 .text.__sfp_lock_release
                0x000000000800e0f0        0xc /home/yuxuan/st/stm32cubeide_1.11.0/plugins/com.st.stm32cube.ide.mcu.externaltools.gnu-tools-for-stm32.10.3-2021.10.linux64_1.0.100.202210260954/tools/bin/../lib/gcc/arm-none-eabi/10.3.1/../../../../arm-none-eabi/lib/thumb/v7e-m+fp/hard/libc_nano.a(lib_a-findfp.o)
                0x000000000800e0f0                __sfp_lock_release
 .text.__sinit_lock_acquire
                0x000000000800e0fc        0xc /home/yuxuan/st/stm32cubeide_1.11.0/plugins/com.st.stm32cube.ide.mcu.externaltools.gnu-tools-for-stm32.10.3-2021.10.linux64_1.0.100.202210260954/tools/bin/../lib/gcc/arm-none-eabi/10.3.1/../../../../arm-none-eabi/lib/thumb/v7e-m+fp/hard/libc_nano.a(lib_a-findfp.o)
                0x000000000800e0fc                __sinit_lock_acquire
 .text.__sinit_lock_release
                0x000000000800e108        0xc /home/yuxuan/st/stm32cubeide_1.11.0/plugins/com.st.stm32cube.ide.mcu.externaltools.gnu-tools-for-stm32.10.3-2021.10.linux64_1.0.100.202210260954/tools/bin/../lib/gcc/arm-none-eabi/10.3.1/../../../../arm-none-eabi/lib/thumb/v7e-m+fp/hard/libc_nano.a(lib_a-findfp.o)
                0x000000000800e108                __sinit_lock_release
 .text.__sinit  0x000000000800e114       0x70 /home/yuxuan/st/stm32cubeide_1.11.0/plugins/com.st.stm32cube.ide.mcu.externaltools.gnu-tools-for-stm32.10.3-2021.10.linux64_1.0.100.202210260954/tools/bin/../lib/gcc/arm-none-eabi/10.3.1/../../../../arm-none-eabi/lib/thumb/v7e-m+fp/hard/libc_nano.a(lib_a-findfp.o)
                0x000000000800e114                __sinit
 .text.__sfp    0x000000000800e184       0x8c /home/yuxuan/st/stm32cubeide_1.11.0/plugins/com.st.stm32cube.ide.mcu.externaltools.gnu-tools-for-stm32.10.3-2021.10.linux64_1.0.100.202210260954/tools/bin/../lib/gcc/arm-none-eabi/10.3.1/../../../../arm-none-eabi/lib/thumb/v7e-m+fp/hard/libc_nano.a(lib_a-findfp.o)
                0x000000000800e184                __sfp
 .text._fwalk_reent
                0x000000000800e210       0x3e /home/yuxuan/st/stm32cubeide_1.11.0/plugins/com.st.stm32cube.ide.mcu.externaltools.gnu-tools-for-stm32.10.3-2021.10.linux64_1.0.100.202210260954/tools/bin/../lib/gcc/arm-none-eabi/10.3.1/../../../../arm-none-eabi/lib/thumb/v7e-m+fp/hard/libc_nano.a(lib_a-fwalk.o)
                0x000000000800e210                _fwalk_reent
 .text.__retarget_lock_init_recursive
                0x000000000800e24e        0x2 /home/yuxuan/st/stm32cubeide_1.11.0/plugins/com.st.stm32cube.ide.mcu.externaltools.gnu-tools-for-stm32.10.3-2021.10.linux64_1.0.100.202210260954/tools/bin/../lib/gcc/arm-none-eabi/10.3.1/../../../../arm-none-eabi/lib/thumb/v7e-m+fp/hard/libc_nano.a(lib_a-lock.o)
                0x000000000800e24e                __retarget_lock_init_recursive
 .text.__retarget_lock_acquire_recursive
                0x000000000800e250        0x2 /home/yuxuan/st/stm32cubeide_1.11.0/plugins/com.st.stm32cube.ide.mcu.externaltools.gnu-tools-for-stm32.10.3-2021.10.linux64_1.0.100.202210260954/tools/bin/../lib/gcc/arm-none-eabi/10.3.1/../../../../arm-none-eabi/lib/thumb/v7e-m+fp/hard/libc_nano.a(lib_a-lock.o)
                0x000000000800e250                __retarget_lock_acquire_recursive
 .text.__retarget_lock_release_recursive
                0x000000000800e252        0x2 /home/yuxuan/st/stm32cubeide_1.11.0/plugins/com.st.stm32cube.ide.mcu.externaltools.gnu-tools-for-stm32.10.3-2021.10.linux64_1.0.100.202210260954/tools/bin/../lib/gcc/arm-none-eabi/10.3.1/../../../../arm-none-eabi/lib/thumb/v7e-m+fp/hard/libc_nano.a(lib_a-lock.o)
                0x000000000800e252                __retarget_lock_release_recursive
 .text.__swhatbuf_r
                0x000000000800e254       0x4a /home/yuxuan/st/stm32cubeide_1.11.0/plugins/com.st.stm32cube.ide.mcu.externaltools.gnu-tools-for-stm32.10.3-2021.10.linux64_1.0.100.202210260954/tools/bin/../lib/gcc/arm-none-eabi/10.3.1/../../../../arm-none-eabi/lib/thumb/v7e-m+fp/hard/libc_nano.a(lib_a-makebuf.o)
                0x000000000800e254                __swhatbuf_r
 *fill*         0x000000000800e29e        0x2 
 .text.__smakebuf_r
                0x000000000800e2a0       0x80 /home/yuxuan/st/stm32cubeide_1.11.0/plugins/com.st.stm32cube.ide.mcu.externaltools.gnu-tools-for-stm32.10.3-2021.10.linux64_1.0.100.202210260954/tools/bin/../lib/gcc/arm-none-eabi/10.3.1/../../../../arm-none-eabi/lib/thumb/v7e-m+fp/hard/libc_nano.a(lib_a-makebuf.o)
                0x000000000800e2a0                __smakebuf_r
 .text._malloc_usable_size_r
                0x000000000800e320       0x10 /home/yuxuan/st/stm32cubeide_1.11.0/plugins/com.st.stm32cube.ide.mcu.externaltools.gnu-tools-for-stm32.10.3-2021.10.linux64_1.0.100.202210260954/tools/bin/../lib/gcc/arm-none-eabi/10.3.1/../../../../arm-none-eabi/lib/thumb/v7e-m+fp/hard/libc_nano.a(lib_a-nano-msizer.o)
                0x000000000800e320                _malloc_usable_size_r
 .text._raise_r
                0x000000000800e330       0x50 /home/yuxuan/st/stm32cubeide_1.11.0/plugins/com.st.stm32cube.ide.mcu.externaltools.gnu-tools-for-stm32.10.3-2021.10.linux64_1.0.100.202210260954/tools/bin/../lib/gcc/arm-none-eabi/10.3.1/../../../../arm-none-eabi/lib/thumb/v7e-m+fp/hard/libc_nano.a(lib_a-signal.o)
                0x000000000800e330                _raise_r
 .text.raise    0x000000000800e380       0x10 /home/yuxuan/st/stm32cubeide_1.11.0/plugins/com.st.stm32cube.ide.mcu.externaltools.gnu-tools-for-stm32.10.3-2021.10.linux64_1.0.100.202210260954/tools/bin/../lib/gcc/arm-none-eabi/10.3.1/../../../../arm-none-eabi/lib/thumb/v7e-m+fp/hard/libc_nano.a(lib_a-signal.o)
                0x000000000800e380                raise
 .text._kill_r  0x000000000800e390       0x24 /home/yuxuan/st/stm32cubeide_1.11.0/plugins/com.st.stm32cube.ide.mcu.externaltools.gnu-tools-for-stm32.10.3-2021.10.linux64_1.0.100.202210260954/tools/bin/../lib/gcc/arm-none-eabi/10.3.1/../../../../arm-none-eabi/lib/thumb/v7e-m+fp/hard/libc_nano.a(lib_a-signalr.o)
                0x000000000800e390                _kill_r
 .text._getpid_r
                0x000000000800e3b4        0x4 /home/yuxuan/st/stm32cubeide_1.11.0/plugins/com.st.stm32cube.ide.mcu.externaltools.gnu-tools-for-stm32.10.3-2021.10.linux64_1.0.100.202210260954/tools/bin/../lib/gcc/arm-none-eabi/10.3.1/../../../../arm-none-eabi/lib/thumb/v7e-m+fp/hard/libc_nano.a(lib_a-signalr.o)
                0x000000000800e3b4                _getpid_r
 .text.__sread  0x000000000800e3b8       0x22 /home/yuxuan/st/stm32cubeide_1.11.0/plugins/com.st.stm32cube.ide.mcu.externaltools.gnu-tools-for-stm32.10.3-2021.10.linux64_1.0.100.202210260954/tools/bin/../lib/gcc/arm-none-eabi/10.3.1/../../../../arm-none-eabi/lib/thumb/v7e-m+fp/hard/libc_nano.a(lib_a-stdio.o)