Archive member included to satisfy reference by file (symbol)

/home/yuxuan/st/stm32cubeide_1.11.0/plugins/com.st.stm32cube.ide.mcu.externaltools.gnu-tools-for-stm32.10.3-2021.10.linux64_1.0.100.202210260954/tools/bin/../lib/gcc/arm-none-eabi/10.3.1/../../../../arm-none-eabi/lib/thumb/v7e-m+fp/hard/libc_nano.a(lib_a-errno.o)
                              ./Core/Src/syscalls.o (__errno)
/home/yuxuan/st/stm32cubeide_1.11.0/plugins/com.st.stm32cube.ide.mcu.externaltools.gnu-tools-for-stm32.10.3-2021.10.linux64_1.0.100.202210260954/tools/bin/../lib/gcc/arm-none-eabi/10.3.1/../../../../arm-none-eabi/lib/thumb/v7e-m+fp/hard/libc_nano.a(lib_a-exit.o)
                              /home/yuxuan/st/stm32cubeide_1.11.0/plugins/com.st.stm32cube.ide.mcu.externaltools.gnu-tools-for-stm32.10.3-2021.10.linux64_1.0.100.202210260954/tools/bin/../lib/gcc/arm-none-eabi/10.3.1/../../../../arm-none-eabi/lib/thumb/v7e-m+fp/hard/crt0.o (exit)
/home/yuxuan/st/stm32cubeide_1.11.0/plugins/com.st.stm32cube.ide.mcu.externaltools.gnu-tools-for-stm32.10.3-2021.10.linux64_1.0.100.202210260954/tools/bin/../lib/gcc/arm-none-eabi/10.3.1/../../../../arm-none-eabi/lib/thumb/v7e-m+fp/hard/libc_nano.a(lib_a-impure.o)
                              /home/yuxuan/st/stm32cubeide_1.11.0/plugins/com.st.stm32cube.ide.mcu.externaltools.gnu-tools-for-stm32.10.3-2021.10.linux64_1.0.100.202210260954/tools/bin/../lib/gcc/arm-none-eabi/10.3.1/../../../../arm-none-eabi/lib/thumb/v7e-m+fp/hard/libc_nano.a(lib_a-exit.o) (_global_impure_ptr)
/home/yuxuan/st/stm32cubeide_1.11.0/plugins/com.st.stm32cube.ide.mcu.externaltools.gnu-tools-for-stm32.10.3-2021.10.linux64_1.0.100.202210260954/tools/bin/../lib/gcc/arm-none-eabi/10.3.1/../../../../arm-none-eabi/lib/thumb/v7e-m+fp/hard/libc_nano.a(lib_a-init.o)
                              /home/yuxuan/st/stm32cubeide_1.11.0/plugins/com.st.stm32cube.ide.mcu.externaltools.gnu-tools-for-stm32.10.3-2021.10.linux64_1.0.100.202210260954/tools/bin/../lib/gcc/arm-none-eabi/10.3.1/../../../../arm-none-eabi/lib/thumb/v7e-m+fp/hard/crt0.o (__libc_init_array)
/home/yuxuan/st/stm32cubeide_1.11.0/plugins/com.st.stm32cube.ide.mcu.externaltools.gnu-tools-for-stm32.10.3-2021.10.linux64_1.0.100.202210260954/tools/bin/../lib/gcc/arm-none-eabi/10.3.1/../../../../arm-none-eabi/lib/thumb/v7e-m+fp/hard/libc_nano.a(lib_a-memset.o)
                              /home/yuxuan/st/stm32cubeide_1.11.0/plugins/com.st.stm32cube.ide.mcu.externaltools.gnu-tools-for-stm32.10.3-2021.10.linux64_1.0.100.202210260954/tools/bin/../lib/gcc/arm-none-eabi/10.3.1/../../../../arm-none-eabi/lib/thumb/v7e-m+fp/hard/crt0.o (memset)
/home/yuxuan/st/stm32cubeide_1.11.0/plugins/com.st.stm32cube.ide.mcu.externaltools.gnu-tools-for-stm32.10.3-2021.10.linux64_1.0.100.202210260954/tools/bin/../lib/gcc/arm-none-eabi/10.3.1/../../../../arm-none-eabi/lib/thumb/v7e-m+fp/hard/libc_nano.a(lib_a-vsprintf.o)
                              ./App_/Src/debug_uart.o (vsprintf)
/home/yuxuan/st/stm32cubeide_1.11.0/plugins/com.st.stm32cube.ide.mcu.externaltools.gnu-tools-for-stm32.10.3-2021.10.linux64_1.0.100.202210260954/tools/bin/../lib/gcc/arm-none-eabi/10.3.1/../../../../arm-none-eabi/lib/thumb/v7e-m+fp/hard/libc_nano.a(lib_a-nano-svfprintf.o)
                              /home/yuxuan/st/stm32cubeide_1.11.0/plugins/com.st.stm32cube.ide.mcu.externaltools.gnu-tools-for-stm32.10.3-2021.10.linux64_1.0.100.202210260954/tools/bin/../lib/gcc/arm-none-eabi/10.3.1/../../../../arm-none-eabi/lib/thumb/v7e-m+fp/hard/libc_nano.a(lib_a-vsprintf.o) (_svfprintf_r)
/home/yuxuan/st/stm32cubeide_1.11.0/plugins/com.st.stm32cube.ide.mcu.externaltools.gnu-tools-for-stm32.10.3-2021.10.linux64_1.0.100.202210260954/tools/bin/../lib/gcc/arm-none-eabi/10.3.1/../../../../arm-none-eabi/lib/thumb/v7e-m+fp/hard/libc_nano.a(lib_a-nano-vfprintf_i.o)
                              /home/yuxuan/st/stm32cubeide_1.11.0/plugins/com.st.stm32cube.ide.mcu.externaltools.gnu-tools-for-stm32.10.3-2021.10.linux64_1.0.100.202210260954/tools/bin/../lib/gcc/arm-none-eabi/10.3.1/../../../../arm-none-eabi/lib/thumb/v7e-m+fp/hard/libc_nano.a(lib_a-nano-svfprintf.o) (_printf_i)
/home/yuxuan/st/stm32cubeide_1.11.0/plugins/com.st.stm32cube.ide.mcu.externaltools.gnu-tools-for-stm32.10.3-2021.10.linux64_1.0.100.202210260954/tools/bin/../lib/gcc/arm-none-eabi/10.3.1/../../../../arm-none-eabi/lib/thumb/v7e-m+fp/hard/libc_nano.a(lib_a-memchr.o)
                              /home/yuxuan/st/stm32cubeide_1.11.0/plugins/com.st.stm32cube.ide.mcu.externaltools.gnu-tools-for-stm32.10.3-2021.10.linux64_1.0.100.202210260954/tools/bin/../lib/gcc/arm-none-eabi/10.3.1/../../../../arm-none-eabi/lib/thumb/v7e-m+fp/hard/libc_nano.a(lib_a-nano-svfprintf.o) (memchr)
/home/yuxuan/st/stm32cubeide_1.11.0/plugins/com.st.stm32cube.ide.mcu.externaltools.gnu-tools-for-stm32.10.3-2021.10.linux64_1.0.100.202210260954/tools/bin/../lib/gcc/arm-none-eabi/10.3.1/../../../../arm-none-eabi/lib/thumb/v7e-m+fp/hard/libc_nano.a(lib_a-memcpy-stub.o)
[...]
Memory Configuration

Name             Origin             Length             Attributes
CCMRAM           0x0000000010000000 0x0000000000010000 xrw
RAM              0x0000000020000000 0x0000000000030000 xrw
FLASH            0x0000000008000000 0x0000000000200000 xr
*default*        0x0000000000000000 0xffffffffffffffff

Linker script and memory map

LOAD /home/yuxuan/st/stm32cubeide_1.11.0/plugins/com.st.stm32cube.ide.mcu.externaltools.gnu-tools-for-stm32.10.3-2021.10.linux64_1.0.100.202210260954/tools/bin/../lib/gcc/arm-none-eabi/10.3.1/thumb/v7e-m+fp/hard/crti.o
LOAD /home/yuxuan/st/stm32cubeide_1.11.0/plugins/com.st.stm32cube.ide.mcu.externaltools.gnu-tools-for-stm32.10.3-2021.10.linux64_1.0.100.202210260954/tools/bin/../lib/gcc/arm-none-eabi/10.3.1/thumb/v7e-m+fp/hard/crtbegin.o
LOAD /home/yuxuan/st/stm32cubeide_1.11.0/plugins/com.st.stm32cube.ide.mcu.externaltools.gnu-tools-for-stm32.10.3-2021.10.linux64_1.0.100.202210260954/tools/bin/../lib/gcc/arm-none-eabi/10.3.1/../../../../arm-none-eabi/lib/thumb/v7e-m+fp/hard/crt0.o
LOAD ./App_/Src/debug_uart.o
LOAD ./App_/Src/motor.o
LOAD ./App_/Src/msg.o
LOAD ./App_/Src/uart_communication.o
LOAD ./Core/Src/can.o
LOAD ./Core/Src/dma.o
LOAD ./Core/Src/gpio.o
LOAD ./Core/Src/main.o
LOAD ./Core/Src/stm32f4xx_hal_msp.o
LOAD ./Core/Src/stm32f4xx_hal_timebase_tim.o
LOAD ./Core/Src/stm32f4xx_it.o
LOAD ./Core/Src/syscalls.o
LOAD ./Core/Src/sysmem.o
LOAD ./Core/Src/system_stm32f4xx.o
LOAD ./Core/Src/usart.o
LOAD ./Core/Startup/startup_stm32f427iihx.o
LOAD ./Drivers/STM32F4xx_HAL_Driver/Src/stm32f4xx_hal.o
LOAD ./Drivers/STM32F4xx_HAL_Driver/Src/stm32f4xx_hal_can.o
LOAD ./Drivers/STM32F4xx_HAL_Driver/Src/stm32f4xx_hal_cortex.o
LOAD ./Drivers/STM32F4xx_HAL_Driver/Src/stm32f4xx_hal_dma.o
LOAD ./Drivers/STM32F4xx_HAL_Driver/Src/stm32f4xx_hal_dma_ex.o
LOAD ./Drivers/STM32F4xx_HAL_Driver/Src/stm32f4xx_hal_exti.o
LOAD ./Drivers/STM32F4xx_HAL_Driver/Src/stm32f4xx_hal_flash.o
LOAD ./Drivers/STM32F4xx_HAL_Driver/Src/stm32f4xx_hal_flash_ex.o
LOAD ./Drivers/STM32F4xx_HAL_Driver/Src/stm32f4xx_hal_flash_ramfunc.o
LOAD ./Drivers/STM32F4xx_HAL_Driver/Src/stm32f4xx_hal_gpio.o
LOAD ./Drivers/STM32F4xx_HAL_Driver/Src/stm32f4xx_hal_pwr.o
LOAD ./Drivers/STM32F4xx_HAL_Driver/Src/stm32f4xx_hal_pwr_ex.o
LOAD ./Drivers/STM32F4xx_HAL_Driver/Src/stm32f4xx_hal_rcc.o
LOAD ./Drivers/STM32F4xx_HAL_Driver/Src/stm32f4xx_hal_rcc_ex.o
LOAD ./Drivers/STM32F4xx_HAL_Driver/Src/stm32f4xx_hal_tim.o
LOAD ./Drivers/STM32F4xx_HAL_Driver/Src/stm32f4xx_hal_tim_ex.o
LOAD ./Drivers/STM32F4xx_HAL_Driver/Src/stm32f4xx_hal_uart.o
START GROUP
LOAD /home/yuxuan/st/stm32cubeide_1.11.0/plugins/com.st.stm32cube.ide.mcu.externaltools.gnu-tools-for-stm32.10.3-2021.10.linux64_1.0.100.202210260954/tools/bin/../lib/gcc/arm-none-eabi/10.3.1/../../../../arm-none-eabi/lib/thumb/v7e-m+fp/hard/libc_nano.a
LOAD /home/yuxuan/st/stm32cubeide_1.11.0/plugins/com.st.stm32cube.ide.mcu.externaltools.gnu-tools-for-stm32.10.3-2021.10.linux64_1.0.100.202210260954/tools/bin/../lib/gcc/arm-none-eabi/10.3.1/../../../../arm-none-eabi/lib/thumb/v7e-m+fp/hard/libm.a
END GROUP
START GROUP
LOAD /home/yuxuan/st/stm32cubeide_1.11.0/plugins/com.st.stm32cube.ide.mcu.externaltools.gnu-tools-for-stm32.10.3-2021.10.linux64_1.0.100.202210260954/tools/bin/../lib/gcc/arm-none-eabi/10.3.1/thumb/v7e-m+fp/hard/libgcc.a
LOAD /home/yuxuan/st/stm32cubeide_1.11.0/plugins/com.st.stm32cube.ide.mcu.externaltools.gnu-tools-for-stm32.10.3-2021.10.linux64_1.0.100.202210260954/tools/bin/../lib/gcc/arm-none-eabi/10.3.1/../../../../arm-none-eabi/lib/thumb/v7e-m+fp/hard/libc_nano.a
END GROUP
START GROUP
LOAD /home/yuxuan/st/stm32cubeide_1.11.0/plugins/com.st.stm32cube.ide.mcu.externaltools.gnu-tools-for-stm32.10.3-2021.10.linux64_1.0.100.202210260954/tools/bin/../lib/gcc/arm-none-eabi/10.3.1/thumb/v7e-m+fp/hard/libgcc.a
LOAD /home/yuxuan/st/stm32cubeide_1.11.0/plugins/com.st.stm32cube.ide.mcu.externaltools.gnu-tools-for-stm32.10.3-2021.10.linux64_1.0.100.202210260954/tools/bin/../lib/gcc/arm-none-eabi/10.3.1/../../../../arm-none-eabi/lib/thumb/v7e-m+fp/hard/libc_nano.a
LOAD /home/yuxuan/st/stm32cubeide_1.11.0/plugins/com.st.stm32cube.ide.mcu.externaltools.gnu-tools-for-stm32.10.3-2021.10.linux64_1.0.100.202210260954/tools/bin/../lib/gcc/arm-none-eabi/10.3.1/../../../../arm-none-eabi/lib/thumb/v7e-m+fp/hard/libnosys.a
END GROUP
START GROUP
LOAD /home/yuxuan/st/stm32cubeide_1.11.0/plugins/com.st.stm32cube.ide.mcu.externaltools.gnu-tools-for-stm32.10.3-2021.10.linux64_1.0.100.202210260954/tools/bin/../lib/gcc/arm-none-eabi/10.3.1/thumb/v7e-m+fp/hard/libgcc.a
LOAD /home/yuxuan/st/stm32cubeide_1.11.0/plugins/com.st.stm32cube.ide.mcu.externaltools.gnu-tools-for-stm32.10.3-2021.10.linux64_1.0.100.202210260954/tools/bin/../lib/gcc/arm-none-eabi/10.3.1/../../../../arm-none-eabi/lib/thumb/v7e-m+fp/hard/libc_nano.a
LOAD /home/yuxuan/st/stm32cubeide_1.11.0/plugins/com.st.stm32cube.ide.mcu.externaltools.gnu-tools-for-stm32.10.3-2021.10.linux64_1.0.100.202210260954/tools/bin/../lib/gcc/arm-none-eabi/10.3.1/../../../../arm-none-eabi/lib/thumb/v7e-m+fp/hard/libnosys.a
END GROUP
LOAD /home/yuxuan/st/stm32cubeide_1.11.0/plugins/com.st.stm32cube.ide.mcu.externaltools.gnu-tools-for-stm32.10.3-2021.10.linux64_1.0.100.202210260954/tools/bin/../lib/gcc/arm-none-eabi/10.3.1/thumb/v7e-m+fp/hard/crtend.o
LOAD /home/yuxuan/st/stm32cubeide_1.11.0/plugins/com.st.stm32cube.ide.mcu.externaltools.gnu-tools-for-stm32.10.3-2021.10.linux64_1.0.100.202210260954/tools/bin/../lib/gcc/arm-none-eabi/10.3.1/thumb/v7e-m+fp/hard/crtn.o
                0x0000000020030000                _estack = (ORIGIN (RAM) + LENGTH (RAM))
                0x0000000000000200                _Min_Heap_Size = 0x200
                0x0000000000000400                _Min_Stack_Size = 0x400

.isr_vector     0x0000000008000000      0x1ac
                0x0000000008000000                . = ALIGN (0x4)
 *(.isr_vector)
 .isr_vector    0x0000000008000000      0x1ac ./Core/Startup/startup_stm32f427iihx.o
                0x0000000008000000                g_pfnVectors
                0x00000000080001ac                . = ALIGN (0x4)

.text           0x00000000080001b0     0x7288
                0x00000000080001b0                . = ALIGN (0x4)
 *(.text)
 .text          0x00000000080001b0       0x40 /home/yuxuan/st/stm32cubeide_1.11.0/plugins/com.st.stm32cube.ide.mcu.externaltools.gnu-tools-for-stm32.10.3-2021.10.linux64_1.0.100.202210260954/tools/bin/../lib/gcc/arm-none-eabi/10.3.1/thumb/v7e-m+fp/hard/crtbegin.o
 .text          0x00000000080001f0       0xa0 /home/yuxuan/st/stm32cubeide_1.11.0/plugins/com.st.stm32cube.ide.mcu.externaltools.gnu-tools-for-stm32.10.3-2021.10.linux64_1.0.100.202210260954/tools/bin/../lib/gcc/arm-none-eabi/10.3.1/../../../../arm-none-eabi/lib/thumb/v7e-m+fp/hard/libc_nano.a(lib_a-memchr.o)
                0x00000000080001f0                memchr
 .text          0x0000000008000290      0x378 /home/yuxuan/st/stm32cubeide_1.11.0/plugins/com.st.stm32cube.ide.mcu.externaltools.gnu-tools-for-stm32.10.3-2021.10.linux64_1.0.100.202210260954/tools/bin/../lib/gcc/arm-none-eabi/10.3.1/thumb/v7e-m+fp/hard/libgcc.a(_arm_addsubdf3.o)
                0x0000000008000290                __aeabi_drsub
                0x0000000008000298                __aeabi_dsub
                0x0000000008000298                __subdf3
                0x000000000800029c                __adddf3
                0x000000000800029c                __aeabi_dadd
                0x0000000008000514                __aeabi_ui2d
                0x0000000008000514                __floatunsidf
                0x0000000008000534                __floatsidf
                0x0000000008000534                __aeabi_i2d
                0x0000000008000558                __extendsfdf2
                0x0000000008000558                __aeabi_f2d
                0x000000000800059c                __aeabi_ul2d
                0x000000000800059c                __floatundidf
                0x00000000080005ac                __floatdidf
                0x00000000080005ac                __aeabi_l2d
 .text          0x0000000008000608      0x424 /home/yuxuan/st/stm32cubeide_1.11.0/plugins/com.st.stm32cube.ide.mcu.externaltools.gnu-tools-for-stm32.10.3-2021.10.linux64_1.0.100.202210260954/tools/bin/../lib/gcc/arm-none-eabi/10.3.1/thumb/v7e-m+fp/hard/libgcc.a(_arm_muldivdf3.o)
                0x0000000008000608                __aeabi_dmul
                0x0000000008000608                __muldf3
                0x000000000800085c                __aeabi_ddiv
                0x000000000800085c                __divdf3
 .text          0x0000000008000a2c       0x50 /home/yuxuan/st/stm32cubeide_1.11.0/plugins/com.st.stm32cube.ide.mcu.externaltools.gnu-tools-for-stm32.10.3-2021.10.linux64_1.0.100.202210260954/tools/bin/../lib/gcc/arm-none-eabi/10.3.1/thumb/v7e-m+fp/hard/libgcc.a(_arm_fixdfsi.o)
                0x0000000008000a2c                __fixdfsi
                0x0000000008000a2c                __aeabi_d2iz
 .text          0x0000000008000a7c       0xa0 /home/yuxuan/st/stm32cubeide_1.11.0/plugins/com.st.stm32cube.ide.mcu.externaltools.gnu-tools-for-stm32.10.3-2021.10.linux64_1.0.100.202210260954/tools/bin/../lib/gcc/arm-none-eabi/10.3.1/thumb/v7e-m+fp/hard/libgcc.a(_arm_truncdfsf2.o)
                0x0000000008000a7c                __aeabi_d2f
                0x0000000008000a7c                __truncdfsf2
 .text          0x0000000008000b1c       0x30 /home/yuxuan/st/stm32cubeide_1.11.0/plugins/com.st.stm32cube.ide.mcu.externaltools.gnu-tools-for-stm32.10.3-2021.10.linux64_1.0.100.202210260954/tools/bin/../lib/gcc/arm-none-eabi/10.3.1/thumb/v7e-m+fp/hard/libgcc.a(_aeabi_uldivmod.o)
                0x0000000008000b1c                __aeabi_uldivmod
 .text          0x0000000008000b4c      0x2d0 /home/yuxuan/st/stm32cubeide_1.11.0/plugins/com.st.stm32cube.ide.mcu.externaltools.gnu-tools-for-stm32.10.3-2021.10.linux64_1.0.100.202210260954/tools/bin/../lib/gcc/arm-none-eabi/10.3.1/thumb/v7e-m+fp/hard/libgcc.a(_udivmoddi4.o)
                0x0000000008000b4c                __udivmoddi4
 .text          0x0000000008000e1c        0x4 /home/yuxuan/st/stm32cubeide_1.11.0/plugins/com.st.stm32cube.ide.mcu.externaltools.gnu-tools-for-stm32.10.3-2021.10.linux64_1.0.100.202210260954/tools/bin/../lib/gcc/arm-none-eabi/10.3.1/thumb/v7e-m+fp/hard/libgcc.a(_dvmd_tls.o)
                0x0000000008000e1c                __aeabi_ldiv0
                0x0000000008000e1c                __aeabi_idiv0
 *(.text*)
 .text.debugPrint
                0x0000000008000e20       0x50 ./App_/Src/debug_uart.o
                0x0000000008000e20                debugPrint
 .text.CAN_FilterConfig
                0x0000000008000e70       0x60 ./App_/Src/motor.o
                0x0000000008000e70                CAN_FilterConfig
 .text.HAL_CAN_RxFifo0MsgPendingCallback
                0x0000000008000ed0       0x34 ./App_/Src/motor.o
                0x0000000008000ed0                HAL_CAN_RxFifo0MsgPendingCallback
 .text.CAN_SendMessage
                0x0000000008000f04       0x68 ./App_/Src/motor.o
                0x0000000008000f04                CAN_SendMessage
 .text.motor_init
                0x0000000008000f6c       0x8c ./App_/Src/motor.o
                0x0000000008000f6c                motor_init
 .text.motor_receive
                0x0000000008000ff8      0x268 ./App_/Src/motor.o
                0x0000000008000ff8                motor_receive
 .text.buffer_append_int32
                0x0000000008001260       0x7e ./App_/Src/motor.o
                0x0000000008001260                buffer_append_int32
 .text.buffer_append_int16
                0x00000000080012de       0x50 ./App_/Src/motor.o
                0x00000000080012de                buffer_append_int16
 *fill*         0x000000000800132e        0x2 
 .text.can_set_pos_spd
                0x0000000008001330      0x228 ./App_/Src/motor.o
                0x0000000008001330                can_set_pos_spd
 .text.can_set_origin
                0x0000000008001558       0x3c ./App_/Src/motor.o
                0x0000000008001558                can_set_origin
 .text.Motor_UpdateMessages
                0x0000000008001594      0x210 ./App_/Src/motor.o
                0x0000000008001594                Motor_UpdateMessages
 .text.Motor_Debug_CMDUnpack
                0x00000000080017a4      0x518 ./App_/Src/motor.o
                0x00000000080017a4                Motor_Debug_CMDUnpack
 .text.m2pmsg_memcpy
                0x0000000008001cbc       0xda ./App_/Src/msg.o
                0x0000000008001cbc                m2pmsg_memcpy
 *fill*         0x0000000008001d96        0x2 
 .text.Start_PCReceiveIT
                0x0000000008001d98       0x1c ./App_/Src/uart_communication.o
                0x0000000008001d98                Start_PCReceiveIT
 .text.HAL_UART_RxCpltCallback
                0x0000000008001db4       0x20 ./App_/Src/uart_communication.o
                0x0000000008001db4                HAL_UART_RxCpltCallback
 .text.HAL_UART_TxHalfCpltCallback
                0x0000000008001dd4       0x1c ./App_/Src/uart_communication.o
                0x0000000008001dd4                HAL_UART_TxHalfCpltCallback
 .text.PC_UnpackMessage
                0x0000000008001df0       0xf8 ./App_/Src/uart_communication.o
                0x0000000008001df0                PC_UnpackMessage
 .text.PC_PackMessage
                0x0000000008001ee8       0xe0 ./App_/Src/uart_communication.o
                0x0000000008001ee8                PC_PackMessage
 .text.PC_CommunicationErrorHandler
                0x0000000008001fc8       0x14 ./App_/Src/uart_communication.o
                0x0000000008001fc8                PC_CommunicationErrorHandler
 .text.MX_CAN1_Init
                0x0000000008001fdc       0x6c ./Core/Src/can.o
                0x0000000008001fdc                MX_CAN1_Init
 .text.HAL_CAN_MspInit
                0x0000000008002048       0xa0 ./Core/Src/can.o
                0x0000000008002048                HAL_CAN_MspInit
 .text.MX_DMA_Init
                0x00000000080020e8       0x9c ./Core/Src/dma.o
                0x00000000080020e8                MX_DMA_Init
 .text.MX_GPIO_Init
                0x0000000008002184       0xf8 ./Core/Src/gpio.o
                0x0000000008002184                MX_GPIO_Init
 .text.main     0x000000000800227c       0x4c ./Core/Src/main.o
                0x000000000800227c                main
 .text.SystemClock_Config
                0x00000000080022c8       0xd4 ./Core/Src/main.o
                0x00000000080022c8                SystemClock_Config
 .text.HAL_TIM_PeriodElapsedCallback
                0x000000000800239c       0x24 ./Core/Src/main.o
                0x000000000800239c                HAL_TIM_PeriodElapsedCallback
 .text.Error_Handler
                0x00000000080023c0        0xa ./Core/Src/main.o
                0x00000000080023c0                Error_Handler
 *fill*         0x00000000080023ca        0x2 
 .text.HAL_MspInit
                0x00000000080023cc       0x50 ./Core/Src/stm32f4xx_hal_msp.o
                0x00000000080023cc                HAL_MspInit
 .text.HAL_InitTick
                0x000000000800241c       0xf8 ./Core/Src/stm32f4xx_hal_timebase_tim.o
                0x000000000800241c                HAL_InitTick
 .text.NMI_Handler
                0x0000000008002514        0x6 ./Core/Src/stm32f4xx_it.o
                0x0000000008002514                NMI_Handler
 .text.HardFault_Handler
                0x000000000800251a        0x6 ./Core/Src/stm32f4xx_it.o
                0x000000000800251a                HardFault_Handler
 .text.MemManage_Handler
                0x0000000008002520        0x6 ./Core/Src/stm32f4xx_it.o
                0x0000000008002520                MemManage_Handler
 .text.BusFault_Handler
                0x0000000008002526        0x6 ./Core/Src/stm32f4xx_it.o
                0x0000000008002526                BusFault_Handler
 .text.UsageFault_Handler
                0x000000000800252c        0x6 ./Core/Src/stm32f4xx_it.o
                0x000000000800252c                UsageFault_Handler
 .text.SVC_Handler
                0x0000000008002532        0xe ./Core/Src/stm32f4xx_it.o
                0x0000000008002532                SVC_Handler
 .text.DebugMon_Handler
                0x0000000008002540        0xe ./Core/Src/stm32f4xx_it.o
                0x0000000008002540                DebugMon_Handler
 .text.PendSV_Handler
                0x000000000800254e        0xe ./Core/Src/stm32f4xx_it.o
                0x000000000800254e                PendSV_Handler
 .text.SysTick_Handler
                0x000000000800255c        0xe ./Core/Src/stm32f4xx_it.o
                0x000000000800255c                SysTick_Handler
 *fill*         0x000000000800256a        0x2 
 .text.DMA1_Stream0_IRQHandler
                0x000000000800256c       0x14 ./Core/Src/stm32f4xx_it.o
                0x000000000800256c                DMA1_Stream0_IRQHandler
 .text.DMA1_Stream1_IRQHandler
                0x0000000008002580       0x14 ./Core/Src/stm32f4xx_it.o
                0x0000000008002580                DMA1_Stream1_IRQHandler
 .text.DMA1_Stream3_IRQHandler
                0x0000000008002594       0x14 ./Core/Src/stm32f4xx_it.o
                0x0000000008002594                DMA1_Stream3_IRQHandler
 .text.CAN1_RX0_IRQHandler
                0x00000000080025a8       0x14 ./Core/Src/stm32f4xx_it.o
                0x00000000080025a8                CAN1_RX0_IRQHandler
 .text.TIM4_IRQHandler
                0x00000000080025bc       0x14 ./Core/Src/stm32f4xx_it.o
                0x00000000080025bc                TIM4_IRQHandler
 .text.DMA2_Stream1_IRQHandler
                0x00000000080025d0       0x14 ./Core/Src/stm32f4xx_it.o
                0x00000000080025d0                DMA2_Stream1_IRQHandler
 .text.DMA2_Stream6_IRQHandler
                0x00000000080025e4       0x14 ./Core/Src/stm32f4xx_it.o
                0x00000000080025e4                DMA2_Stream6_IRQHandler
 .text.USART6_IRQHandler
                0x00000000080025f8       0x14 ./Core/Src/stm32f4xx_it.o
                0x00000000080025f8                USART6_IRQHandler
 .text._sbrk    0x000000000800260c       0x6c ./Core/Src/sysmem.o
                0x000000000800260c                _sbrk
 .text.SystemInit
                0x0000000008002678       0x24 ./Core/Src/system_stm32f4xx.o
                0x0000000008002678                SystemInit
 .text.MX_UART8_Init
                0x000000000800269c       0x54 ./Core/Src/usart.o
                0x000000000800269c                MX_UART8_Init
 .text.MX_USART3_UART_Init
                0x00000000080026f0       0x54 ./Core/Src/usart.o
                0x00000000080026f0                MX_USART3_UART_Init
 .text.MX_USART6_UART_Init
                0x0000000008002744       0x54 ./Core/Src/usart.o
                0x0000000008002744                MX_USART6_UART_Init
 .text.HAL_UART_MspInit
                0x0000000008002798      0x37c ./Core/Src/usart.o
                0x0000000008002798                HAL_UART_MspInit
 .text.Reset_Handler
                0x0000000008002b14       0x50 ./Core/Startup/startup_stm32f427iihx.o
                0x0000000008002b14                Reset_Handler
 .text.Default_Handler
                0x0000000008002b64        0x2 ./Core/Startup/startup_stm32f427iihx.o
                0x0000000008002b64                RTC_Alarm_IRQHandler
                0x0000000008002b64                HASH_RNG_IRQHandler
                0x0000000008002b64                EXTI2_IRQHandler
                0x0000000008002b64                TIM8_CC_IRQHandler
                0x0000000008002b64                UART8_IRQHandler
                0x0000000008002b64                SPI4_IRQHandler
                0x0000000008002b64                TIM1_CC_IRQHandler
                0x0000000008002b64                DMA2_Stream5_IRQHandler
                0x0000000008002b64                DMA1_Stream5_IRQHandler
                0x0000000008002b64                PVD_IRQHandler
                0x0000000008002b64                SDIO_IRQHandler
                0x0000000008002b64                TAMP_STAMP_IRQHandler
                0x0000000008002b64                CAN2_RX1_IRQHandler
                0x0000000008002b64                EXTI3_IRQHandler
                0x0000000008002b64                TIM8_TRG_COM_TIM14_IRQHandler
                0x0000000008002b64                TIM1_UP_TIM10_IRQHandler
                0x0000000008002b64                TIM8_UP_TIM13_IRQHandler
                0x0000000008002b64                I2C3_ER_IRQHandler
                0x0000000008002b64                EXTI0_IRQHandler
                0x0000000008002b64                I2C2_EV_IRQHandler
                0x0000000008002b64                DMA1_Stream2_IRQHandler
                0x0000000008002b64                FPU_IRQHandler
                0x0000000008002b64                OTG_HS_WKUP_IRQHandler
                0x0000000008002b64                CAN2_SCE_IRQHandler
                0x0000000008002b64                DMA2_Stream2_IRQHandler
                0x0000000008002b64                SPI1_IRQHandler
                0x0000000008002b64                TIM6_DAC_IRQHandler
                0x0000000008002b64                TIM1_BRK_TIM9_IRQHandler
                0x0000000008002b64                DCMI_IRQHandler
                0x0000000008002b64                CAN2_RX0_IRQHandler
                0x0000000008002b64                DMA2_Stream3_IRQHandler
                0x0000000008002b64                USART3_IRQHandler
                0x0000000008002b64                CAN1_RX1_IRQHandler
                0x0000000008002b64                UART5_IRQHandler
                0x0000000008002b64                DMA2_Stream0_IRQHandler
                0x0000000008002b64                I2C1_EV_IRQHandler
                0x0000000008002b64                DMA1_Stream6_IRQHandler
                0x0000000008002b64                UART4_IRQHandler
                0x0000000008002b64                TIM3_IRQHandler
                0x0000000008002b64                RCC_IRQHandler
                0x0000000008002b64                TIM8_BRK_TIM12_IRQHandler
                0x0000000008002b64                Default_Handler
                0x0000000008002b64                EXTI15_10_IRQHandler
                0x0000000008002b64                ADC_IRQHandler
                0x0000000008002b64                DMA1_Stream7_IRQHandler
                0x0000000008002b64                SPI5_IRQHandler
                0x0000000008002b64                TIM7_IRQHandler
                0x0000000008002b64                CAN2_TX_IRQHandler
                0x0000000008002b64                TIM5_IRQHandler
                0x0000000008002b64                DMA2_Stream7_IRQHandler
                0x0000000008002b64                I2C3_EV_IRQHandler
                0x0000000008002b64                EXTI9_5_IRQHandler
                0x0000000008002b64                RTC_WKUP_IRQHandler
                0x0000000008002b64                ETH_WKUP_IRQHandler
                0x0000000008002b64                SPI2_IRQHandler
                0x0000000008002b64                OTG_HS_EP1_IN_IRQHandler
                0x0000000008002b64                CAN1_TX_IRQHandler
                0x0000000008002b64                EXTI4_IRQHandler
                0x0000000008002b64                ETH_IRQHandler
                0x0000000008002b64                OTG_HS_EP1_OUT_IRQHandler
                0x0000000008002b64                WWDG_IRQHandler
                0x0000000008002b64                SPI6_IRQHandler
                0x0000000008002b64                TIM2_IRQHandler
                0x0000000008002b64                OTG_FS_WKUP_IRQHandler
                0x0000000008002b64                TIM1_TRG_COM_TIM11_IRQHandler
                0x0000000008002b64                OTG_HS_IRQHandler
                0x0000000008002b64                DMA2D_IRQHandler
                0x0000000008002b64                EXTI1_IRQHandler
                0x0000000008002b64                UART7_IRQHandler
                0x0000000008002b64                USART2_IRQHandler
                0x0000000008002b64                I2C2_ER_IRQHandler
                0x0000000008002b64                CAN1_SCE_IRQHandler
                0x0000000008002b64                FLASH_IRQHandler
                0x0000000008002b64                DMA2_Stream4_IRQHandler
                0x0000000008002b64                USART1_IRQHandler
                0x0000000008002b64                OTG_FS_IRQHandler
                0x0000000008002b64                SPI3_IRQHandler
                0x0000000008002b64                DMA1_Stream4_IRQHandler
                0x0000000008002b64                I2C1_ER_IRQHandler
                0x0000000008002b64                FMC_IRQHandler
                0x0000000008002b64                SAI1_IRQHandler
 *fill*         0x0000000008002b66        0x2 
 .text.HAL_Init
                0x0000000008002b68       0x44 ./Drivers/STM32F4xx_HAL_Driver/Src/stm32f4xx_hal.o
                0x0000000008002b68                HAL_Init
 .text.HAL_IncTick
                0x0000000008002bac       0x28 ./Drivers/STM32F4xx_HAL_Driver/Src/stm32f4xx_hal.o
                0x0000000008002bac                HAL_IncTick
 .text.HAL_GetTick
                0x0000000008002bd4       0x18 ./Drivers/STM32F4xx_HAL_Driver/Src/stm32f4xx_hal.o
                0x0000000008002bd4                HAL_GetTick
 .text.HAL_Delay
                0x0000000008002bec       0x48 ./Drivers/STM32F4xx_HAL_Driver/Src/stm32f4xx_hal.o
                0x0000000008002bec                HAL_Delay
 .text.HAL_CAN_Init
                0x0000000008002c34      0x1f6 ./Drivers/STM32F4xx_HAL_Driver/Src/stm32f4xx_hal_can.o
                0x0000000008002c34                HAL_CAN_Init
 *fill*         0x0000000008002e2a        0x2 
 .text.HAL_CAN_ConfigFilter
                0x0000000008002e2c      0x1c0 ./Drivers/STM32F4xx_HAL_Driver/Src/stm32f4xx_hal_can.o
                0x0000000008002e2c                HAL_CAN_ConfigFilter
 .text.HAL_CAN_Start
                0x0000000008002fec       0x88 ./Drivers/STM32F4xx_HAL_Driver/Src/stm32f4xx_hal_can.o
                0x0000000008002fec                HAL_CAN_Start
 .text.HAL_CAN_AddTxMessage
                0x0000000008003074      0x1b6 ./Drivers/STM32F4xx_HAL_Driver/Src/stm32f4xx_hal_can.o
                0x0000000008003074                HAL_CAN_AddTxMessage
 .text.HAL_CAN_GetTxMailboxesFreeLevel
                0x000000000800322a       0x6a ./Drivers/STM32F4xx_HAL_Driver/Src/stm32f4xx_hal_can.o
                0x000000000800322a                HAL_CAN_GetTxMailboxesFreeLevel
 .text.HAL_CAN_GetRxMessage
                0x0000000008003294      0x224 ./Drivers/STM32F4xx_HAL_Driver/Src/stm32f4xx_hal_can.o
                0x0000000008003294                HAL_CAN_GetRxMessage
 .text.HAL_CAN_ActivateNotification
                0x00000000080034b8       0x4c ./Drivers/STM32F4xx_HAL_Driver/Src/stm32f4xx_hal_can.o
                0x00000000080034b8                HAL_CAN_ActivateNotification
 .text.HAL_CAN_IRQHandler
                0x0000000008003504      0x36e ./Drivers/STM32F4xx_HAL_Driver/Src/stm32f4xx_hal_can.o
                0x0000000008003504                HAL_CAN_IRQHandler
 .text.HAL_CAN_TxMailbox0CompleteCallback
                0x0000000008003872       0x14 ./Drivers/STM32F4xx_HAL_Driver/Src/stm32f4xx_hal_can.o
                0x0000000008003872                HAL_CAN_TxMailbox0CompleteCallback
 .text.HAL_CAN_TxMailbox1CompleteCallback
                0x0000000008003886       0x14 ./Drivers/STM32F4xx_HAL_Driver/Src/stm32f4xx_hal_can.o
                0x0000000008003886                HAL_CAN_TxMailbox1CompleteCallback
 .text.HAL_CAN_TxMailbox2CompleteCallback
                0x000000000800389a       0x14 ./Drivers/STM32F4xx_HAL_Driver/Src/stm32f4xx_hal_can.o
                0x000000000800389a                HAL_CAN_TxMailbox2CompleteCallback
 .text.HAL_CAN_TxMailbox0AbortCallback
                0x00000000080038ae       0x14 ./Drivers/STM32F4xx_HAL_Driver/Src/stm32f4xx_hal_can.o
                0x00000000080038ae                HAL_CAN_TxMailbox0AbortCallback
 .text.HAL_CAN_TxMailbox1AbortCallback
                0x00000000080038c2       0x14 ./Drivers/STM32F4xx_HAL_Driver/Src/stm32f4xx_hal_can.o
                0x00000000080038c2                HAL_CAN_TxMailbox1AbortCallback
 .text.HAL_CAN_TxMailbox2AbortCallback
                0x00000000080038d6       0x14 ./Drivers/STM32F4xx_HAL_Driver/Src/stm32f4xx_hal_can.o
                0x00000000080038d6                HAL_CAN_TxMailbox2AbortCallback
 .text.HAL_CAN_RxFifo0FullCallback
                0x00000000080038ea       0x14 ./Drivers/STM32F4xx_HAL_Driver/Src/stm32f4xx_hal_can.o
                0x00000000080038ea                HAL_CAN_RxFifo0FullCallback
 .text.HAL_CAN_RxFifo1MsgPendingCallback
                0x00000000080038fe       0x14 ./Drivers/STM32F4xx_HAL_Driver/Src/stm32f4xx_hal_can.o
                0x00000000080038fe                HAL_CAN_RxFifo1MsgPendingCallback
 .text.HAL_CAN_RxFifo1FullCallback
                0x0000000008003912       0x14 ./Drivers/STM32F4xx_HAL_Driver/Src/stm32f4xx_hal_can.o
                0x0000000008003912                HAL_CAN_RxFifo1FullCallback
 .text.HAL_CAN_SleepCallback
                0x0000000008003926       0x14 ./Drivers/STM32F4xx_HAL_Driver/Src/stm32f4xx_hal_can.o
                0x0000000008003926                HAL_CAN_SleepCallback
 .text.HAL_CAN_WakeUpFromRxMsgCallback
                0x000000000800393a       0x14 ./Drivers/STM32F4xx_HAL_Driver/Src/stm32f4xx_hal_can.o
                0x000000000800393a                HAL_CAN_WakeUpFromRxMsgCallback
 .text.HAL_CAN_ErrorCallback
                0x000000000800394e       0x14 ./Drivers/STM32F4xx_HAL_Driver/Src/stm32f4xx_hal_can.o
                0x000000000800394e                HAL_CAN_ErrorCallback
 *fill*         0x0000000008003962        0x2 
 .text.__NVIC_SetPriorityGrouping
                0x0000000008003964       0x48 ./Drivers/STM32F4xx_HAL_Driver/Src/stm32f4xx_hal_cortex.o
 .text.__NVIC_GetPriorityGrouping
                0x00000000080039ac       0x1c ./Drivers/STM32F4xx_HAL_Driver/Src/stm32f4xx_hal_cortex.o
 .text.__NVIC_EnableIRQ
                0x00000000080039c8       0x3c ./Drivers/STM32F4xx_HAL_Driver/Src/stm32f4xx_hal_cortex.o
 .text.__NVIC_SetPriority
                0x0000000008003a04       0x54 ./Drivers/STM32F4xx_HAL_Driver/Src/stm32f4xx_hal_cortex.o
 .text.NVIC_EncodePriority
                0x0000000008003a58       0x66 ./Drivers/STM32F4xx_HAL_Driver/Src/stm32f4xx_hal_cortex.o
 .text.HAL_NVIC_SetPriorityGrouping
                0x0000000008003abe       0x16 ./Drivers/STM32F4xx_HAL_Driver/Src/stm32f4xx_hal_cortex.o
                0x0000000008003abe                HAL_NVIC_SetPriorityGrouping
 .text.HAL_NVIC_SetPriority
                0x0000000008003ad4       0x38 ./Drivers/STM32F4xx_HAL_Driver/Src/stm32f4xx_hal_cortex.o
                0x0000000008003ad4                HAL_NVIC_SetPriority
 .text.HAL_NVIC_EnableIRQ
                0x0000000008003b0c       0x1c ./Drivers/STM32F4xx_HAL_Driver/Src/stm32f4xx_hal_cortex.o
                0x0000000008003b0c                HAL_NVIC_EnableIRQ
 .text.HAL_DMA_Init
                0x0000000008003b28      0x15c ./Drivers/STM32F4xx_HAL_Driver/Src/stm32f4xx_hal_dma.o
                0x0000000008003b28                HAL_DMA_Init
 .text.HAL_DMA_Start_IT
                0x0000000008003c84       0xb0 ./Drivers/STM32F4xx_HAL_Driver/Src/stm32f4xx_hal_dma.o
                0x0000000008003c84                HAL_DMA_Start_IT
 .text.HAL_DMA_Abort
                0x0000000008003d34       0xe0 ./Drivers/STM32F4xx_HAL_Driver/Src/stm32f4xx_hal_dma.o
                0x0000000008003d34                HAL_DMA_Abort
 .text.HAL_DMA_Abort_IT
                0x0000000008003e14       0x44 ./Drivers/STM32F4xx_HAL_Driver/Src/stm32f4xx_hal_dma.o
                0x0000000008003e14                HAL_DMA_Abort_IT
 .text.HAL_DMA_IRQHandler
                0x0000000008003e58      0x314 ./Drivers/STM32F4xx_HAL_Driver/Src/stm32f4xx_hal_dma.o
                0x0000000008003e58                HAL_DMA_IRQHandler
 .text.DMA_SetConfig
                0x000000000800416c       0x5c ./Drivers/STM32F4xx_HAL_Driver/Src/stm32f4xx_hal_dma.o
 .text.DMA_CalcBaseAndBitshift
                0x00000000080041c8       0x6c ./Drivers/STM32F4xx_HAL_Driver/Src/stm32f4xx_hal_dma.o
 .text.DMA_CheckFifoParam
                0x0000000008004234       0xf8 ./Drivers/STM32F4xx_HAL_Driver/Src/stm32f4xx_hal_dma.o
 .text.HAL_GPIO_Init
                0x000000000800432c      0x358 ./Drivers/STM32F4xx_HAL_Driver/Src/stm32f4xx_hal_gpio.o
                0x000000000800432c                HAL_GPIO_Init
 .text.HAL_GPIO_WritePin
                0x0000000008004684       0x32 ./Drivers/STM32F4xx_HAL_Driver/Src/stm32f4xx_hal_gpio.o
                0x0000000008004684                HAL_GPIO_WritePin
 *fill*         0x00000000080046b6        0x2 
 .text.HAL_RCC_OscConfig
                0x00000000080046b8      0x4f0 ./Drivers/STM32F4xx_HAL_Driver/Src/stm32f4xx_hal_rcc.o
                0x00000000080046b8                HAL_RCC_OscConfig
 .text.HAL_RCC_ClockConfig
                0x0000000008004ba8      0x1cc ./Drivers/STM32F4xx_HAL_Driver/Src/stm32f4xx_hal_rcc.o
                0x0000000008004ba8                HAL_RCC_ClockConfig
 .text.HAL_RCC_GetSysClockFreq
                0x0000000008004d74      0x18c ./Drivers/STM32F4xx_HAL_Driver/Src/stm32f4xx_hal_rcc.o
                0x0000000008004d74                HAL_RCC_GetSysClockFreq
 .text.HAL_RCC_GetHCLKFreq
                0x0000000008004f00       0x18 ./Drivers/STM32F4xx_HAL_Driver/Src/stm32f4xx_hal_rcc.o
                0x0000000008004f00                HAL_RCC_GetHCLKFreq
 .text.HAL_RCC_GetPCLK1Freq
                0x0000000008004f18       0x28 ./Drivers/STM32F4xx_HAL_Driver/Src/stm32f4xx_hal_rcc.o
                0x0000000008004f18                HAL_RCC_GetPCLK1Freq
 .text.HAL_RCC_GetPCLK2Freq
                0x0000000008004f40       0x28 ./Drivers/STM32F4xx_HAL_Driver/Src/stm32f4xx_hal_rcc.o
                0x0000000008004f40                HAL_RCC_GetPCLK2Freq
 .text.HAL_RCC_GetClockConfig
                0x0000000008004f68       0x64 ./Drivers/STM32F4xx_HAL_Driver/Src/stm32f4xx_hal_rcc.o
                0x0000000008004f68                HAL_RCC_GetClockConfig
 .text.HAL_TIM_Base_Init
                0x0000000008004fcc       0x9e ./Drivers/STM32F4xx_HAL_Driver/Src/stm32f4xx_hal_tim.o
                0x0000000008004fcc                HAL_TIM_Base_Init
 .text.HAL_TIM_Base_MspInit
                0x000000000800506a       0x14 ./Drivers/STM32F4xx_HAL_Driver/Src/stm32f4xx_hal_tim.o
                0x000000000800506a                HAL_TIM_Base_MspInit
 *fill*         0x000000000800507e        0x2 
 .text.HAL_TIM_Base_Start_IT
                0x0000000008005080       0xe0 ./Drivers/STM32F4xx_HAL_Driver/Src/stm32f4xx_hal_tim.o
                0x0000000008005080                HAL_TIM_Base_Start_IT
 .text.HAL_TIM_IRQHandler
                0x0000000008005160      0x210 ./Drivers/STM32F4xx_HAL_Driver/Src/stm32f4xx_hal_tim.o
                0x0000000008005160                HAL_TIM_IRQHandler
 .text.HAL_TIM_OC_DelayElapsedCallback
                0x0000000008005370       0x14 ./Drivers/STM32F4xx_HAL_Driver/Src/stm32f4xx_hal_tim.o
                0x0000000008005370                HAL_TIM_OC_DelayElapsedCallback
 .text.HAL_TIM_IC_CaptureCallback
                0x0000000008005384       0x14 ./Drivers/STM32F4xx_HAL_Driver/Src/stm32f4xx_hal_tim.o
                0x0000000008005384                HAL_TIM_IC_CaptureCallback
 .text.HAL_TIM_PWM_PulseFinishedCallback
                0x0000000008005398       0x14 ./Drivers/STM32F4xx_HAL_Driver/Src/stm32f4xx_hal_tim.o
                0x0000000008005398                HAL_TIM_PWM_PulseFinishedCallback
 .text.HAL_TIM_TriggerCallback
                0x00000000080053ac       0x14 ./Drivers/STM32F4xx_HAL_Driver/Src/stm32f4xx_hal_tim.o
                0x00000000080053ac                HAL_TIM_TriggerCallback
 .text.TIM_Base_SetConfig
                0x00000000080053c0      0x140 ./Drivers/STM32F4xx_HAL_Driver/Src/stm32f4xx_hal_tim.o
                0x00000000080053c0                TIM_Base_SetConfig
 .text.HAL_TIMEx_CommutCallback
                0x0000000008005500       0x14 ./Drivers/STM32F4xx_HAL_Driver/Src/stm32f4xx_hal_tim_ex.o
                0x0000000008005500                HAL_TIMEx_CommutCallback
 .text.HAL_TIMEx_BreakCallback
                0x0000000008005514       0x14 ./Drivers/STM32F4xx_HAL_Driver/Src/stm32f4xx_hal_tim_ex.o
                0x0000000008005514                HAL_TIMEx_BreakCallback
 .text.HAL_UART_Init
                0x0000000008005528       0x9a ./Drivers/STM32F4xx_HAL_Driver/Src/stm32f4xx_hal_uart.o
                0x0000000008005528                HAL_UART_Init
 .text.HAL_UART_Transmit
                0x00000000080055c2      0x124 ./Drivers/STM32F4xx_HAL_Driver/Src/stm32f4xx_hal_uart.o
                0x00000000080055c2                HAL_UART_Transmit
 *fill*         0x00000000080056e6        0x2 
 .text.HAL_UART_Transmit_DMA
                0x00000000080056e8       0xfc ./Drivers/STM32F4xx_HAL_Driver/Src/stm32f4xx_hal_uart.o
                0x00000000080056e8                HAL_UART_Transmit_DMA
 .text.HAL_UART_Receive_DMA
                0x00000000080057e4       0x60 ./Drivers/STM32F4xx_HAL_Driver/Src/stm32f4xx_hal_uart.o
                0x00000000080057e4                HAL_UART_Receive_DMA
 .text.HAL_UART_IRQHandler
                0x0000000008005844      0x51c ./Drivers/STM32F4xx_HAL_Driver/Src/stm32f4xx_hal_uart.o
                0x0000000008005844                HAL_UART_IRQHandler
 .text.HAL_UART_TxCpltCallback
                0x0000000008005d60       0x14 ./Drivers/STM32F4xx_HAL_Driver/Src/stm32f4xx_hal_uart.o
                0x0000000008005d60                HAL_UART_TxCpltCallback
 .text.HAL_UART_RxHalfCpltCallback
                0x0000000008005d74       0x14 ./Drivers/STM32F4xx_HAL_Driver/Src/stm32f4xx_hal_uart.o
                0x0000000008005d74                HAL_UART_RxHalfCpltCallback
 .text.HAL_UART_ErrorCallback
                0x0000000008005d88       0x14 ./Drivers/STM32F4xx_HAL_Driver/Src/stm32f4xx_hal_uart.o
                0x0000000008005d88                HAL_UART_ErrorCallback
 .text.HAL_UARTEx_RxEventCallback
                0x0000000008005d9c       0x18 ./Drivers/STM32F4xx_HAL_Driver/Src/stm32f4xx_hal_uart.o
                0x0000000008005d9c                HAL_UARTEx_RxEventCallback
 .text.UART_DMATransmitCplt
                0x0000000008005db4       0x9a ./Drivers/STM32F4xx_HAL_Driver/Src/stm32f4xx_hal_uart.o
 .text.UART_DMATxHalfCplt
                0x0000000008005e4e       0x1c ./Drivers/STM32F4xx_HAL_Driver/Src/stm32f4xx_hal_uart.o
 .text.UART_DMAReceiveCplt
                0x0000000008005e6a      0x126 ./Drivers/STM32F4xx_HAL_Driver/Src/stm32f4xx_hal_uart.o
 .text.UART_DMARxHalfCplt
                0x0000000008005f90       0x36 ./Drivers/STM32F4xx_HAL_Driver/Src/stm32f4xx_hal_uart.o
 .text.UART_DMAError
                0x0000000008005fc6       0x94 ./Drivers/STM32F4xx_HAL_Driver/Src/stm32f4xx_hal_uart.o
 .text.UART_WaitOnFlagUntilTimeout
                0x000000000800605a       0xdc ./Drivers/STM32F4xx_HAL_Driver/Src/stm32f4xx_hal_uart.o
 *fill*         0x0000000008006136        0x2 
 .text.UART_Start_Receive_DMA
                0x0000000008006138      0x13c ./Drivers/STM32F4xx_HAL_Driver/Src/stm32f4xx_hal_uart.o
                0x0000000008006138                UART_Start_Receive_DMA
 .text.UART_EndTxTransfer
                0x0000000008006274       0x50 ./Drivers/STM32F4xx_HAL_Driver/Src/stm32f4xx_hal_uart.o
 .text.UART_EndRxTransfer
                0x00000000080062c4       0xc6 ./Drivers/STM32F4xx_HAL_Driver/Src/stm32f4xx_hal_uart.o
 .text.UART_DMAAbortOnError
                0x000000000800638a       0x28 ./Drivers/STM32F4xx_HAL_Driver/Src/stm32f4xx_hal_uart.o
 .text.UART_Transmit_IT
                0x00000000080063b2       0xa0 ./Drivers/STM32F4xx_HAL_Driver/Src/stm32f4xx_hal_uart.o
 .text.UART_EndTransmit_IT
                0x0000000008006452       0x30 ./Drivers/STM32F4xx_HAL_Driver/Src/stm32f4xx_hal_uart.o
 .text.UART_Receive_IT
                0x0000000008006482      0x176 ./Drivers/STM32F4xx_HAL_Driver/Src/stm32f4xx_hal_uart.o
 .text.UART_SetConfig
                0x00000000080065f8      0x4e8 ./Drivers/STM32F4xx_HAL_Driver/Src/stm32f4xx_hal_uart.o
 .text.__errno  0x0000000008006ae0        0xc /home/yuxuan/st/stm32cubeide_1.11.0/plugins/com.st.stm32cube.ide.mcu.externaltools.gnu-tools-for-stm32.10.3-2021.10.linux64_1.0.100.202210260954/tools/bin/../lib/gcc/arm-none-eabi/10.3.1/../../../../arm-none-eabi/lib/thumb/v7e-m+fp/hard/libc_nano.a(lib_a-errno.o)
                0x0000000008006ae0                __errno
 .text.__libc_init_array
                0x0000000008006aec       0x48 /home/yuxuan/st/stm32cubeide_1.11.0/plugins/com.st.stm32cube.ide.mcu.externaltools.gnu-tools-for-stm32.10.3-2021.10.linux64_1.0.100.202210260954/tools/bin/../lib/gcc/arm-none-eabi/10.3.1/../../../../arm-none-eabi/lib/thumb/v7e-m+fp/hard/libc_nano.a(lib_a-init.o)
                0x0000000008006aec                __libc_init_array
 .text.memset   0x0000000008006b34       0x10 /home/yuxuan/st/stm32cubeide_1.11.0/plugins/com.st.stm32cube.ide.mcu.externaltools.gnu-tools-for-stm32.10.3-2021.10.linux64_1.0.100.202210260954/tools/bin/../lib/gcc/arm-none-eabi/10.3.1/../../../../arm-none-eabi/lib/thumb/v7e-m+fp/hard/libc_nano.a(lib_a-memset.o)
                0x0000000008006b34                memset
 .text._vsprintf_r
                0x0000000008006b44       0x2c /home/yuxuan/st/stm32cubeide_1.11.0/plugins/com.st.stm32cube.ide.mcu.externaltools.gnu-tools-for-stm32.10.3-2021.10.linux64_1.0.100.202210260954/tools/bin/../lib/gcc/arm-none-eabi/10.3.1/../../../../arm-none-eabi/lib/thumb/v7e-m+fp/hard/libc_nano.a(lib_a-vsprintf.o)
                0x0000000008006b44                _vsiprintf_r
                0x0000000008006b44                _vsprintf_r
 .text.vsprintf
                0x0000000008006b70       0x14 /home/yuxuan/st/stm32cubeide_1.11.0/plugins/com.st.stm32cube.ide.mcu.externaltools.gnu-tools-for-stm32.10.3-2021.10.linux64_1.0.100.202210260954/tools/bin/../lib/gcc/arm-none-eabi/10.3.1/../../../../arm-none-eabi/lib/thumb/v7e-m+fp/hard/libc_nano.a(lib_a-vsprintf.o)
                0x0000000008006b70                vsprintf
                0x0000000008006b70                vsiprintf
 .text.__ssputs_r
                0x0000000008006b84       0xb6 /home/yuxuan/st/stm32cubeide_1.11.0/plugins/com.st.stm32cube.ide.mcu.externaltools.gnu-tools-for-stm32.10.3-2021.10.linux64_1.0.100.202210260954/tools/bin/../lib/gcc/arm-none-eabi/10.3.1/../../../../arm-none-eabi/lib/thumb/v7e-m+fp/hard/libc_nano.a(lib_a-nano-svfprintf.o)
                0x0000000008006b84                __ssputs_r
 *fill*         0x0000000008006c3a        0x2 
 .text._svfprintf_r
                0x0000000008006c3c      0x200 /home/yuxuan/st/stm32cubeide_1.11.0/plugins/com.st.stm32cube.ide.mcu.externaltools.gnu-tools-for-stm32.10.3-2021.10.linux64_1.0.100.202210260954/tools/bin/../lib/gcc/arm-none-eabi/10.3.1/../../../../arm-none-eabi/lib/thumb/v7e-m+fp/hard/libc_nano.a(lib_a-nano-svfprintf.o)
                0x0000000008006c3c                _svfprintf_r
                0x0000000008006c3c                _svfiprintf_r
 .text._printf_common
                0x0000000008006e3c       0xda /home/yuxuan/st/stm32cubeide_1.11.0/plugins/com.st.stm32cube.ide.mcu.externaltools.gnu-tools-for-stm32.10.3-2021.10.linux64_1.0.100.202210260954/tools/bin/../lib/gcc/arm-none-eabi/10.3.1/../../../../arm-none-eabi/lib/thumb/v7e-m+fp/hard/libc_nano.a(lib_a-nano-vfprintf_i.o)
                0x0000000008006e3c                _printf_common
 *fill*         0x0000000008006f16        0x2 
 .text._printf_i
                0x0000000008006f18      0x24c /home/yuxuan/st/stm32cubeide_1.11.0/plugins/com.st.stm32cube.ide.mcu.externaltools.gnu-tools-for-stm32.10.3-2021.10.linux64_1.0.100.202210260954/tools/bin/../lib/gcc/arm-none-eabi/10.3.1/../../../../arm-none-eabi/lib/thumb/v7e-m+fp/hard/libc_nano.a(lib_a-nano-vfprintf_i.o)
                0x0000000008006f18                _printf_i
 .text.memcpy   0x0000000008007164       0x1c /home/yuxuan/st/stm32cubeide_1.11.0/plugins/com.st.stm32cube.ide.mcu.externaltools.gnu-tools-for-stm32.10.3-2021.10.linux64_1.0.100.202210260954/tools/bin/../lib/gcc/arm-none-eabi/10.3.1/../../../../arm-none-eabi/lib/thumb/v7e-m+fp/hard/libc_nano.a(lib_a-memcpy-stub.o)
                0x0000000008007164                memcpy
 .text.memmove  0x0000000008007180       0x34 /home/yuxuan/st/stm32cubeide_1.11.0/plugins/com.st.stm32cube.ide.mcu.externaltools.gnu-tools-for-stm32.10.3-2021.10.linux64_1.0.100.202210260954/tools/bin/../lib/gcc/arm-none-eabi/10.3.1/../../../../arm-none-eabi/lib/thumb/v7e-m+fp/hard/libc_nano.a(lib_a-memmove.o)
                0x0000000008007180                memmove
 .text._free_r  0x00000000080071b4       0x98 /home/yuxuan/st/stm32cubeide_1.11.0/plugins/com.st.stm32cube.ide.mcu.externaltools.gnu-tools-for-stm32.10.3-2021.10.linux64_1.0.100.202210260954/tools/bin/../lib/gcc/arm-none-eabi/10.3.1/../../../../arm-none-eabi/lib/thumb/v7e-m+fp/hard/libc_nano.a(lib_a-nano-freer.o)
                0x00000000080071b4                _free_r
 .text.sbrk_aligned
                0x000000000800724c       0x40 /home/yuxuan/st/stm32cubeide_1.11.0/plugins/com.st.stm32cube.ide.mcu.externaltools.gnu-tools-for-stm32.10.3-2021.10.linux64_1.0.100.202210260954/tools/bin/../lib/gcc/arm-none-eabi/10.3.1/../../../../arm-none-eabi/lib/thumb/v7e-m+fp/hard/libc_nano.a(lib_a-nano-mallocr.o)
 .text._malloc_r
                0x000000000800728c       0xe8 /home/yuxuan/st/stm32cubeide_1.11.0/plugins/com.st.stm32cube.ide.mcu.externaltools.gnu-tools-for-stm32.10.3-2021.10.linux64_1.0.100.202210260954/tools/bin/../lib/gcc/arm-none-eabi/10.3.1/../../../../arm-none-eabi/lib/thumb/v7e-m+fp/hard/libc_nano.a(lib_a-nano-mallocr.o)
                0x000000000800728c                _malloc_r
 .text._realloc_r
                0x0000000008007374       0x5e /home/yuxuan/st/stm32cubeide_1.11.0/plugins/com.st.stm32cube.ide.mcu.externaltools.gnu-tools-for-stm32.10.3-2021.10.linux64_1.0.100.202210260954/tools/bin/../lib/gcc/arm-none-eabi/10.3.1/../../../../arm-none-eabi/lib/thumb/v7e-m+fp/hard/libc_nano.a(lib_a-nano-reallocr.o)
                0x0000000008007374                _realloc_r
 *fill*         0x00000000080073d2        0x2 
 .text._sbrk_r  0x00000000080073d4       0x20 /home/yuxuan/st/stm32cubeide_1.11.0/plugins/com.st.stm32cube.ide.mcu.externaltools.gnu-tools-for-stm32.10.3-2021.10.linux64_1.0.100.202210260954/tools/bin/../lib/gcc/arm-none-eabi/10.3.1/../../../../arm-none-eabi/lib/thumb/v7e-m+fp/hard/libc_nano.a(lib_a-sbrkr.o)
                0x00000000080073d4                _sbrk_r
 .text.__malloc_lock
                0x00000000080073f4        0xc /home/yuxuan/st/stm32cubeide_1.11.0/plugins/com.st.stm32cube.ide.mcu.externaltools.gnu-tools-for-stm32.10.3-2021.10.linux64_1.0.100.202210260954/tools/bin/../lib/gcc/arm-none-eabi/10.3.1/../../../../arm-none-eabi/lib/thumb/v7e-m+fp/hard/libc_nano.a(lib_a-mlock.o)
                0x00000000080073f4                __malloc_lock
 .text.__malloc_unlock
                0x0000000008007400        0xc /home/yuxuan/st/stm32cubeide_1.11.0/plugins/com.st.stm32cube.ide.mcu.externaltools.gnu-tools-for-stm32.10.3-2021.10.linux64_1.0.100.202210260954/tools/bin/../lib/gcc/arm-none-eabi/10.3.1/../../../../arm-none-eabi/lib/thumb/v7e-m+fp/hard/libc_nano.a(lib_a-mlock.o)
                0x0000000008007400                __malloc_unlock
 .text._malloc_usable_size_r
                0x000000000800740c       0x10 /home/yuxuan/st/stm32cubeide_1.11.0/plugins/com.st.stm32cube.ide.mcu.externaltools.gnu-tools-for-stm32.10.3-2021.10.linux64_1.0.100.202210260954/tools/bin/../lib/gcc/arm-none-eabi/10.3.1/../../../../arm-none-eabi/lib/thumb/v7e-m+fp/hard/libc_nano.a(lib_a-nano-msizer.o)
                0x000000000800740c                _malloc_usable_size_r
 .text.__retarget_lock_acquire_recursive
                0x000000000800741c        0x2 /home/yuxuan/st/stm32cubeide_1.11.0/plugins/com.st.stm32cube.ide.mcu.externaltools.gnu-tools-for-stm32.10.3-2021.10.linux64_1.0.100.202210260954/tools/bin/../lib/gcc/arm-none-eabi/10.3.1/../../../../arm-none-eabi/lib/thumb/v7e-m+fp/hard/libc_nano.a(lib_a-lock.o)
                0x000000000800741c                __retarget_lock_acquire_recursive
 .text.__retarget_lock_release_recursive
                0x000000000800741e        0x2 /home/yuxuan/st/stm32cubeide_1.11.0/plugins/com.st.stm32cube.ide.mcu.externaltools.gnu-tools-for-stm32.10.3-2021.10.linux64_1.0.100.202210260954/tools/bin/../lib/gcc/arm-none-eabi/10.3.1/../../../../arm-none-eabi/lib/thumb/v7e-m+fp/hard/libc_nano.a(lib_a-lock.o)
                0x000000000800741e                __retarget_lock_release_recursive
 *(.glue_7)
 .glue_7        0x0000000008007420        0x0 linker stubs
 *(.glue_7t)
 .glue_7t       0x0000000008007420        0x0 linker stubs
 *(.eh_frame)
 .eh_frame      0x0000000008007420        0x0 /home/yuxuan/st/stm32cubeide_1.11.0/plugins/com.st.stm32cube.ide.mcu.externaltools.gnu-tools-for-stm32.10.3-2021.10.linux64_1.0.100.202210260954/tools/bin/../lib/gcc/arm-none-eabi/10.3.1/thumb/v7e-m+fp/hard/crtbegin.o
 *(.init)
 .init          0x0000000008007420        0x4 /home/yuxuan/st/stm32cubeide_1.11.0/plugins/com.st.stm32cube.ide.mcu.externaltools.gnu-tools-for-stm32.10.3-2021.10.linux64_1.0.100.202210260954/tools/bin/../lib/gcc/arm-none-eabi/10.3.1/thumb/v7e-m+fp/hard/crti.o
                0x0000000008007420                _init
 .init          0x0000000008007424        0x8 /home/yuxuan/st/stm32cubeide_1.11.0/plugins/com.st.stm32cube.ide.mcu.externaltools.gnu-tools-for-stm32.10.3-2021.10.linux64_1.0.100.202210260954/tools/bin/../lib/gcc/arm-none-eabi/10.3.1/thumb/v7e-m+fp/hard/crtn.o
 *(.fini)
 .fini          0x000000000800742c        0x4 /home/yuxuan/st/stm32cubeide_1.11.0/plugins/com.st.stm32cube.ide.mcu.externaltools.gnu-tools-for-stm32.10.3-2021.10.linux64_1.0.100.202210260954/tools/bin/../lib/gcc/arm-none-eabi/10.3.1/thumb/v7e-m+fp/hard/crti.o
                0x000000000800742c                _fini
 .fini          0x0000000008007430        0x8 /home/yuxuan/st/stm32cubeide_1.11.0/plugins/com.st.stm32cube.ide.mcu.externaltools.gnu-tools-for-stm32.10.3-2021.10.linux64_1.0.100.202210260954/tools/bin/../lib/gcc/arm-none-eabi/10.3.1/thumb/v7e-m+fp/hard/crtn.o
                0x0000000008007438                . = ALIGN (0x4)
                0x0000000008007438                _etext = .

.vfp11_veneer   0x0000000008007438        0x0
 .vfp11_veneer  0x0000000008007438        0x0 linker stubs

.v4_bx          0x0000000008007438        0x0
 .v4_bx         0x0000000008007438        0x0 linker stubs

.iplt           0x0000000008007438        0x0
 .iplt          0x0000000008007438        0x0 /home/yuxuan/st/stm32cubeide_1.11.0/plugins/com.st.stm32cube.ide.mcu.externaltools.gnu-tools-for-stm32.10.3-2021.10.linux64_1.0.100.202210260954/tools/bin/../lib/gcc/arm-none-eabi/10.3.1/thumb/v7e-m+fp/hard/crtbegin.o

.rodata         0x0000000008007438       0x78
                0x0000000008007438                . = ALIGN (0x4)
 *(.rodata)
 .rodata        0x0000000008007438        0x6 ./App_/Src/motor.o
 *fill*         0x000000000800743e        0x2 
 .rodata        0x0000000008007440       0x14 ./App_/Src/uart_communication.o
 .rodata        0x0000000008007454        0x8 ./Core/Src/main.o
 *(.rodata*)
 .rodata.AHBPrescTable
                0x000000000800745c       0x10 ./Core/Src/system_stm32f4xx.o
                0x000000000800745c                AHBPrescTable
 .rodata.APBPrescTable
                0x000000000800746c        0x8 ./Core/Src/system_stm32f4xx.o
                0x000000000800746c                APBPrescTable
 .rodata.flagBitshiftOffset.0
                0x0000000008007474        0x8 ./Drivers/STM32F4xx_HAL_Driver/Src/stm32f4xx_hal_dma.o
 .rodata._svfprintf_r.str1.1
                0x000000000800747c       0x11 /home/yuxuan/st/stm32cubeide_1.11.0/plugins/com.st.stm32cube.ide.mcu.externaltools.gnu-tools-for-stm32.10.3-2021.10.linux64_1.0.100.202210260954/tools/bin/../lib/gcc/arm-none-eabi/10.3.1/../../../../arm-none-eabi/lib/thumb/v7e-m+fp/hard/libc_nano.a(lib_a-nano-svfprintf.o)
 .rodata._printf_i.str1.1
                0x000000000800748d       0x22 /home/yuxuan/st/stm32cubeide_1.11.0/plugins/com.st.stm32cube.ide.mcu.externaltools.gnu-tools-for-stm32.10.3-2021.10.linux64_1.0.100.202210260954/tools/bin/../lib/gcc/arm-none-eabi/10.3.1/../../../../arm-none-eabi/lib/thumb/v7e-m+fp/hard/libc_nano.a(lib_a-nano-vfprintf_i.o)
                0x00000000080074b0                . = ALIGN (0x4)
 *fill*         0x00000000080074af        0x1 

.ARM.extab      0x00000000080074b0        0x0
                0x00000000080074b0                . = ALIGN (0x4)
 *(.ARM.extab* .gnu.linkonce.armextab.*)
                0x00000000080074b0                . = ALIGN (0x4)

.ARM            0x00000000080074b0        0x8
                0x00000000080074b0                . = ALIGN (0x4)
                0x00000000080074b0                __exidx_start = .
 *(.ARM.exidx*)
 .ARM.exidx     0x00000000080074b0        0x8 /home/yuxuan/st/stm32cubeide_1.11.0/plugins/com.st.stm32cube.ide.mcu.externaltools.gnu-tools-for-stm32.10.3-2021.10.linux64_1.0.100.202210260954/tools/bin/../lib/gcc/arm-none-eabi/10.3.1/thumb/v7e-m+fp/hard/libgcc.a(_udivmoddi4.o)
                0x00000000080074b8                __exidx_end = .
                0x00000000080074b8                . = ALIGN (0x4)

.rel.dyn        0x00000000080074b8        0x0
 .rel.iplt      0x00000000080074b8        0x0 /home/yuxuan/st/stm32cubeide_1.11.0/plugins/com.st.stm32cube.ide.mcu.externaltools.gnu-tools-for-stm32.10.3-2021.10.linux64_1.0.100.202210260954/tools/bin/../lib/gcc/arm-none-eabi/10.3.1/thumb/v7e-m+fp/hard/crtbegin.o

.preinit_array  0x00000000080074b8        0x0
                0x00000000080074b8                . = ALIGN (0x4)
                0x00000000080074b8                PROVIDE (__preinit_array_start = .)
 *(.preinit_array*)
                0x00000000080074b8                PROVIDE (__preinit_array_end = .)
                0x00000000080074b8                . = ALIGN (0x4)

.init_array     0x00000000080074b8        0x4
                0x00000000080074b8                . = ALIGN (0x4)
                0x00000000080074b8                PROVIDE (__init_array_start = .)
 *(SORT_BY_NAME(.init_array.*))
 *(.init_array*)
 .init_array    0x00000000080074b8        0x4 /home/yuxuan/st/stm32cubeide_1.11.0/plugins/com.st.stm32cube.ide.mcu.externaltools.gnu-tools-for-stm32.10.3-2021.10.linux64_1.0.100.202210260954/tools/bin/../lib/gcc/arm-none-eabi/10.3.1/thumb/v7e-m+fp/hard/crtbegin.o
                0x00000000080074bc                PROVIDE (__init_array_end = .)
                0x00000000080074bc                . = ALIGN (0x4)

.fini_array     0x00000000080074bc        0x4
                0x00000000080074bc                . = ALIGN (0x4)
                [!provide]                        PROVIDE (__fini_array_start = .)
 *(SORT_BY_NAME(.fini_array.*))
 *(.fini_array*)
 .fini_array    0x00000000080074bc        0x4 /home/yuxuan/st/stm32cubeide_1.11.0/plugins/com.st.stm32cube.ide.mcu.externaltools.gnu-tools-for-stm32.10.3-2021.10.linux64_1.0.100.202210260954/tools/bin/../lib/gcc/arm-none-eabi/10.3.1/thumb/v7e-m+fp/hard/crtbegin.o
                [!provide]                        PROVIDE (__fini_array_end = .)
                0x00000000080074c0                . = ALIGN (0x4)
                0x00000000080074c0                _sidata = LOADADDR (.data)

.data           0x0000000020000000      0x110 load address 0x00000000080074c0
                0x0000000020000000                . = ALIGN (0x4)
                0x0000000020000000                _sdata = .
 *(.data)
 *(.data*)
 .data.motor_knee
                0x0000000020000000       0x30 ./App_/Src/motor.o
                0x0000000020000000                motor_knee
 .data.motor_ankle
                0x0000000020000030       0x30 ./App_/Src/motor.o
                0x0000000020000030                motor_ankle
 .data.pos_max  0x0000000020000060        0x4 ./App_/Src/motor.o
 .data.vel_max  0x0000000020000064        0x4 ./App_/Src/motor.o
 .data.accel_max
                0x0000000020000068        0x4 ./App_/Src/motor.o
 .data.k_float2int16
                0x000000002000006c        0x4 ./App_/Src/msg.o
                0x000000002000006c                k_float2int16
 .data.b_float2int16
                0x0000000020000070        0x4 ./App_/Src/msg.o
                0x0000000020000070                b_float2int16
 .data.k_float2int12
                0x0000000020000074        0x4 ./App_/Src/msg.o
                0x0000000020000074                k_float2int12
 .data.b_float2int12
                0x0000000020000078        0x4 ./App_/Src/msg.o
                0x0000000020000078                b_float2int12
 .data.p2m      0x000000002000007c        0xe ./App_/Src/msg.o
                0x000000002000007c                p2m
 *fill*         0x000000002000008a        0x2 
 .data.m2p      0x000000002000008c        0xe ./App_/Src/msg.o
                0x000000002000008c                m2p
 *fill*         0x000000002000009a        0x2 
 .data.size_m2p
                0x000000002000009c        0x4 ./App_/Src/uart_communication.o
 .data.SystemCoreClock
                0x00000000200000a0        0x4 ./Core/Src/system_stm32f4xx.o
                0x00000000200000a0                SystemCoreClock
 .data.uwTickPrio
                0x00000000200000a4        0x4 ./Drivers/STM32F4xx_HAL_Driver/Src/stm32f4xx_hal.o
                0x00000000200000a4                uwTickPrio
 .data.uwTickFreq
                0x00000000200000a8        0x1 ./Drivers/STM32F4xx_HAL_Driver/Src/stm32f4xx_hal.o
                0x00000000200000a8                uwTickFreq
 *fill*         0x00000000200000a9        0x3 
 .data._impure_ptr
                0x00000000200000ac        0x4 /home/yuxuan/st/stm32cubeide_1.11.0/plugins/com.st.stm32cube.ide.mcu.externaltools.gnu-tools-for-stm32.10.3-2021.10.linux64_1.0.100.202210260954/tools/bin/../lib/gcc/arm-none-eabi/10.3.1/../../../../arm-none-eabi/lib/thumb/v7e-m+fp/hard/libc_nano.a(lib_a-impure.o)
                0x00000000200000ac                _impure_ptr
 .data.impure_data
                0x00000000200000b0       0x60 /home/yuxuan/st/stm32cubeide_1.11.0/plugins/com.st.stm32cube.ide.mcu.externaltools.gnu-tools-for-stm32.10.3-2021.10.linux64_1.0.100.202210260954/tools/bin/../lib/gcc/arm-none-eabi/10.3.1/../../../../arm-none-eabi/lib/thumb/v7e-m+fp/hard/libc_nano.a(lib_a-impure.o)
 *(.RamFunc)
 *(.RamFunc*)
                0x0000000020000110                . = ALIGN (0x4)
                0x0000000020000110                _edata = .
                0x00000000080075d0                _siccmram = LOADADDR (.ccmram)

.igot.plt       0x0000000020000110        0x0 load address 0x00000000080075d0
 .igot.plt      0x0000000020000110        0x0 /home/yuxuan/st/stm32cubeide_1.11.0/plugins/com.st.stm32cube.ide.mcu.externaltools.gnu-tools-for-stm32.10.3-2021.10.linux64_1.0.100.202210260954/tools/bin/../lib/gcc/arm-none-eabi/10.3.1/thumb/v7e-m+fp/hard/crtbegin.o

.ccmram         0x0000000010000000        0x0 load address 0x00000000080075d0
                0x0000000010000000                . = ALIGN (0x4)
                0x0000000010000000                _sccmram = .
 *(.ccmram)
 *(.ccmram*)
                0x0000000010000000                . = ALIGN (0x4)
                0x0000000010000000                _eccmram = .
                0x0000000010000000                . = ALIGN (0x4)

.bss            0x0000000020000110      0x43c
                0x0000000020000110                _sbss = .
                0x0000000020000110                __bss_start__ = _sbss
 *(.bss)
 .bss           0x0000000020000110       0x1c /home/yuxuan/st/stm32cubeide_1.11.0/plugins/com.st.stm32cube.ide.mcu.externaltools.gnu-tools-for-stm32.10.3-2021.10.linux64_1.0.100.202210260954/tools/bin/../lib/gcc/arm-none-eabi/10.3.1/thumb/v7e-m+fp/hard/crtbegin.o
 *(.bss*)
 .bss.tempBuf   0x000000002000012c       0x28 ./App_/Src/debug_uart.o
 .bss.txDataBuffer
                0x0000000020000154        0xa ./App_/Src/motor.o
 *fill*         0x000000002000015e        0x2 
 .bss.rxDataBuffer
                0x0000000020000160        0xa ./App_/Src/motor.o
 *fill*         0x000000002000016a        0x2 
 .bss.txHeader  0x000000002000016c       0x18 ./App_/Src/motor.o
                0x000000002000016c                txHeader
 .bss.rxHeader  0x0000000020000184       0x1c ./App_/Src/motor.o
                0x0000000020000184                rxHeader
 .bss.txMailBox
                0x00000000200001a0        0x4 ./App_/Src/motor.o
                0x00000000200001a0                txMailBox
 .bss.send_idx  0x00000000200001a4        0x1 ./App_/Src/motor.o
 *fill*         0x00000000200001a5        0x1 
 .bss.msg_ext_id
                0x00000000200001a6        0x2 ./App_/Src/motor.o
 .bss.pos_int   0x00000000200001a8        0x2 ./App_/Src/motor.o
 .bss.vel_int   0x00000000200001aa        0x2 ./App_/Src/motor.o
 .bss.cur_int   0x00000000200001ac        0x2 ./App_/Src/motor.o
 .bss.temp_int  0x00000000200001ae        0x2 ./App_/Src/motor.o
 .bss.pos_actual_rtmotor
                0x00000000200001b0        0x4 ./App_/Src/motor.o
                0x00000000200001b0                pos_actual_rtmotor
 .bss.txDataBuffer
                0x00000000200001b4       0x28 ./App_/Src/uart_communication.o
 .bss.rxDataBuffer
                0x00000000200001dc       0x28 ./App_/Src/uart_communication.o
 .bss.rx_len    0x0000000020000204        0x4 ./App_/Src/uart_communication.o
 .bss.tx_len    0x0000000020000208        0x4 ./App_/Src/uart_communication.o
 .bss.count     0x000000002000020c        0x1 ./App_/Src/uart_communication.o
 *fill*         0x000000002000020d        0x3 
 .bss.pos_desired_rtpc
                0x0000000020000210        0x4 ./App_/Src/uart_communication.o
                0x0000000020000210                pos_desired_rtpc
 .bss.pos_actual_rtpc
                0x0000000020000214        0x4 ./App_/Src/uart_communication.o
                0x0000000020000214                pos_actual_rtpc
 .bss.hcan1     0x0000000020000218       0x28 ./Core/Src/can.o
                0x0000000020000218                hcan1
 .bss.htim4     0x0000000020000240       0x48 ./Core/Src/stm32f4xx_hal_timebase_tim.o
                0x0000000020000240                htim4
 .bss.__sbrk_heap_end
                0x0000000020000288        0x4 ./Core/Src/sysmem.o
 .bss.huart8    0x000000002000028c       0x44 ./Core/Src/usart.o
                0x000000002000028c                huart8
 .bss.huart3    0x00000000200002d0       0x44 ./Core/Src/usart.o
                0x00000000200002d0                huart3
 .bss.huart6    0x0000000020000314       0x44 ./Core/Src/usart.o
                0x0000000020000314                huart6
 .bss.hdma_uart8_tx
                0x0000000020000358       0x60 ./Core/Src/usart.o
                0x0000000020000358                hdma_uart8_tx
 .bss.hdma_usart3_rx
                0x00000000200003b8       0x60 ./Core/Src/usart.o
                0x00000000200003b8                hdma_usart3_rx
 .bss.hdma_usart3_tx
                0x0000000020000418       0x60 ./Core/Src/usart.o
                0x0000000020000418                hdma_usart3_tx
 .bss.hdma_usart6_rx
                0x0000000020000478       0x60 ./Core/Src/usart.o
                0x0000000020000478                hdma_usart6_rx
 .bss.hdma_usart6_tx
                0x00000000200004d8       0x60 ./Core/Src/usart.o
                0x00000000200004d8                hdma_usart6_tx
 .bss.uwTick    0x0000000020000538        0x4 ./Drivers/STM32F4xx_HAL_Driver/Src/stm32f4xx_hal.o
                0x0000000020000538                uwTick
 .bss.__malloc_free_list
                0x000000002000053c        0x4 /home/yuxuan/st/stm32cubeide_1.11.0/plugins/com.st.stm32cube.ide.mcu.externaltools.gnu-tools-for-stm32.10.3-2021.10.linux64_1.0.100.202210260954/tools/bin/../lib/gcc/arm-none-eabi/10.3.1/../../../../arm-none-eabi/lib/thumb/v7e-m+fp/hard/libc_nano.a(lib_a-nano-mallocr.o)
                0x000000002000053c                __malloc_free_list
 .bss.__malloc_sbrk_start
                0x0000000020000540        0x4 /home/yuxuan/st/stm32cubeide_1.11.0/plugins/com.st.stm32cube.ide.mcu.externaltools.gnu-tools-for-stm32.10.3-2021.10.linux64_1.0.100.202210260954/tools/bin/../lib/gcc/arm-none-eabi/10.3.1/../../../../arm-none-eabi/lib/thumb/v7e-m+fp/hard/libc_nano.a(lib_a-nano-mallocr.o)
                0x0000000020000540                __malloc_sbrk_start
 .bss.errno     0x0000000020000544        0x4 /home/yuxuan/st/stm32cubeide_1.11.0/plugins/com.st.stm32cube.ide.mcu.externaltools.gnu-tools-for-stm32.10.3-2021.10.linux64_1.0.100.202210260954/tools/bin/../lib/gcc/arm-none-eabi/10.3.1/../../../../arm-none-eabi/lib/thumb/v7e-m+fp/hard/libc_nano.a(lib_a-reent.o)
                0x0000000020000544                errno
 .bss.__lock___malloc_recursive_mutex
                0x0000000020000548        0x1 /home/yuxuan/st/stm32cubeide_1.11.0/plugins/com.st.stm32cube.ide.mcu.externaltools.gnu-tools-for-stm32.10.3-2021.10.linux64_1.0.100.202210260954/tools/bin/../lib/gcc/arm-none-eabi/10.3.1/../../../../arm-none-eabi/lib/thumb/v7e-m+fp/hard/libc_nano.a(lib_a-lock.o)
                0x0000000020000548                __lock___malloc_recursive_mutex
 *(COMMON)
                0x000000002000054c                . = ALIGN (0x4)
 *fill*         0x0000000020000549        0x3 
                0x000000002000054c                _ebss = .
                0x000000002000054c                __bss_end__ = _ebss

._user_heap_stack
                0x000000002000054c      0x604
                0x0000000020000550                . = ALIGN (0x8)
 *fill*         0x000000002000054c        0x4 
                [!provide]                        PROVIDE (end = .)
                0x0000000020000550                PROVIDE (_end = .)
                0x0000000020000750                . = (. + _Min_Heap_Size)
 *fill*         0x0000000020000550      0x200 
                0x0000000020000b50                . = (. + _Min_Stack_Size)
 *fill*         0x0000000020000750      0x400 
                0x0000000020000b50                . = ALIGN (0x8)

/DISCARD/
 libc.a(*)
 libm.a(*)
 libgcc.a(*)

.ARM.attributes
                0x0000000000000000       0x30
 *(.ARM.attributes)
 .ARM.attributes
                0x0000000000000000       0x1e /home/yuxuan/st/stm32cubeide_1.11.0/plugins/com.st.stm32cube.ide.mcu.externaltools.gnu-tools-for-stm32.10.3-2021.10.linux64_1.0.100.202210260954/tools/bin/../lib/gcc/arm-none-eabi/10.3.1/thumb/v7e-m+fp/hard/crti.o
 .ARM.attributes
                0x000000000000001e       0x34 /home/yuxuan/st/stm32cubeide_1.11.0/plugins/com.st.stm32cube.ide.mcu.externaltools.gnu-tools-for-stm32.10.3-2021.10.linux64_1.0.100.202210260954/tools/bin/../lib/gcc/arm-none-eabi/10.3.1/thumb/v7e-m+fp/hard/crtbegin.o
 .ARM.attributes
                0x0000000000000052       0x34 ./App_/Src/debug_uart.o
 .ARM.attributes
                0x0000000000000086       0x34 ./App_/Src/motor.o
 .ARM.attributes
                0x00000000000000ba       0x34 ./App_/Src/msg.o
 .ARM.attributes
                0x00000000000000ee       0x34 ./App_/Src/uart_communication.o
 .ARM.attributes
                0x0000000000000122       0x34 ./Core/Src/can.o
 .ARM.attributes
                0x0000000000000156       0x34 ./Core/Src/dma.o
 .ARM.attributes
                0x000000000000018a       0x34 ./Core/Src/gpio.o
 .ARM.attributes
                0x00000000000001be       0x34 ./Core/Src/main.o
 .ARM.attributes
                0x00000000000001f2       0x34 ./Core/Src/stm32f4xx_hal_msp.o
 .ARM.attributes
                0x0000000000000226       0x34 ./Core/Src/stm32f4xx_hal_timebase_tim.o
 .ARM.attributes
                0x000000000000025a       0x34 ./Core/Src/stm32f4xx_it.o
 .ARM.attributes
                0x000000000000028e       0x34 ./Core/Src/sysmem.o
 .ARM.attributes
                0x00000000000002c2       0x34 ./Core/Src/system_stm32f4xx.o
 .ARM.attributes
                0x00000000000002f6       0x34 ./Core/Src/usart.o
 .ARM.attributes
                0x000000000000032a       0x21 ./Core/Startup/startup_stm32f427iihx.o
 .ARM.attributes
                0x000000000000034b       0x34 ./Drivers/STM32F4xx_HAL_Driver/Src/stm32f4xx_hal.o
 .ARM.attributes
                0x000000000000037f       0x34 ./Drivers/STM32F4xx_HAL_Driver/Src/stm32f4xx_hal_can.o
 .ARM.attributes
                0x00000000000003b3       0x34 ./Drivers/STM32F4xx_HAL_Driver/Src/stm32f4xx_hal_cortex.o
 .ARM.attributes
                0x00000000000003e7       0x34 ./Drivers/STM32F4xx_HAL_Driver/Src/stm32f4xx_hal_dma.o
 .ARM.attributes
                0x000000000000041b       0x34 ./Drivers/STM32F4xx_HAL_Driver/Src/stm32f4xx_hal_gpio.o
 .ARM.attributes
                0x000000000000044f       0x34 ./Drivers/STM32F4xx_HAL_Driver/Src/stm32f4xx_hal_rcc.o
 .ARM.attributes
                0x0000000000000483       0x34 ./Drivers/STM32F4xx_HAL_Driver/Src/stm32f4xx_hal_tim.o
 .ARM.attributes
                0x00000000000004b7       0x34 ./Drivers/STM32F4xx_HAL_Driver/Src/stm32f4xx_hal_tim_ex.o
 .ARM.attributes
                0x00000000000004eb       0x34 ./Drivers/STM32F4xx_HAL_Driver/Src/stm32f4xx_hal_uart.o
 .ARM.attributes
                0x000000000000051f       0x34 /home/yuxuan/st/stm32cubeide_1.11.0/plugins/com.st.stm32cube.ide.mcu.externaltools.gnu-tools-for-stm32.10.3-2021.10.linux64_1.0.100.202210260954/tools/bin/../lib/gcc/arm-none-eabi/10.3.1/../../../../arm-none-eabi/lib/thumb/v7e-m+fp/hard/libc_nano.a(lib_a-errno.o)
 .ARM.attributes
                0x0000000000000553       0x34 /home/yuxuan/st/stm32cubeide_1.11.0/plugins/com.st.stm32cube.ide.mcu.externaltools.gnu-tools-for-stm32.10.3-2021.10.linux64_1.0.100.202210260954/tools/bin/../lib/gcc/arm-none-eabi/10.3.1/../../../../arm-none-eabi/lib/thumb/v7e-m+fp/hard/libc_nano.a(lib_a-impure.o)
 .ARM.attributes
                0x0000000000000587       0x34 /home/yuxuan/st/stm32cubeide_1.11.0/plugins/com.st.stm32cube.ide.mcu.externaltools.gnu-tools-for-stm32.10.3-2021.10.linux64_1.0.100.202210260954/tools/bin/../lib/gcc/arm-none-eabi/10.3.1/../../../../arm-none-eabi/lib/thumb/v7e-m+fp/hard/libc_nano.a(lib_a-init.o)
 .ARM.attributes
                0x00000000000005bb       0x34 /home/yuxuan/st/stm32cubeide_1.11.0/plugins/com.st.stm32cube.ide.mcu.externaltools.gnu-tools-for-stm32.10.3-2021.10.linux64_1.0.100.202210260954/tools/bin/../lib/gcc/arm-none-eabi/10.3.1/../../../../arm-none-eabi/lib/thumb/v7e-m+fp/hard/libc_nano.a(lib_a-memset.o)
 .ARM.attributes
                0x00000000000005ef       0x34 /home/yuxuan/st/stm32cubeide_1.11.0/plugins/com.st.stm32cube.ide.mcu.externaltools.gnu-tools-for-stm32.10.3-2021.10.linux64_1.0.100.202210260954/tools/bin/../lib/gcc/arm-none-eabi/10.3.1/../../../../arm-none-eabi/lib/thumb/v7e-m+fp/hard/libc_nano.a(lib_a-vsprintf.o)
 .ARM.attributes
                0x0000000000000623       0x34 /home/yuxuan/st/stm32cubeide_1.11.0/plugins/com.st.stm32cube.ide.mcu.externaltools.gnu-tools-for-stm32.10.3-2021.10.linux64_1.0.100.202210260954/tools/bin/../lib/gcc/arm-none-eabi/10.3.1/../../../../arm-none-eabi/lib/thumb/v7e-m+fp/hard/libc_nano.a(lib_a-nano-svfprintf.o)
 .ARM.attributes
                0x0000000000000657       0x34 /home/yuxuan/st/stm32cubeide_1.11.0/plugins/com.st.stm32cube.ide.mcu.externaltools.gnu-tools-for-stm32.10.3-2021.10.linux64_1.0.100.202210260954/tools/bin/../lib/gcc/arm-none-eabi/10.3.1/../../../../arm-none-eabi/lib/thumb/v7e-m+fp/hard/libc_nano.a(lib_a-nano-vfprintf_i.o)
 .ARM.attributes
                0x000000000000068b       0x1c /home/yuxuan/st/stm32cubeide_1.11.0/plugins/com.st.stm32cube.ide.mcu.externaltools.gnu-tools-for-stm32.10.3-2021.10.linux64_1.0.100.202210260954/tools/bin/../lib/gcc/arm-none-eabi/10.3.1/../../../../arm-none-eabi/lib/thumb/v7e-m+fp/hard/libc_nano.a(lib_a-memchr.o)
 .ARM.attributes
                0x00000000000006a7       0x34 /home/yuxuan/st/stm32cubeide_1.11.0/plugins/com.st.stm32cube.ide.mcu.externaltools.gnu-tools-for-stm32.10.3-2021.10.linux64_1.0.100.202210260954/tools/bin/../lib/gcc/arm-none-eabi/10.3.1/../../../../arm-none-eabi/lib/thumb/v7e-m+fp/hard/libc_nano.a(lib_a-memcpy-stub.o)
 .ARM.attributes
                0x00000000000006db       0x34 /home/yuxuan/st/stm32cubeide_1.11.0/plugins/com.st.stm32cube.ide.mcu.externaltools.gnu-tools-for-stm32.10.3-2021.10.linux64_1.0.100.202210260954/tools/bin/../lib/gcc/arm-none-eabi/10.3.1/../../../../arm-none-eabi/lib/thumb/v7e-m+fp/hard/libc_nano.a(lib_a-memmove.o)
 .ARM.attributes
                0x000000000000070f       0x34 /home/yuxuan/st/stm32cubeide_1.11.0/plugins/com.st.stm32cube.ide.mcu.externaltools.gnu-tools-for-stm32.10.3-2021.10.linux64_1.0.100.202210260954/tools/bin/../lib/gcc/arm-none-eabi/10.3.1/../../../../arm-none-eabi/lib/thumb/v7e-m+fp/hard/libc_nano.a(lib_a-nano-freer.o)
 .ARM.attributes
                0x0000000000000743       0x34 /home/yuxuan/st/stm32cubeide_1.11.0/plugins/com.st.stm32cube.ide.mcu.externaltools.gnu-tools-for-stm32.10.3-2021.10.linux64_1.0.100.202210260954/tools/bin/../lib/gcc/arm-none-eabi/10.3.1/../../../../arm-none-eabi/lib/thumb/v7e-m+fp/hard/libc_nano.a(lib_a-nano-mallocr.o)
 .ARM.attributes
                0x0000000000000777       0x34 /home/yuxuan/st/stm32cubeide_1.11.0/plugins/com.st.stm32cube.ide.mcu.externaltools.gnu-tools-for-stm32.10.3-2021.10.linux64_1.0.100.202210260954/tools/bin/../lib/gcc/arm-none-eabi/10.3.1/../../../../arm-none-eabi/lib/thumb/v7e-m+fp/hard/libc_nano.a(lib_a-nano-reallocr.o)
 .ARM.attributes
                0x00000000000007ab       0x34 /home/yuxuan/st/stm32cubeide_1.11.0/plugins/com.st.stm32cube.ide.mcu.externaltools.gnu-tools-for-stm32.10.3-2021.10.linux64_1.0.100.202210260954/tools/bin/../lib/gcc/arm-none-eabi/10.3.1/../../../../arm-none-eabi/lib/thumb/v7e-m+fp/hard/libc_nano.a(lib_a-sbrkr.o)
 .ARM.attributes
                0x00000000000007df       0x34 /home/yuxuan/st/stm32cubeide_1.11.0/plugins/com.st.stm32cube.ide.mcu.externaltools.gnu-tools-for-stm32.10.3-2021.10.linux64_1.0.100.202210260954/tools/bin/../lib/gcc/arm-none-eabi/10.3.1/../../../../arm-none-eabi/lib/thumb/v7e-m+fp/hard/libc_nano.a(lib_a-mlock.o)
 .ARM.attributes
                0x0000000000000813       0x34 /home/yuxuan/st/stm32cubeide_1.11.0/plugins/com.st.stm32cube.ide.mcu.externaltools.gnu-tools-for-stm32.10.3-2021.10.linux64_1.0.100.202210260954/tools/bin/../lib/gcc/arm-none-eabi/10.3.1/../../../../arm-none-eabi/lib/thumb/v7e-m+fp/hard/libc_nano.a(lib_a-nano-msizer.o)
 .ARM.attributes
                0x0000000000000847       0x34 /home/yuxuan/st/stm32cubeide_1.11.0/plugins/com.st.stm32cube.ide.mcu.externaltools.gnu-tools-for-stm32.10.3-2021.10.linux64_1.0.100.202210260954/tools/bin/../lib/gcc/arm-none-eabi/10.3.1/../../../../arm-none-eabi/lib/thumb/v7e-m+fp/hard/libc_nano.a(lib_a-reent.o)
 .ARM.attributes
                0x000000000000087b       0x34 /home/yuxuan/st/stm32cubeide_1.11.0/plugins/com.st.stm32cube.ide.mcu.externaltools.gnu-tools-for-stm32.10.3-2021.10.linux64_1.0.100.202210260954/tools/bin/../lib/gcc/arm-none-eabi/10.3.1/../../../../arm-none-eabi/lib/thumb/v7e-m+fp/hard/libc_nano.a(lib_a-lock.o)
 .ARM.attributes
                0x00000000000008af       0x1e /home/yuxuan/st/stm32cubeide_1.11.0/plugins/com.st.stm32cube.ide.mcu.externaltools.gnu-tools-for-stm32.10.3-2021.10.linux64_1.0.100.202210260954/tools/bin/../lib/gcc/arm-none-eabi/10.3.1/thumb/v7e-m+fp/hard/libgcc.a(_arm_addsubdf3.o)
 .ARM.attributes
                0x00000000000008cd       0x1e /home/yuxuan/st/stm32cubeide_1.11.0/plugins/com.st.stm32cube.ide.mcu.externaltools.gnu-tools-for-stm32.10.3-2021.10.linux64_1.0.100.202210260954/tools/bin/../lib/gcc/arm-none-eabi/10.3.1/thumb/v7e-m+fp/hard/libgcc.a(_arm_muldivdf3.o)
 .ARM.attributes
                0x00000000000008eb       0x1e /home/yuxuan/st/stm32cubeide_1.11.0/plugins/com.st.stm32cube.ide.mcu.externaltools.gnu-tools-for-stm32.10.3-2021.10.linux64_1.0.100.202210260954/tools/bin/../lib/gcc/arm-none-eabi/10.3.1/thumb/v7e-m+fp/hard/libgcc.a(_arm_fixdfsi.o)
 .ARM.attributes
                0x0000000000000909       0x1e /home/yuxuan/st/stm32cubeide_1.11.0/plugins/com.st.stm32cube.ide.mcu.externaltools.gnu-tools-for-stm32.10.3-2021.10.linux64_1.0.100.202210260954/tools/bin/../lib/gcc/arm-none-eabi/10.3.1/thumb/v7e-m+fp/hard/libgcc.a(_arm_truncdfsf2.o)
 .ARM.attributes
                0x0000000000000927       0x1e /home/yuxuan/st/stm32cubeide_1.11.0/plugins/com.st.stm32cube.ide.mcu.externaltools.gnu-tools-for-stm32.10.3-2021.10.linux64_1.0.100.202210260954/tools/bin/../lib/gcc/arm-none-eabi/10.3.1/thumb/v7e-m+fp/hard/libgcc.a(_aeabi_uldivmod.o)
 .ARM.attributes
                0x0000000000000945       0x34 /home/yuxuan/st/stm32cubeide_1.11.0/plugins/com.st.stm32cube.ide.mcu.externaltools.gnu-tools-for-stm32.10.3-2021.10.linux64_1.0.100.202210260954/tools/bin/../lib/gcc/arm-none-eabi/10.3.1/thumb/v7e-m+fp/hard/libgcc.a(_udivmoddi4.o)
 .ARM.attributes
                0x0000000000000979       0x1e /home/yuxuan/st/stm32cubeide_1.11.0/plugins/com.st.stm32cube.ide.mcu.externaltools.gnu-tools-for-stm32.10.3-2021.10.linux64_1.0.100.202210260954/tools/bin/../lib/gcc/arm-none-eabi/10.3.1/thumb/v7e-m+fp/hard/libgcc.a(_dvmd_tls.o)
 .ARM.attributes
                0x0000000000000997       0x1e /home/yuxuan/st/stm32cubeide_1.11.0/plugins/com.st.stm32cube.ide.mcu.externaltools.gnu-tools-for-stm32.10.3-2021.10.linux64_1.0.100.202210260954/tools/bin/../lib/gcc/arm-none-eabi/10.3.1/thumb/v7e-m+fp/hard/crtn.o
OUTPUT(Pros_Ctrl_Normal.elf elf32-littlearm)
LOAD linker stubs
LOAD /home/yuxuan/st/stm32cubeide_1.11.0/plugins/com.st.stm32cube.ide.mcu.externaltools.gnu-tools-for-stm32.10.3-2021.10.linux64_1.0.100.202210260954/tools/bin/../lib/gcc/arm-none-eabi/10.3.1/../../../../arm-none-eabi/lib/thumb/v7e-m+fp/hard/libc.a
LOAD /home/yuxuan/st/stm32cubeide_1.11.0/plugins/com.st.stm32cube.ide.mcu.externaltools.gnu-tools-for-stm32.10.3-2021.10.linux64_1.0.100.202210260954/tools/bin/../lib/gcc/arm-none-eabi/10.3.1/../../../../arm-none-eabi/lib/thumb/v7e-m+fp/hard/libm.a
LOAD /home/yuxuan/st/stm32cubeide_1.11.0/plugins/com.st.stm32cube.ide.mcu.externaltools.gnu-tools-for-stm32.10.3-2021.10.linux64_1.0.100.202210260954/tools/bin/../lib/gcc/arm-none-eabi/10.3.1/thumb/v7e-m+fp/hard/libgcc.a

.debug_info     0x0000000000000000    0x12bf5
 .debug_info    0x0000000000000000      0x6bf ./App_/Src/debug_uart.o
 .debug_info    0x00000000000006bf     0x1013 ./App_/Src/motor.o
 .debug_info    0x00000000000016d2      0x28b ./App_/Src/msg.o
 .debug_info    0x000000000000195d      0x916 ./App_/Src/uart_communication.o
 .debug_info    0x0000000000002273      0xb7b ./Core/Src/can.o
 .debug_info    0x0000000000002dee      0x54f ./Core/Src/dma.o
 .debug_info    0x000000000000333d      0x4c7 ./Core/Src/gpio.o
 .debug_info    0x0000000000003804      0xbd7 ./Core/Src/main.o
 .debug_info    0x00000000000043db      0x2c4 ./Core/Src/stm32f4xx_hal_msp.o
 .debug_info    0x000000000000469f      0xc91 ./Core/Src/stm32f4xx_hal_timebase_tim.o
 .debug_info    0x0000000000005330      0xe9d ./Core/Src/stm32f4xx_it.o
 .debug_info    0x00000000000061cd      0x171 ./Core/Src/sysmem.o
 .debug_info    0x000000000000633e      0x53f ./Core/Src/system_stm32f4xx.o
 .debug_info    0x000000000000687d      0xdb0 ./Core/Src/usart.o
 .debug_info    0x000000000000762d       0x22 ./Core/Startup/startup_stm32f427iihx.o
 .debug_info    0x000000000000764f      0x9e8 ./Drivers/STM32F4xx_HAL_Driver/Src/stm32f4xx_hal.o
 .debug_info    0x0000000000008037      0xfc8 ./Drivers/STM32F4xx_HAL_Driver/Src/stm32f4xx_hal_can.o
 .debug_info    0x0000000000008fff      0xe45 ./Drivers/STM32F4xx_HAL_Driver/Src/stm32f4xx_hal_cortex.o
 .debug_info    0x0000000000009e44      0x94f ./Drivers/STM32F4xx_HAL_Driver/Src/stm32f4xx_hal_dma.o
 .debug_info    0x000000000000a793      0x786 ./Drivers/STM32F4xx_HAL_Driver/Src/stm32f4xx_hal_gpio.o
 .debug_info    0x000000000000af19      0x982 ./Drivers/STM32F4xx_HAL_Driver/Src/stm32f4xx_hal_rcc.o
 .debug_info    0x000000000000b89b     0x2bbe ./Drivers/STM32F4xx_HAL_Driver/Src/stm32f4xx_hal_tim.o
 .debug_info    0x000000000000e459     0x15e0 ./Drivers/STM32F4xx_HAL_Driver/Src/stm32f4xx_hal_tim_ex.o
 .debug_info    0x000000000000fa39     0x31bc ./Drivers/STM32F4xx_HAL_Driver/Src/stm32f4xx_hal_uart.o

.debug_abbrev   0x0000000000000000     0x2d2a
 .debug_abbrev  0x0000000000000000      0x1cb ./App_/Src/debug_uart.o
 .debug_abbrev  0x00000000000001cb      0x2d0 ./App_/Src/motor.o
 .debug_abbrev  0x000000000000049b      0x10a ./App_/Src/msg.o
 .debug_abbrev  0x00000000000005a5      0x21d ./App_/Src/uart_communication.o
 .debug_abbrev  0x00000000000007c2      0x21f ./Core/Src/can.o
 .debug_abbrev  0x00000000000009e1      0x115 ./Core/Src/dma.o
 .debug_abbrev  0x0000000000000af6      0x146 ./Core/Src/gpio.o
 .debug_abbrev  0x0000000000000c3c      0x268 ./Core/Src/main.o
 .debug_abbrev  0x0000000000000ea4       0xd4 ./Core/Src/stm32f4xx_hal_msp.o
 .debug_abbrev  0x0000000000000f78      0x1e6 ./Core/Src/stm32f4xx_hal_timebase_tim.o
 .debug_abbrev  0x000000000000115e      0x1d4 ./Core/Src/stm32f4xx_it.o
 .debug_abbrev  0x0000000000001332       0xbb ./Core/Src/sysmem.o
 .debug_abbrev  0x00000000000013ed      0x116 ./Core/Src/system_stm32f4xx.o
 .debug_abbrev  0x0000000000001503      0x245 ./Core/Src/usart.o
 .debug_abbrev  0x0000000000001748       0x12 ./Core/Startup/startup_stm32f427iihx.o
 .debug_abbrev  0x000000000000175a      0x20d ./Drivers/STM32F4xx_HAL_Driver/Src/stm32f4xx_hal.o
 .debug_abbrev  0x0000000000001967      0x22e ./Drivers/STM32F4xx_HAL_Driver/Src/stm32f4xx_hal_can.o
 .debug_abbrev  0x0000000000001b95      0x316 ./Drivers/STM32F4xx_HAL_Driver/Src/stm32f4xx_hal_cortex.o
 .debug_abbrev  0x0000000000001eab      0x25b ./Drivers/STM32F4xx_HAL_Driver/Src/stm32f4xx_hal_dma.o
 .debug_abbrev  0x0000000000002106      0x1c4 ./Drivers/STM32F4xx_HAL_Driver/Src/stm32f4xx_hal_gpio.o
 .debug_abbrev  0x00000000000022ca      0x2aa ./Drivers/STM32F4xx_HAL_Driver/Src/stm32f4xx_hal_rcc.o
 .debug_abbrev  0x0000000000002574      0x25d ./Drivers/STM32F4xx_HAL_Driver/Src/stm32f4xx_hal_tim.o
 .debug_abbrev  0x00000000000027d1      0x265 ./Drivers/STM32F4xx_HAL_Driver/Src/stm32f4xx_hal_tim_ex.o
 .debug_abbrev  0x0000000000002a36      0x2f4 ./Drivers/STM32F4xx_HAL_Driver/Src/stm32f4xx_hal_uart.o

.debug_aranges  0x0000000000000000      0xf60
 .debug_aranges
                0x0000000000000000       0x20 ./App_/Src/debug_uart.o
 .debug_aranges
                0x0000000000000020       0x90 ./App_/Src/motor.o
 .debug_aranges
                0x00000000000000b0       0x28 ./App_/Src/msg.o
 .debug_aranges
                0x00000000000000d8       0x48 ./App_/Src/uart_communication.o
 .debug_aranges
                0x0000000000000120       0x30 ./Core/Src/can.o
 .debug_aranges
                0x0000000000000150       0x20 ./Core/Src/dma.o
 .debug_aranges
                0x0000000000000170       0x20 ./Core/Src/gpio.o
 .debug_aranges
                0x0000000000000190       0x38 ./Core/Src/main.o
 .debug_aranges
                0x00000000000001c8       0x20 ./Core/Src/stm32f4xx_hal_msp.o
 .debug_aranges
                0x00000000000001e8       0x30 ./Core/Src/stm32f4xx_hal_timebase_tim.o
 .debug_aranges
                0x0000000000000218       0xa0 ./Core/Src/stm32f4xx_it.o
 .debug_aranges
                0x00000000000002b8       0x20 ./Core/Src/sysmem.o
 .debug_aranges
                0x00000000000002d8       0x28 ./Core/Src/system_stm32f4xx.o
 .debug_aranges
                0x0000000000000300       0x40 ./Core/Src/usart.o
 .debug_aranges
                0x0000000000000340       0x28 ./Core/Startup/startup_stm32f427iihx.o
 .debug_aranges
                0x0000000000000368      0x100 ./Drivers/STM32F4xx_HAL_Driver/Src/stm32f4xx_hal.o
 .debug_aranges
                0x0000000000000468      0x138 ./Drivers/STM32F4xx_HAL_Driver/Src/stm32f4xx_hal_can.o
 .debug_aranges
                0x00000000000005a0      0x118 ./Drivers/STM32F4xx_HAL_Driver/Src/stm32f4xx_hal_cortex.o
 .debug_aranges
                0x00000000000006b8       0x90 ./Drivers/STM32F4xx_HAL_Driver/Src/stm32f4xx_hal_dma.o
 .debug_aranges
                0x0000000000000748       0x58 ./Drivers/STM32F4xx_HAL_Driver/Src/stm32f4xx_hal_gpio.o
 .debug_aranges
                0x00000000000007a0       0x88 ./Drivers/STM32F4xx_HAL_Driver/Src/stm32f4xx_hal_rcc.o
 .debug_aranges
                0x0000000000000828      0x3d0 ./Drivers/STM32F4xx_HAL_Driver/Src/stm32f4xx_hal_tim.o
 .debug_aranges
                0x0000000000000bf8      0x168 ./Drivers/STM32F4xx_HAL_Driver/Src/stm32f4xx_hal_tim_ex.o
 .debug_aranges
                0x0000000000000d60      0x200 ./Drivers/STM32F4xx_HAL_Driver/Src/stm32f4xx_hal_uart.o

.debug_ranges   0x0000000000000000      0xe18
 .debug_ranges  0x0000000000000000       0x10 ./App_/Src/debug_uart.o
 .debug_ranges  0x0000000000000010       0x80 ./App_/Src/motor.o
 .debug_ranges  0x0000000000000090       0x18 ./App_/Src/msg.o
 .debug_ranges  0x00000000000000a8       0x38 ./App_/Src/uart_communication.o
 .debug_ranges  0x00000000000000e0       0x20 ./Core/Src/can.o
 .debug_ranges  0x0000000000000100       0x10 ./Core/Src/dma.o
 .debug_ranges  0x0000000000000110       0x10 ./Core/Src/gpio.o
 .debug_ranges  0x0000000000000120       0x28 ./Core/Src/main.o
 .debug_ranges  0x0000000000000148       0x10 ./Core/Src/stm32f4xx_hal_msp.o
 .debug_ranges  0x0000000000000158       0x20 ./Core/Src/stm32f4xx_hal_timebase_tim.o
 .debug_ranges  0x0000000000000178       0x90 ./Core/Src/stm32f4xx_it.o
 .debug_ranges  0x0000000000000208       0x10 ./Core/Src/sysmem.o
 .debug_ranges  0x0000000000000218       0x18 ./Core/Src/system_stm32f4xx.o
 .debug_ranges  0x0000000000000230       0x30 ./Core/Src/usart.o
 .debug_ranges  0x0000000000000260       0x20 ./Core/Startup/startup_stm32f427iihx.o
 .debug_ranges  0x0000000000000280       0xf0 ./Drivers/STM32F4xx_HAL_Driver/Src/stm32f4xx_hal.o
 .debug_ranges  0x0000000000000370      0x128 ./Drivers/STM32F4xx_HAL_Driver/Src/stm32f4xx_hal_can.o
 .debug_ranges  0x0000000000000498      0x108 ./Drivers/STM32F4xx_HAL_Driver/Src/stm32f4xx_hal_cortex.o
 .debug_ranges  0x00000000000005a0       0x80 ./Drivers/STM32F4xx_HAL_Driver/Src/stm32f4xx_hal_dma.o
 .debug_ranges  0x0000000000000620       0x48 ./Drivers/STM32F4xx_HAL_Driver/Src/stm32f4xx_hal_gpio.o
 .debug_ranges  0x0000000000000668       0x78 ./Drivers/STM32F4xx_HAL_Driver/Src/stm32f4xx_hal_rcc.o
 .debug_ranges  0x00000000000006e0      0x3c0 ./Drivers/STM32F4xx_HAL_Driver/Src/stm32f4xx_hal_tim.o
 .debug_ranges  0x0000000000000aa0      0x158 ./Drivers/STM32F4xx_HAL_Driver/Src/stm32f4xx_hal_tim_ex.o
 .debug_ranges  0x0000000000000bf8      0x220 ./Drivers/STM32F4xx_HAL_Driver/Src/stm32f4xx_hal_uart.o

.debug_macro    0x0000000000000000    0x24aaf
 .debug_macro   0x0000000000000000      0x354 ./App_/Src/debug_uart.o
 .debug_macro   0x0000000000000354      0xa78 ./App_/Src/debug_uart.o
 .debug_macro   0x0000000000000dcc      0x2a1 ./App_/Src/debug_uart.o
 .debug_macro   0x000000000000106d       0x2e ./App_/Src/debug_uart.o
 .debug_macro   0x000000000000109b       0x28 ./App_/Src/debug_uart.o
 .debug_macro   0x00000000000010c3       0x22 ./App_/Src/debug_uart.o
 .debug_macro   0x00000000000010e5       0x8e ./App_/Src/debug_uart.o
 .debug_macro   0x0000000000001173       0x51 ./App_/Src/debug_uart.o
 .debug_macro   0x00000000000011c4      0x103 ./App_/Src/debug_uart.o
 .debug_macro   0x00000000000012c7       0x6a ./App_/Src/debug_uart.o
 .debug_macro   0x0000000000001331      0x1df ./App_/Src/debug_uart.o
 .debug_macro   0x0000000000001510       0x1c ./App_/Src/debug_uart.o
 .debug_macro   0x000000000000152c       0x22 ./App_/Src/debug_uart.o
 .debug_macro   0x000000000000154e       0xd9 ./App_/Src/debug_uart.o
 .debug_macro   0x0000000000001627     0x102d ./App_/Src/debug_uart.o
 .debug_macro   0x0000000000002654      0x11f ./App_/Src/debug_uart.o
 .debug_macro   0x0000000000002773    0x178a0 ./App_/Src/debug_uart.o
 .debug_macro   0x000000000001a013       0x6d ./App_/Src/debug_uart.o
 .debug_macro   0x000000000001a080     0x36f5 ./App_/Src/debug_uart.o
 .debug_macro   0x000000000001d775      0x174 ./App_/Src/debug_uart.o
 .debug_macro   0x000000000001d8e9       0x5c ./App_/Src/debug_uart.o
 .debug_macro   0x000000000001d945      0xc6d ./App_/Src/debug_uart.o
 .debug_macro   0x000000000001e5b2      0x9fe ./App_/Src/debug_uart.o
 .debug_macro   0x000000000001efb0      0x115 ./App_/Src/debug_uart.o
 .debug_macro   0x000000000001f0c5      0x16f ./App_/Src/debug_uart.o
 .debug_macro   0x000000000001f234       0xa5 ./App_/Src/debug_uart.o
 .debug_macro   0x000000000001f2d9      0x182 ./App_/Src/debug_uart.o
 .debug_macro   0x000000000001f45b      0x287 ./App_/Src/debug_uart.o
 .debug_macro   0x000000000001f6e2       0x5f ./App_/Src/debug_uart.o
 .debug_macro   0x000000000001f741      0x236 ./App_/Src/debug_uart.o
 .debug_macro   0x000000000001f977      0x40f ./App_/Src/debug_uart.o
 .debug_macro   0x000000000001fd86      0x132 ./App_/Src/debug_uart.o
 .debug_macro   0x000000000001feb8      0x41d ./App_/Src/debug_uart.o
 .debug_macro   0x00000000000202d5       0x2e ./App_/Src/debug_uart.o
 .debug_macro   0x0000000000020303      0x11a ./App_/Src/debug_uart.o
 .debug_macro   0x000000000002041d       0xe2 ./App_/Src/debug_uart.o
 .debug_macro   0x00000000000204ff       0x89 ./App_/Src/debug_uart.o
 .debug_macro   0x0000000000020588      0x8e6 ./App_/Src/debug_uart.o
 .debug_macro   0x0000000000020e6e       0x47 ./App_/Src/debug_uart.o
 .debug_macro   0x0000000000020eb5      0x295 ./App_/Src/debug_uart.o
 .debug_macro   0x000000000002114a      0x134 ./App_/Src/debug_uart.o
 .debug_macro   0x000000000002127e       0x52 ./App_/Src/debug_uart.o
 .debug_macro   0x00000000000212d0       0x1e ./App_/Src/debug_uart.o
 .debug_macro   0x00000000000212ee       0x3c ./App_/Src/debug_uart.o
 .debug_macro   0x000000000002132a       0x34 ./App_/Src/debug_uart.o
 .debug_macro   0x000000000002135e       0x16 ./App_/Src/debug_uart.o
 .debug_macro   0x0000000000021374       0x35 ./App_/Src/debug_uart.o
 .debug_macro   0x00000000000213a9      0x341 ./App_/Src/debug_uart.o
 .debug_macro   0x00000000000216ea       0x10 ./App_/Src/debug_uart.o
 .debug_macro   0x00000000000216fa       0x16 ./App_/Src/debug_uart.o
 .debug_macro   0x0000000000021710       0x43 ./App_/Src/debug_uart.o
 .debug_macro   0x0000000000021753       0x34 ./App_/Src/debug_uart.o
 .debug_macro   0x0000000000021787       0x10 ./App_/Src/debug_uart.o
 .debug_macro   0x0000000000021797       0x58 ./App_/Src/debug_uart.o
 .debug_macro   0x00000000000217ef       0x71 ./App_/Src/debug_uart.o
 .debug_macro   0x0000000000021860       0x1c ./App_/Src/debug_uart.o
 .debug_macro   0x000000000002187c      0x12a ./App_/Src/debug_uart.o
 .debug_macro   0x00000000000219a6       0x10 ./App_/Src/debug_uart.o
 .debug_macro   0x00000000000219b6       0x1c ./App_/Src/debug_uart.o
 .debug_macro   0x00000000000219d2       0x52 ./App_/Src/debug_uart.o
 .debug_macro   0x0000000000021a24       0x22 ./App_/Src/debug_uart.o
 .debug_macro   0x0000000000021a46       0x10 ./App_/Src/debug_uart.o
 .debug_macro   0x0000000000021a56       0x52 ./App_/Src/debug_uart.o
 .debug_macro   0x0000000000021aa8       0xd5 ./App_/Src/debug_uart.o
 .debug_macro   0x0000000000021b7d       0x1c ./App_/Src/debug_uart.o
 .debug_macro   0x0000000000021b99       0x3d ./App_/Src/debug_uart.o
 .debug_macro   0x0000000000021bd6       0x16 ./App_/Src/debug_uart.o
 .debug_macro   0x0000000000021bec      0x145 ./App_/Src/debug_uart.o
 .debug_macro   0x0000000000021d31       0x4c ./App_/Src/debug_uart.o
 .debug_macro   0x0000000000021d7d      0x222 ./App_/Src/motor.o
 .debug_macro   0x0000000000021f9f      0x1ec ./App_/Src/msg.o
 .debug_macro   0x000000000002218b      0x368 ./App_/Src/uart_communication.o
 .debug_macro   0x00000000000224f3      0x1ec ./Core/Src/can.o
 .debug_macro   0x00000000000226df      0x1ec ./Core/Src/dma.o
 .debug_macro   0x00000000000228cb      0x1ec ./Core/Src/gpio.o
 .debug_macro   0x0000000000022ab7      0x222 ./Core/Src/main.o
 .debug_macro   0x0000000000022cd9      0x1e2 ./Core/Src/stm32f4xx_hal_msp.o
 .debug_macro   0x0000000000022ebb      0x1d8 ./Core/Src/stm32f4xx_hal_timebase_tim.o
 .debug_macro   0x0000000000023093      0x1ec ./Core/Src/stm32f4xx_it.o
 .debug_macro   0x000000000002327f       0xff ./Core/Src/sysmem.o
 .debug_macro   0x000000000002337e      0x23b ./Core/Src/sysmem.o
 .debug_macro   0x00000000000235b9      0x1d8 ./Core/Src/system_stm32f4xx.o
 .debug_macro   0x0000000000023791      0x1ec ./Core/Src/usart.o
 .debug_macro   0x000000000002397d      0x238 ./Drivers/STM32F4xx_HAL_Driver/Src/stm32f4xx_hal.o
 .debug_macro   0x0000000000023bb5      0x1e0 ./Drivers/STM32F4xx_HAL_Driver/Src/stm32f4xx_hal_can.o
 .debug_macro   0x0000000000023d95      0x1d8 ./Drivers/STM32F4xx_HAL_Driver/Src/stm32f4xx_hal_cortex.o
 .debug_macro   0x0000000000023f6d      0x1de ./Drivers/STM32F4xx_HAL_Driver/Src/stm32f4xx_hal_dma.o
 .debug_macro   0x000000000002414b      0x1de ./Drivers/STM32F4xx_HAL_Driver/Src/stm32f4xx_hal_gpio.o
 .debug_macro   0x0000000000024329      0x1fc ./Drivers/STM32F4xx_HAL_Driver/Src/stm32f4xx_hal_rcc.o
 .debug_macro   0x0000000000024525      0x1d9 ./Drivers/STM32F4xx_HAL_Driver/Src/stm32f4xx_hal_tim.o
 .debug_macro   0x00000000000246fe      0x1d8 ./Drivers/STM32F4xx_HAL_Driver/Src/stm32f4xx_hal_tim_ex.o
 .debug_macro   0x00000000000248d6      0x1d9 ./Drivers/STM32F4xx_HAL_Driver/Src/stm32f4xx_hal_uart.o

.debug_line     0x0000000000000000    0x13f67
 .debug_line    0x0000000000000000      0x915 ./App_/Src/debug_uart.o
 .debug_line    0x0000000000000915     0x10e6 ./App_/Src/motor.o
 .debug_line    0x00000000000019fb      0x7a6 ./App_/Src/msg.o
 .debug_line    0x00000000000021a1      0xa7f ./App_/Src/uart_communication.o
 .debug_line    0x0000000000002c20      0x747 ./Core/Src/can.o
 .debug_line    0x0000000000003367      0x6db ./Core/Src/dma.o
 .debug_line    0x0000000000003a42      0x6e8 ./Core/Src/gpio.o
 .debug_line    0x000000000000412a      0x806 ./Core/Src/main.o
 .debug_line    0x0000000000004930      0x6d6 ./Core/Src/stm32f4xx_hal_msp.o
 .debug_line    0x0000000000005006      0x750 ./Core/Src/stm32f4xx_hal_timebase_tim.o
 .debug_line    0x0000000000005756      0x854 ./Core/Src/stm32f4xx_it.o
 .debug_line    0x0000000000005faa      0x4ef ./Core/Src/sysmem.o