02:34:29 **** Incremental Build of configuration Debug for project Pros_Ctrl_RTOS ****
make -j16 all 
arm-none-eabi-gcc "../Core/Src/freertos.c" -mcpu=cortex-m4 -std=gnu11 -g3 -DDEBUG -DUSE_HAL_DRIVER -DSTM32F427xx -c -I../Core/Inc -I../Drivers/STM32F4xx_HAL_Driver/Inc -I../Drivers/STM32F4xx_HAL_Driver/Inc/Legacy -I../Drivers/CMSIS/Device/ST/STM32F4xx/Include -I../Drivers/CMSIS/Include -I../Middlewares/Third_Party/FreeRTOS/Source/include -I../Middlewares/Third_Party/FreeRTOS/Source/portable/GCC/ARM_CM4F -I"/home/yuxuan/Project/MPV_2023/Pros_Ctrl_RTOS/App/Inc" -I../Middlewares/Third_Party/FreeRTOS/Source/CMSIS_RTOS -O0 -ffunction-sections -fdata-sections -Wall -fstack-usage -MMD -MP -MF"Core/Src/freertos.d" -MT"Core/Src/freertos.o" --specs=nano.specs -mfpu=fpv4-sp-d16 -mfloat-abi=hard -mthumb -o "Core/Src/freertos.o"
arm-none-eabi-gcc -o "Pros_Ctrl_RTOS.elf" @"objects.list"   -mcpu=cortex-m4 -T"/home/yuxuan/Project/MPV_2023/Pros_Ctrl_RTOS/STM32F427IIHX_FLASH.ld" --specs=nosys.specs -Wl,-Map="Pros_Ctrl_RTOS.map" -Wl,--gc-sections -static --specs=nano.specs -mfpu=fpv4-sp-d16 -mfloat-abi=hard -mthumb -Wl,--start-group -lc -lm -Wl,--end-group
Finished building target: Pros_Ctrl_RTOS.elf
 
arm-none-eabi-size   Pros_Ctrl_RTOS.elf 
arm-none-eabi-objdump -h -S  Pros_Ctrl_RTOS.elf  > "Pros_Ctrl_RTOS.list"
   text	   data	    bss	    dec	    hex	filename
  39112	    316	  18988	  58416	   e430	Pros_Ctrl_RTOS.elf
Finished building: default.size.stdout
 
Finished building: Pros_Ctrl_RTOS.list
 
02:34:35 **** Incremental Build of configuration Debug for project Pros_Ctrl_RTOS ****
make -j16 all 
arm-none-eabi-size   Pros_Ctrl_RTOS.elf 
   text	   data	    bss	    dec	    hex	filename
  39112	    316	  18988	  58416	   e430	Pros_Ctrl_RTOS.elf
Finished building: default.size.stdout
 
02:35:59 **** Incremental Build of configuration Debug for project Pros_Ctrl_RTOS ****
make -j16 all 
arm-none-eabi-gcc "../Core/Src/freertos.c" -mcpu=cortex-m4 -std=gnu11 -g3 -DDEBUG -DUSE_HAL_DRIVER -DSTM32F427xx -c -I../Core/Inc -I../Drivers/STM32F4xx_HAL_Driver/Inc -I../Drivers/STM32F4xx_HAL_Driver/Inc/Legacy -I../Drivers/CMSIS/Device/ST/STM32F4xx/Include -I../Drivers/CMSIS/Include -I../Middlewares/Third_Party/FreeRTOS/Source/include -I../Middlewares/Third_Party/FreeRTOS/Source/portable/GCC/ARM_CM4F -I"/home/yuxuan/Project/MPV_2023/Pros_Ctrl_RTOS/App/Inc" -I../Middlewares/Third_Party/FreeRTOS/Source/CMSIS_RTOS -O0 -ffunction-sections -fdata-sections -Wall -fstack-usage -MMD -MP -MF"Core/Src/freertos.d" -MT"Core/Src/freertos.o" --specs=nano.specs -mfpu=fpv4-sp-d16 -mfloat-abi=hard -mthumb -o "Core/Src/freertos.o"
arm-none-eabi-gcc -o "Pros_Ctrl_RTOS.elf" @"objects.list"   -mcpu=cortex-m4 -T"/home/yuxuan/Project/MPV_2023/Pros_Ctrl_RTOS/STM32F427IIHX_FLASH.ld" --specs=nosys.specs -Wl,-Map="Pros_Ctrl_RTOS.map" -Wl,--gc-sections -static --specs=nano.specs -mfpu=fpv4-sp-d16 -mfloat-abi=hard -mthumb -Wl,--start-group -lc -lm -Wl,--end-group
Finished building target: Pros_Ctrl_RTOS.elf
 
arm-none-eabi-size   Pros_Ctrl_RTOS.elf 
arm-none-eabi-objdump -h -S  Pros_Ctrl_RTOS.elf  > "Pros_Ctrl_RTOS.list"
   text	   data	    bss	    dec	    hex	filename
  39112	    316	  18988	  58416	   e430	Pros_Ctrl_RTOS.elf
Finished building: default.size.stdout
 
Finished building: Pros_Ctrl_RTOS.list
 
02:36:50 **** Incremental Build of configuration Debug for project Pros_Ctrl_RTOS ****
make -j16 all 
arm-none-eabi-gcc "../Core/Src/freertos.c" -mcpu=cortex-m4 -std=gnu11 -g3 -DDEBUG -DUSE_HAL_DRIVER -DSTM32F427xx -c -I../Core/Inc -I../Drivers/STM32F4xx_HAL_Driver/Inc -I../Drivers/STM32F4xx_HAL_Driver/Inc/Legacy -I../Drivers/CMSIS/Device/ST/STM32F4xx/Include -I../Drivers/CMSIS/Include -I../Middlewares/Third_Party/FreeRTOS/Source/include -I../Middlewares/Third_Party/FreeRTOS/Source/portable/GCC/ARM_CM4F -I"/home/yuxuan/Project/MPV_2023/Pros_Ctrl_RTOS/App/Inc" -I../Middlewares/Third_Party/FreeRTOS/Source/CMSIS_RTOS -O0 -ffunction-sections -fdata-sections -Wall -fstack-usage -MMD -MP -MF"Core/Src/freertos.d" -MT"Core/Src/freertos.o" --specs=nano.specs -mfpu=fpv4-sp-d16 -mfloat-abi=hard -mthumb -o "Core/Src/freertos.o"
arm-none-eabi-gcc -o "Pros_Ctrl_RTOS.elf" @"objects.list"   -mcpu=cortex-m4 -T"/home/yuxuan/Project/MPV_2023/Pros_Ctrl_RTOS/STM32F427IIHX_FLASH.ld" --specs=nosys.specs -Wl,-Map="Pros_Ctrl_RTOS.map" -Wl,--gc-sections -static --specs=nano.specs -mfpu=fpv4-sp-d16 -mfloat-abi=hard -mthumb -Wl,--start-group -lc -lm -Wl,--end-group
Finished building target: Pros_Ctrl_RTOS.elf
 
arm-none-eabi-size   Pros_Ctrl_RTOS.elf 
arm-none-eabi-objdump -h -S  Pros_Ctrl_RTOS.elf  > "Pros_Ctrl_RTOS.list"
   text	   data	    bss	    dec	    hex	filename
  39112	    316	  18988	  58416	   e430	Pros_Ctrl_RTOS.elf
Finished building: default.size.stdout
 
Finished building: Pros_Ctrl_RTOS.list
 
